Archive member included because of file (symbol)

c:/program files (x86)/atmel/atmel toolchain/arm gcc/native/4.8.1429/arm-gnu-toolchain/bin/../lib/gcc/arm-none-eabi/4.8.3/armv6-m\libgcc.a(_udivsi3.o)
                              src/ASF/common2/services/delay/sam0/systick_counter.o (__aeabi_uidiv)
c:/program files (x86)/atmel/atmel toolchain/arm gcc/native/4.8.1429/arm-gnu-toolchain/bin/../lib/gcc/arm-none-eabi/4.8.3/armv6-m\libgcc.a(_dvmd_tls.o)
                              c:/program files (x86)/atmel/atmel toolchain/arm gcc/native/4.8.1429/arm-gnu-toolchain/bin/../lib/gcc/arm-none-eabi/4.8.3/armv6-m\libgcc.a(_udivsi3.o) (__aeabi_idiv0)
c:/program files (x86)/atmel/atmel toolchain/arm gcc/native/4.8.1429/arm-gnu-toolchain/bin/../lib/gcc/arm-none-eabi/4.8.3/armv6-m\libgcc.a(_muldi3.o)
                              src/ASF/sam0/drivers/sercom/sercom.o (__aeabi_lmul)
c:/program files (x86)/atmel/atmel toolchain/arm gcc/native/4.8.1429/arm-gnu-toolchain/bin/../lib/gcc/arm-none-eabi/4.8.3/../../../../arm-none-eabi/lib/armv6-m\libc_s.a(lib_a-exit.o)
                              c:/program files (x86)/atmel/atmel toolchain/arm gcc/native/4.8.1429/arm-gnu-toolchain/bin/../lib/gcc/arm-none-eabi/4.8.3/../../../../arm-none-eabi/lib/armv6-m/crt0.o (exit)
c:/program files (x86)/atmel/atmel toolchain/arm gcc/native/4.8.1429/arm-gnu-toolchain/bin/../lib/gcc/arm-none-eabi/4.8.3/../../../../arm-none-eabi/lib/armv6-m\libc_s.a(lib_a-impure.o)
                              c:/program files (x86)/atmel/atmel toolchain/arm gcc/native/4.8.1429/arm-gnu-toolchain/bin/../lib/gcc/arm-none-eabi/4.8.3/../../../../arm-none-eabi/lib/armv6-m\libc_s.a(lib_a-exit.o) (_global_impure_ptr)
c:/program files (x86)/atmel/atmel toolchain/arm gcc/native/4.8.1429/arm-gnu-toolchain/bin/../lib/gcc/arm-none-eabi/4.8.3/../../../../arm-none-eabi/lib/armv6-m\libc_s.a(lib_a-init.o)
                              c:/program files (x86)/atmel/atmel toolchain/arm gcc/native/4.8.1429/arm-gnu-toolchain/bin/../lib/gcc/arm-none-eabi/4.8.3/../../../../arm-none-eabi/lib/armv6-m/crt0.o (__libc_init_array)
c:/program files (x86)/atmel/atmel toolchain/arm gcc/native/4.8.1429/arm-gnu-toolchain/bin/../lib/gcc/arm-none-eabi/4.8.3/../../../../arm-none-eabi/lib/armv6-m\libc_s.a(lib_a-memcpy-stub.o)
                              src/ASF/sam0/drivers/sercom/sercom_interrupt.o (memcpy)
c:/program files (x86)/atmel/atmel toolchain/arm gcc/native/4.8.1429/arm-gnu-toolchain/bin/../lib/gcc/arm-none-eabi/4.8.3/../../../../arm-none-eabi/lib/armv6-m\libc_s.a(lib_a-memset.o)
                              c:/program files (x86)/atmel/atmel toolchain/arm gcc/native/4.8.1429/arm-gnu-toolchain/bin/../lib/gcc/arm-none-eabi/4.8.3/../../../../arm-none-eabi/lib/armv6-m/crt0.o (memset)
c:/program files (x86)/atmel/atmel toolchain/arm gcc/native/4.8.1429/arm-gnu-toolchain/bin/../lib/gcc/arm-none-eabi/4.8.3/../../../../arm-none-eabi/lib/armv6-m\libc_s.a(lib_a-printf.o)
                              src/ASF/sam0/utils/syscalls/gcc/syscalls.o (printf)
c:/program files (x86)/atmel/atmel toolchain/arm gcc/native/4.8.1429/arm-gnu-toolchain/bin/../lib/gcc/arm-none-eabi/4.8.3/../../../../arm-none-eabi/lib/armv6-m\libc_s.a(lib_a-puts.o)
                              src/main.o (puts)
c:/program files (x86)/atmel/atmel toolchain/arm gcc/native/4.8.1429/arm-gnu-toolchain/bin/../lib/gcc/arm-none-eabi/4.8.3/../../../../arm-none-eabi/lib/armv6-m\libc_s.a(lib_a-setbuf.o)
                              src/main.o (setbuf)
c:/program files (x86)/atmel/atmel toolchain/arm gcc/native/4.8.1429/arm-gnu-toolchain/bin/../lib/gcc/arm-none-eabi/4.8.3/../../../../arm-none-eabi/lib/armv6-m\libc_s.a(lib_a-setvbuf.o)
                              c:/program files (x86)/atmel/atmel toolchain/arm gcc/native/4.8.1429/arm-gnu-toolchain/bin/../lib/gcc/arm-none-eabi/4.8.3/../../../../arm-none-eabi/lib/armv6-m\libc_s.a(lib_a-setbuf.o) (setvbuf)
c:/program files (x86)/atmel/atmel toolchain/arm gcc/native/4.8.1429/arm-gnu-toolchain/bin/../lib/gcc/arm-none-eabi/4.8.3/../../../../arm-none-eabi/lib/armv6-m\libc_s.a(lib_a-strlen.o)
                              src/main.o (strlen)
c:/program files (x86)/atmel/atmel toolchain/arm gcc/native/4.8.1429/arm-gnu-toolchain/bin/../lib/gcc/arm-none-eabi/4.8.3/../../../../arm-none-eabi/lib/armv6-m\libc_s.a(lib_a-vfprintf.o)
                              c:/program files (x86)/atmel/atmel toolchain/arm gcc/native/4.8.1429/arm-gnu-toolchain/bin/../lib/gcc/arm-none-eabi/4.8.3/../../../../arm-none-eabi/lib/armv6-m\libc_s.a(lib_a-printf.o) (_vfprintf_r)
c:/program files (x86)/atmel/atmel toolchain/arm gcc/native/4.8.1429/arm-gnu-toolchain/bin/../lib/gcc/arm-none-eabi/4.8.3/../../../../arm-none-eabi/lib/armv6-m\libc_s.a(lib_a-wbuf.o)
                              c:/program files (x86)/atmel/atmel toolchain/arm gcc/native/4.8.1429/arm-gnu-toolchain/bin/../lib/gcc/arm-none-eabi/4.8.3/../../../../arm-none-eabi/lib/armv6-m\libc_s.a(lib_a-puts.o) (__swbuf_r)
[...]
Memory Configuration

Name             Origin             Length             Attributes
rom              0x00000000         0x00040000         xr
ram              0x20000000         0x00008000         xrw
*default*        0x00000000         0xffffffff

Linker script and memory map

LOAD c:/program files (x86)/atmel/atmel toolchain/arm gcc/native/4.8.1429/arm-gnu-toolchain/bin/../lib/gcc/arm-none-eabi/4.8.3/armv6-m/crti.o
LOAD c:/program files (x86)/atmel/atmel toolchain/arm gcc/native/4.8.1429/arm-gnu-toolchain/bin/../lib/gcc/arm-none-eabi/4.8.3/armv6-m/crtbegin.o
LOAD c:/program files (x86)/atmel/atmel toolchain/arm gcc/native/4.8.1429/arm-gnu-toolchain/bin/../lib/gcc/arm-none-eabi/4.8.3/../../../../arm-none-eabi/lib/armv6-m/crt0.o
LOAD src/ASF/sam0/drivers/port/port.o
LOAD src/ASF/sam0/drivers/sercom/sercom.o
LOAD src/ASF/sam0/utils/stdio/read.o
LOAD src/ASF/sam0/utils/stdio/write.o
LOAD src/ASF/sam0/drivers/sercom/usart/usart.o
LOAD src/ASF/sam0/drivers/sercom/usart/usart_interrupt.o
LOAD src/ASF/sam0/drivers/sercom/sercom_interrupt.o
LOAD src/ASF/common2/services/delay/sam0/systick_counter.o
LOAD src/ASF/common2/boards/user_board/init.o
LOAD src/ASF/common/utils/interrupt/interrupt_sam_nvic.o
LOAD src/ASF/sam0/drivers/system/clock/clock_samd20/clock.o
LOAD src/ASF/sam0/drivers/system/clock/clock_samd20/gclk.o
LOAD src/ASF/sam0/drivers/system/interrupt/system_interrupt.o
LOAD src/ASF/sam0/drivers/system/pinmux/pinmux.o
LOAD src/ASF/sam0/drivers/system/system.o
LOAD src/ASF/sam0/utils/cmsis/samd20/source/gcc/startup_samd20.o
LOAD src/ASF/sam0/utils/cmsis/samd20/source/system_samd20.o
LOAD src/ASF/sam0/utils/syscalls/gcc/syscalls.o
LOAD src/main.o
START GROUP
LOAD ../src/ASF/thirdparty/CMSIS/Lib/GCC\libarm_cortexM0l_math.a
LOAD c:/program files (x86)/atmel/atmel toolchain/arm gcc/native/4.8.1429/arm-gnu-toolchain/bin/../lib/gcc/arm-none-eabi/4.8.3/../../../../arm-none-eabi/lib/armv6-m\libm.a
END GROUP
START GROUP
LOAD c:/program files (x86)/atmel/atmel toolchain/arm gcc/native/4.8.1429/arm-gnu-toolchain/bin/../lib/gcc/arm-none-eabi/4.8.3/armv6-m\libgcc.a
LOAD c:/program files (x86)/atmel/atmel toolchain/arm gcc/native/4.8.1429/arm-gnu-toolchain/bin/../lib/gcc/arm-none-eabi/4.8.3/../../../../arm-none-eabi/lib/armv6-m\libc_s.a
END GROUP
START GROUP
LOAD c:/program files (x86)/atmel/atmel toolchain/arm gcc/native/4.8.1429/arm-gnu-toolchain/bin/../lib/gcc/arm-none-eabi/4.8.3/armv6-m\libgcc.a
LOAD c:/program files (x86)/atmel/atmel toolchain/arm gcc/native/4.8.1429/arm-gnu-toolchain/bin/../lib/gcc/arm-none-eabi/4.8.3/../../../../arm-none-eabi/lib/armv6-m\libc_s.a
END GROUP
LOAD c:/program files (x86)/atmel/atmel toolchain/arm gcc/native/4.8.1429/arm-gnu-toolchain/bin/../lib/gcc/arm-none-eabi/4.8.3/armv6-m/crtend.o
LOAD c:/program files (x86)/atmel/atmel toolchain/arm gcc/native/4.8.1429/arm-gnu-toolchain/bin/../lib/gcc/arm-none-eabi/4.8.3/armv6-m/crtn.o
                0x00002000                STACK_SIZE = DEFINED (STACK_SIZE)?STACK_SIZE:DEFINED (__stack_size__)?__stack_size__:0x2000

.text           0x00000000     0x3344
                0x00000000                . = ALIGN (0x4)
                0x00000000                _sfixed = .
 *(.vectors .vectors.*)
 .vectors       0x00000000       0xa4 src/ASF/sam0/utils/cmsis/samd20/source/gcc/startup_samd20.o
                0x00000000                exception_table
 *(.text .text.* .gnu.linkonce.t.*)
 .text          0x000000a4       0xbc c:/program files (x86)/atmel/atmel toolchain/arm gcc/native/4.8.1429/arm-gnu-toolchain/bin/../lib/gcc/arm-none-eabi/4.8.3/armv6-m/crtbegin.o
 .text.port_pin_set_config
                0x00000160       0x24 src/ASF/sam0/drivers/port/port.o
                0x00000160                port_pin_set_config
 .text._sercom_get_sync_baud_val
                0x00000184       0x28 src/ASF/sam0/drivers/sercom/sercom.o
                0x00000184                _sercom_get_sync_baud_val
 *fill*         0x000001ac        0x4 
 .text._sercom_get_async_baud_val
                0x000001b0      0x1b0 src/ASF/sam0/drivers/sercom/sercom.o
                0x000001b0                _sercom_get_async_baud_val
 .text.sercom_set_gclk_generator
                0x00000360       0x50 src/ASF/sam0/drivers/sercom/sercom.o
                0x00000360                sercom_set_gclk_generator
 .text._sercom_get_default_pad
                0x000003b0      0x188 src/ASF/sam0/drivers/sercom/sercom.o
                0x000003b0                _sercom_get_default_pad
 .text._sercom_get_sercom_inst_index
                0x00000538       0x3c src/ASF/sam0/drivers/sercom/sercom.o
                0x00000538                _sercom_get_sercom_inst_index
 .text._read    0x00000574       0x44 src/ASF/sam0/utils/stdio/read.o
                0x00000574                _read
 .text._write   0x000005b8       0x54 src/ASF/sam0/utils/stdio/write.o
                0x000005b8                _write
 .text.usart_init
                0x0000060c      0x234 src/ASF/sam0/drivers/sercom/usart/usart.o
                0x0000060c                usart_init
 .text.usart_write_wait
                0x00000840       0x30 src/ASF/sam0/drivers/sercom/usart/usart.o
                0x00000840                usart_write_wait
 .text.usart_read_wait
                0x00000870       0x58 src/ASF/sam0/drivers/sercom/usart/usart.o
                0x00000870                usart_read_wait
 .text.usart_write_buffer_wait
                0x000008c8       0xc4 src/ASF/sam0/drivers/sercom/usart/usart.o
                0x000008c8                usart_write_buffer_wait
 .text._usart_interrupt_handler
                0x0000098c      0x138 src/ASF/sam0/drivers/sercom/usart/usart_interrupt.o
                0x0000098c                _usart_interrupt_handler
 .text._sercom_default_handler
                0x00000ac4        0x4 src/ASF/sam0/drivers/sercom/sercom_interrupt.o
 .text._sercom_set_handler
                0x00000ac8       0x3c src/ASF/sam0/drivers/sercom/sercom_interrupt.o
                0x00000ac8                _sercom_set_handler
 .text._sercom_get_interrupt_vector
                0x00000b04       0x2c src/ASF/sam0/drivers/sercom/sercom_interrupt.o
                0x00000b04                _sercom_get_interrupt_vector
 .text.SERCOM0_Handler
                0x00000b30       0x10 src/ASF/sam0/drivers/sercom/sercom_interrupt.o
                0x00000b30                SERCOM0_Handler
 .text.SERCOM1_Handler
                0x00000b40       0x10 src/ASF/sam0/drivers/sercom/sercom_interrupt.o
                0x00000b40                SERCOM1_Handler
 .text.SERCOM2_Handler
                0x00000b50       0x10 src/ASF/sam0/drivers/sercom/sercom_interrupt.o
                0x00000b50                SERCOM2_Handler
 .text.SERCOM3_Handler
                0x00000b60       0x10 src/ASF/sam0/drivers/sercom/sercom_interrupt.o
                0x00000b60                SERCOM3_Handler
 .text.SERCOM4_Handler
                0x00000b70       0x10 src/ASF/sam0/drivers/sercom/sercom_interrupt.o
                0x00000b70                SERCOM4_Handler
 .text.SERCOM5_Handler
                0x00000b80       0x10 src/ASF/sam0/drivers/sercom/sercom_interrupt.o
                0x00000b80                SERCOM5_Handler
 .text.delay_cycles_ms
                0x00000b90       0x2c src/ASF/common2/services/delay/sam0/systick_counter.o
                0x00000b90                delay_cycles_ms
 .text.system_board_init
                0x00000bbc        0x4 src/ASF/common2/boards/user_board/init.o
                0x00000bbc                board_init
                0x00000bbc                system_board_init
 .text.cpu_irq_enter_critical
                0x00000bc0       0x40 src/ASF/common/utils/interrupt/interrupt_sam_nvic.o
                0x00000bc0                cpu_irq_enter_critical
 .text.cpu_irq_leave_critical
                0x00000c00       0x30 src/ASF/common/utils/interrupt/interrupt_sam_nvic.o
                0x00000c00                cpu_irq_leave_critical
 .text.system_clock_source_get_hz
                0x00000c30       0x80 src/ASF/sam0/drivers/system/clock/clock_samd20/clock.o
                0x00000c30                system_clock_source_get_hz
 .text.system_clock_source_osc8m_set_config
                0x00000cb0       0x3c src/ASF/sam0/drivers/system/clock/clock_samd20/clock.o
                0x00000cb0                system_clock_source_osc8m_set_config
 .text.system_clock_source_enable
                0x00000cec       0x94 src/ASF/sam0/drivers/system/clock/clock_samd20/clock.o
                0x00000cec                system_clock_source_enable
 .text.system_clock_init
                0x00000d80       0x78 src/ASF/sam0/drivers/system/clock/clock_samd20/clock.o
                0x00000d80                system_clock_init
 .text.system_gclk_init
                0x00000df8       0x24 src/ASF/sam0/drivers/system/clock/clock_samd20/gclk.o
                0x00000df8                system_gclk_init
 .text.system_gclk_gen_set_config
                0x00000e1c       0xb0 src/ASF/sam0/drivers/system/clock/clock_samd20/gclk.o
                0x00000e1c                system_gclk_gen_set_config
 .text.system_gclk_gen_enable
                0x00000ecc       0x40 src/ASF/sam0/drivers/system/clock/clock_samd20/gclk.o
                0x00000ecc                system_gclk_gen_enable
 .text.system_gclk_gen_get_hz
                0x00000f0c       0x84 src/ASF/sam0/drivers/system/clock/clock_samd20/gclk.o
                0x00000f0c                system_gclk_gen_get_hz
 .text.system_gclk_chan_enable
                0x00000f90       0x30 src/ASF/sam0/drivers/system/clock/clock_samd20/gclk.o
                0x00000f90                system_gclk_chan_enable
 .text.system_gclk_chan_disable
                0x00000fc0       0x60 src/ASF/sam0/drivers/system/clock/clock_samd20/gclk.o
                0x00000fc0                system_gclk_chan_disable
 .text.system_gclk_chan_set_config
                0x00001020       0x1c src/ASF/sam0/drivers/system/clock/clock_samd20/gclk.o
                0x00001020                system_gclk_chan_set_config
 .text.system_gclk_chan_get_hz
                0x0000103c       0x34 src/ASF/sam0/drivers/system/clock/clock_samd20/gclk.o
                0x0000103c                system_gclk_chan_get_hz
 .text._system_pinmux_config
                0x00001070       0x90 src/ASF/sam0/drivers/system/pinmux/pinmux.o
 .text.system_pinmux_pin_set_config
                0x00001100       0x2c src/ASF/sam0/drivers/system/pinmux/pinmux.o
                0x00001100                system_pinmux_pin_set_config
 .text._system_dummy_init
                0x0000112c        0x4 src/ASF/sam0/drivers/system/system.o
                0x0000112c                _system_events_init
                0x0000112c                _system_dummy_init
                0x0000112c                _system_extint_init
 .text.system_init
                0x00001130       0x24 src/ASF/sam0/drivers/system/system.o
                0x00001130                system_init
 .text.Dummy_Handler
                0x00001154        0x4 src/ASF/sam0/utils/cmsis/samd20/source/gcc/startup_samd20.o
                0x00001154                HardFault_Handler
                0x00001154                TC2_Handler
                0x00001154                AC_Handler
                0x00001154                SysTick_Handler
                0x00001154                PendSV_Handler
                0x00001154                NMI_Handler
                0x00001154                TC7_Handler
                0x00001154                ADC_Handler
                0x00001154                RTC_Handler
                0x00001154                EIC_Handler
                0x00001154                TC6_Handler
                0x00001154                WDT_Handler
                0x00001154                TC4_Handler
                0x00001154                TC1_Handler
                0x00001154                TC3_Handler
                0x00001154                Dummy_Handler
                0x00001154                PM_Handler
                0x00001154                SVC_Handler
                0x00001154                EVSYS_Handler
                0x00001154                NVMCTRL_Handler
                0x00001154                DAC_Handler
                0x00001154                PTC_Handler
                0x00001154                TC0_Handler
                0x00001154                TC5_Handler
                0x00001154                SYSCTRL_Handler
 .text.Reset_Handler
                0x00001158       0x90 src/ASF/sam0/utils/cmsis/samd20/source/gcc/startup_samd20.o
                0x00001158                Reset_Handler
 .text._sbrk    0x000011e8       0x24 src/ASF/sam0/utils/syscalls/gcc/syscalls.o
                0x000011e8                _sbrk
 .text._close   0x0000120c        0x8 src/ASF/sam0/utils/syscalls/gcc/syscalls.o
                0x0000120c                _close
 .text._fstat   0x00001214        0xc src/ASF/sam0/utils/syscalls/gcc/syscalls.o
                0x00001214                _fstat
 .text._isatty  0x00001220        0x4 src/ASF/sam0/utils/syscalls/gcc/syscalls.o
                0x00001220                _isatty
 .text._lseek   0x00001224        0x4 src/ASF/sam0/utils/syscalls/gcc/syscalls.o
                0x00001224                _lseek
 .text.usart_serial_getchar
                0x00001228       0x2c src/main.o
 .text.usart_serial_putchar
                0x00001254       0x18 src/main.o
 .text.configure_usart_CONSOLE
                0x0000126c      0x118 src/main.o
                0x0000126c                configure_usart_CONSOLE
 .text.write_DEBUG
                0x00001384       0x20 src/main.o
                0x00001384                write_DEBUG
 .text.configure_usart_STN
                0x000013a4       0xf0 src/main.o
                0x000013a4                configure_usart_STN
 .text.RcvResponseFromSTN
                0x00001494       0x30 src/main.o
                0x00001494                RcvResponseFromSTN
 .text.stn_rx_handler
                0x000014c4       0x44 src/main.o
                0x000014c4                stn_rx_handler
 .text.sendPID  0x00001508       0x70 src/main.o
                0x00001508                sendPID
 .text.LedInit  0x00001578       0x40 src/main.o
                0x00001578                LedInit
 .text.main     0x000015b8       0x78 src/main.o
                0x000015b8                main
 .text          0x00001630       0x9c c:/program files (x86)/atmel/atmel toolchain/arm gcc/native/4.8.1429/arm-gnu-toolchain/bin/../lib/gcc/arm-none-eabi/4.8.3/armv6-m\libgcc.a(_udivsi3.o)
                0x00001630                __aeabi_uidiv
                0x00001630                __udivsi3
                0x000016b8                __aeabi_uidivmod
 .text          0x000016cc        0x4 c:/program files (x86)/atmel/atmel toolchain/arm gcc/native/4.8.1429/arm-gnu-toolchain/bin/../lib/gcc/arm-none-eabi/4.8.3/armv6-m\libgcc.a(_dvmd_tls.o)
                0x000016cc                __aeabi_idiv0
                0x000016cc                __aeabi_ldiv0
 .text          0x000016d0       0x44 c:/program files (x86)/atmel/atmel toolchain/arm gcc/native/4.8.1429/arm-gnu-toolchain/bin/../lib/gcc/arm-none-eabi/4.8.3/armv6-m\libgcc.a(_muldi3.o)
                0x000016d0                __muldi3
                0x000016d0                __aeabi_lmul
 .text          0x00001714       0x48 c:/program files (x86)/atmel/atmel toolchain/arm gcc/native/4.8.1429/arm-gnu-toolchain/bin/../lib/gcc/arm-none-eabi/4.8.3/../../../../arm-none-eabi/lib/armv6-m\libc_s.a(lib_a-init.o)
                0x00001714                __libc_init_array
 .text          0x0000175c       0x84 c:/program files (x86)/atmel/atmel toolchain/arm gcc/native/4.8.1429/arm-gnu-toolchain/bin/../lib/gcc/arm-none-eabi/4.8.3/../../../../arm-none-eabi/lib/armv6-m\libc_s.a(lib_a-memcpy-stub.o)
                0x0000175c                memcpy
 .text          0x000017e0       0xbc c:/program files (x86)/atmel/atmel toolchain/arm gcc/native/4.8.1429/arm-gnu-toolchain/bin/../lib/gcc/arm-none-eabi/4.8.3/../../../../arm-none-eabi/lib/armv6-m\libc_s.a(lib_a-memset.o)
                0x000017e0                memset
 .text          0x0000189c       0x68 c:/program files (x86)/atmel/atmel toolchain/arm gcc/native/4.8.1429/arm-gnu-toolchain/bin/../lib/gcc/arm-none-eabi/4.8.3/../../../../arm-none-eabi/lib/armv6-m\libc_s.a(lib_a-printf.o)
                0x0000189c                _printf_r
                0x0000189c                _iprintf_r
                0x000018cc                iprintf
                0x000018cc                printf
 .text          0x00001904       0xe8 c:/program files (x86)/atmel/atmel toolchain/arm gcc/native/4.8.1429/arm-gnu-toolchain/bin/../lib/gcc/arm-none-eabi/4.8.3/../../../../arm-none-eabi/lib/armv6-m\libc_s.a(lib_a-puts.o)
                0x00001904                _puts_r
                0x000019d8                puts
 .text          0x000019ec       0x14 c:/program files (x86)/atmel/atmel toolchain/arm gcc/native/4.8.1429/arm-gnu-toolchain/bin/../lib/gcc/arm-none-eabi/4.8.3/../../../../arm-none-eabi/lib/armv6-m\libc_s.a(lib_a-setbuf.o)
                0x000019ec                setbuf
 .text          0x00001a00      0x12c c:/program files (x86)/atmel/atmel toolchain/arm gcc/native/4.8.1429/arm-gnu-toolchain/bin/../lib/gcc/arm-none-eabi/4.8.3/../../../../arm-none-eabi/lib/armv6-m\libc_s.a(lib_a-setvbuf.o)
                0x00001a00                setvbuf
 .text          0x00001b2c       0x10 c:/program files (x86)/atmel/atmel toolchain/arm gcc/native/4.8.1429/arm-gnu-toolchain/bin/../lib/gcc/arm-none-eabi/4.8.3/../../../../arm-none-eabi/lib/armv6-m\libc_s.a(lib_a-strlen.o)
                0x00001b2c                strlen
 .text          0x00001b3c      0x330 c:/program files (x86)/atmel/atmel toolchain/arm gcc/native/4.8.1429/arm-gnu-toolchain/bin/../lib/gcc/arm-none-eabi/4.8.3/../../../../arm-none-eabi/lib/armv6-m\libc_s.a(lib_a-vfprintf.o)
                0x00001b68                __sfputs_r
                0x00001ba4                __sprint_r
                0x00001bc0                _vfiprintf_r
                0x00001bc0                _vfprintf_r
                0x00001e50                vfprintf
                0x00001e50                vfiprintf
 .text          0x00001e6c       0xe4 c:/program files (x86)/atmel/atmel toolchain/arm gcc/native/4.8.1429/arm-gnu-toolchain/bin/../lib/gcc/arm-none-eabi/4.8.3/../../../../arm-none-eabi/lib/armv6-m\libc_s.a(lib_a-wbuf.o)
                0x00001e6c                __swbuf_r
                0x00001f38                __swbuf
 .text          0x00001f50      0x100 c:/program files (x86)/atmel/atmel toolchain/arm gcc/native/4.8.1429/arm-gnu-toolchain/bin/../lib/gcc/arm-none-eabi/4.8.3/../../../../arm-none-eabi/lib/armv6-m\libc_s.a(lib_a-wsetup.o)
                0x00001f50                __swsetup_r
 .text          0x00002050      0x1b8 c:/program files (x86)/atmel/atmel toolchain/arm gcc/native/4.8.1429/arm-gnu-toolchain/bin/../lib/gcc/arm-none-eabi/4.8.3/../../../../arm-none-eabi/lib/armv6-m\libc_s.a(lib_a-fflush.o)
                0x00002050                __sflush_r
                0x00002180                _fflush_r
                0x000021e0                fflush
 .text          0x00002208      0x264 c:/program files (x86)/atmel/atmel toolchain/arm gcc/native/4.8.1429/arm-gnu-toolchain/bin/../lib/gcc/arm-none-eabi/4.8.3/../../../../arm-none-eabi/lib/armv6-m\libc_s.a(lib_a-findfp.o)
                0x00002210                _cleanup_r
                0x00002248                __sfmoreglue
                0x00002278                _cleanup
                0x00002288                __sinit
                0x000023a0                __sfp
                0x0000242c                __sfp_lock_acquire
                0x00002430                __sfp_lock_release
                0x00002434                __sinit_lock_acquire
                0x00002438                __sinit_lock_release
                0x0000243c                __fp_lock_all
                0x00002454                __fp_unlock_all
 .text          0x0000246c      0x318 c:/program files (x86)/atmel/atmel toolchain/arm gcc/native/4.8.1429/arm-gnu-toolchain/bin/../lib/gcc/arm-none-eabi/4.8.3/../../../../arm-none-eabi/lib/armv6-m\libc_s.a(lib_a-fvwrite.o)
                0x0000246c                __sfvwrite_r
 .text          0x00002784       0x90 c:/program files (x86)/atmel/atmel toolchain/arm gcc/native/4.8.1429/arm-gnu-toolchain/bin/../lib/gcc/arm-none-eabi/4.8.3/../../../../arm-none-eabi/lib/armv6-m\libc_s.a(lib_a-fwalk.o)
                0x00002784                _fwalk
                0x000027c8                _fwalk_reent
 .text          0x00002814       0xa4 c:/program files (x86)/atmel/atmel toolchain/arm gcc/native/4.8.1429/arm-gnu-toolchain/bin/../lib/gcc/arm-none-eabi/4.8.3/../../../../arm-none-eabi/lib/armv6-m\libc_s.a(lib_a-makebuf.o)
                0x00002814                __smakebuf_r
 .text          0x000028b8       0x28 c:/program files (x86)/atmel/atmel toolchain/arm gcc/native/4.8.1429/arm-gnu-toolchain/bin/../lib/gcc/arm-none-eabi/4.8.3/../../../../arm-none-eabi/lib/armv6-m\libc_s.a(lib_a-malloc.o)
                0x000028b8                malloc
                0x000028cc                free
 .text          0x000028e0       0x84 c:/program files (x86)/atmel/atmel toolchain/arm gcc/native/4.8.1429/arm-gnu-toolchain/bin/../lib/gcc/arm-none-eabi/4.8.3/../../../../arm-none-eabi/lib/armv6-m\libc_s.a(lib_a-memchr-stub.o)
                0x000028e0                memchr
 .text          0x00002964       0xa4 c:/program files (x86)/atmel/atmel toolchain/arm gcc/native/4.8.1429/arm-gnu-toolchain/bin/../lib/gcc/arm-none-eabi/4.8.3/../../../../arm-none-eabi/lib/armv6-m\libc_s.a(lib_a-memmove.o)
                0x00002964                memmove
 .text          0x00002a08       0x90 c:/program files (x86)/atmel/atmel toolchain/arm gcc/native/4.8.1429/arm-gnu-toolchain/bin/../lib/gcc/arm-none-eabi/4.8.3/../../../../arm-none-eabi/lib/armv6-m\libc_s.a(lib_a-nano-freer.o)
                0x00002a08                _free_r
 .text          0x00002a98       0xb8 c:/program files (x86)/atmel/atmel toolchain/arm gcc/native/4.8.1429/arm-gnu-toolchain/bin/../lib/gcc/arm-none-eabi/4.8.3/../../../../arm-none-eabi/lib/armv6-m\libc_s.a(lib_a-nano-mallocr.o)
                0x00002a98                _malloc_r
 .text          0x00002b50       0x54 c:/program files (x86)/atmel/atmel toolchain/arm gcc/native/4.8.1429/arm-gnu-toolchain/bin/../lib/gcc/arm-none-eabi/4.8.3/../../../../arm-none-eabi/lib/armv6-m\libc_s.a(lib_a-nano-reallocr.o)
                0x00002b50                _realloc_r
 .text          0x00002ba4       0x24 c:/program files (x86)/atmel/atmel toolchain/arm gcc/native/4.8.1429/arm-gnu-toolchain/bin/../lib/gcc/arm-none-eabi/4.8.3/../../../../arm-none-eabi/lib/armv6-m\libc_s.a(lib_a-sbrkr.o)
                0x00002ba4                _sbrk_r
 .text          0x00002bc8       0x9c c:/program files (x86)/atmel/atmel toolchain/arm gcc/native/4.8.1429/arm-gnu-toolchain/bin/../lib/gcc/arm-none-eabi/4.8.3/../../../../arm-none-eabi/lib/armv6-m\libc_s.a(lib_a-stdio.o)
                0x00002bc8                __sread
                0x00002bf0                __seofread
                0x00002bf4                __swrite
                0x00002c2c                __sseek
                0x00002c58                __sclose
 .text          0x00002c64      0x388 c:/program files (x86)/atmel/atmel toolchain/arm gcc/native/4.8.1429/arm-gnu-toolchain/bin/../lib/gcc/arm-none-eabi/4.8.3/../../../../arm-none-eabi/lib/armv6-m\libc_s.a(lib_a-vfprintf_i.o)
                0x00002c64                _printf_common
                0x00002d74                _printf_i
 .text          0x00002fec       0x28 c:/program files (x86)/atmel/atmel toolchain/arm gcc/native/4.8.1429/arm-gnu-toolchain/bin/../lib/gcc/arm-none-eabi/4.8.3/../../../../arm-none-eabi/lib/armv6-m\libc_s.a(lib_a-writer.o)
                0x00002fec                _write_r
 .text          0x00003014       0x24 c:/program files (x86)/atmel/atmel toolchain/arm gcc/native/4.8.1429/arm-gnu-toolchain/bin/../lib/gcc/arm-none-eabi/4.8.3/../../../../arm-none-eabi/lib/armv6-m\libc_s.a(lib_a-closer.o)
                0x00003014                _close_r
 .text          0x00003038       0x28 c:/program files (x86)/atmel/atmel toolchain/arm gcc/native/4.8.1429/arm-gnu-toolchain/bin/../lib/gcc/arm-none-eabi/4.8.3/../../../../arm-none-eabi/lib/armv6-m\libc_s.a(lib_a-fstatr.o)
                0x00003038                _fstat_r
 .text          0x00003060       0x24 c:/program files (x86)/atmel/atmel toolchain/arm gcc/native/4.8.1429/arm-gnu-toolchain/bin/../lib/gcc/arm-none-eabi/4.8.3/../../../../arm-none-eabi/lib/armv6-m\libc_s.a(lib_a-isattyr.o)
                0x00003060                _isatty_r
 .text          0x00003084       0x28 c:/program files (x86)/atmel/atmel toolchain/arm gcc/native/4.8.1429/arm-gnu-toolchain/bin/../lib/gcc/arm-none-eabi/4.8.3/../../../../arm-none-eabi/lib/armv6-m\libc_s.a(lib_a-lseekr.o)
                0x00003084                _lseek_r
 .text          0x000030ac       0x14 c:/program files (x86)/atmel/atmel toolchain/arm gcc/native/4.8.1429/arm-gnu-toolchain/bin/../lib/gcc/arm-none-eabi/4.8.3/../../../../arm-none-eabi/lib/armv6-m\libc_s.a(lib_a-nano-msizer.o)
                0x000030ac                _malloc_usable_size_r
 .text          0x000030c0       0x28 c:/program files (x86)/atmel/atmel toolchain/arm gcc/native/4.8.1429/arm-gnu-toolchain/bin/../lib/gcc/arm-none-eabi/4.8.3/../../../../arm-none-eabi/lib/armv6-m\libc_s.a(lib_a-readr.o)
                0x000030c0                _read_r
 .text          0x000030e8       0xc0 c:/program files (x86)/atmel/atmel toolchain/arm gcc/native/4.8.1429/arm-gnu-toolchain/bin/../lib/gcc/arm-none-eabi/4.8.3/armv6-m\libgcc.a(_divsi3.o)
                0x000030e8                __divsi3
                0x000030e8                __aeabi_idiv
                0x00003194                __aeabi_idivmod
 *(.glue_7t)
 .glue_7t       0x00000000        0x0 linker stubs
 *(.glue_7)
 .glue_7        0x00000000        0x0 linker stubs
 *(.rodata .rodata* .gnu.linkonce.r.*)
 .rodata        0x000031a8       0x18 src/ASF/sam0/drivers/sercom/sercom.o
 .rodata        0x000031c0        0x8 src/ASF/sam0/drivers/sercom/sercom_interrupt.o
 .rodata.system_clock_source_get_hz
                0x000031c8       0x20 src/ASF/sam0/drivers/system/clock/clock_samd20/clock.o
 .rodata.system_clock_source_enable
                0x000031e8       0x20 src/ASF/sam0/drivers/system/clock/clock_samd20/clock.o
 .rodata.str1.4
                0x00003208       0x76 src/main.o
                                 0x78 (size before relaxing)
 *fill*         0x0000327e        0x2 
 .rodata        0x00003280        0x4 c:/program files (x86)/atmel/atmel toolchain/arm gcc/native/4.8.1429/arm-gnu-toolchain/bin/../lib/gcc/arm-none-eabi/4.8.3/../../../../arm-none-eabi/lib/armv6-m\libc_s.a(lib_a-impure.o)
                0x00003280                _global_impure_ptr
 .rodata.str1.4
                0x00003284        0x2 c:/program files (x86)/atmel/atmel toolchain/arm gcc/native/4.8.1429/arm-gnu-toolchain/bin/../lib/gcc/arm-none-eabi/4.8.3/../../../../arm-none-eabi/lib/armv6-m\libc_s.a(lib_a-impure.o)
                                  0x4 (size before relaxing)
 *fill*         0x00003286        0x2 
 .rodata.str1.4
                0x00003288       0x13 c:/program files (x86)/atmel/atmel toolchain/arm gcc/native/4.8.1429/arm-gnu-toolchain/bin/../lib/gcc/arm-none-eabi/4.8.3/../../../../arm-none-eabi/lib/armv6-m\libc_s.a(lib_a-vfprintf.o)
                                 0x14 (size before relaxing)
 *fill*         0x0000329b        0x1 
 .rodata        0x0000329c       0x60 c:/program files (x86)/atmel/atmel toolchain/arm gcc/native/4.8.1429/arm-gnu-toolchain/bin/../lib/gcc/arm-none-eabi/4.8.3/../../../../arm-none-eabi/lib/armv6-m\libc_s.a(lib_a-findfp.o)
                0x0000329c                __sf_fake_stderr
                0x000032bc                __sf_fake_stdout
                0x000032dc                __sf_fake_stdin
 .rodata.str1.4
                0x000032fc       0x28 c:/program files (x86)/atmel/atmel toolchain/arm gcc/native/4.8.1429/arm-gnu-toolchain/bin/../lib/gcc/arm-none-eabi/4.8.3/../../../../arm-none-eabi/lib/armv6-m\libc_s.a(lib_a-vfprintf_i.o)
 *(.ARM.extab* .gnu.linkonce.armextab.*)
                0x00003324                . = ALIGN (0x4)
 *(.init)
 .init          0x00003324        0x4 c:/program files (x86)/atmel/atmel toolchain/arm gcc/native/4.8.1429/arm-gnu-toolchain/bin/../lib/gcc/arm-none-eabi/4.8.3/armv6-m/crti.o
                0x00003324                _init
 .init          0x00003328        0x8 c:/program files (x86)/atmel/atmel toolchain/arm gcc/native/4.8.1429/arm-gnu-toolchain/bin/../lib/gcc/arm-none-eabi/4.8.3/armv6-m/crtn.o
                0x00003330                . = ALIGN (0x4)
                0x00003330                __preinit_array_start = .
 *(.preinit_array)
                0x00003330                __preinit_array_end = .
                0x00003330                . = ALIGN (0x4)
                0x00003330                __init_array_start = .
 *(SORT(.init_array.*))
 *(.init_array)
 .init_array    0x00003330        0x4 c:/program files (x86)/atmel/atmel toolchain/arm gcc/native/4.8.1429/arm-gnu-toolchain/bin/../lib/gcc/arm-none-eabi/4.8.3/armv6-m/crtbegin.o
                0x00003334                __init_array_end = .
                0x00003334                . = ALIGN (0x4)
 *crtbegin.o(.ctors)
 *(EXCLUDE_FILE(*crtend.o) .ctors)
 *(SORT(.ctors.*))
 *crtend.o(.ctors)
                0x00003334                . = ALIGN (0x4)
 *(.fini)
 .fini          0x00003334        0x4 c:/program files (x86)/atmel/atmel toolchain/arm gcc/native/4.8.1429/arm-gnu-toolchain/bin/../lib/gcc/arm-none-eabi/4.8.3/armv6-m/crti.o
                0x00003334                _fini
 .fini          0x00003338        0x8 c:/program files (x86)/atmel/atmel toolchain/arm gcc/native/4.8.1429/arm-gnu-toolchain/bin/../lib/gcc/arm-none-eabi/4.8.3/armv6-m/crtn.o
                0x00003340                . = ALIGN (0x4)
                0x00003340                __fini_array_start = .
 *(.fini_array)
 .fini_array    0x00003340        0x4 c:/program files (x86)/atmel/atmel toolchain/arm gcc/native/4.8.1429/arm-gnu-toolchain/bin/../lib/gcc/arm-none-eabi/4.8.3/armv6-m/crtbegin.o
 *(SORT(.fini_array.*))
                0x00003344                __fini_array_end = .
 *crtbegin.o(.dtors)
 *(EXCLUDE_FILE(*crtend.o) .dtors)
 *(SORT(.dtors.*))
 *crtend.o(.dtors)
                0x00003344                . = ALIGN (0x4)
                0x00003344                _efixed = .
                0x00003344                PROVIDE (__exidx_start, .)

.vfp11_veneer   0x00003344        0x0
 .vfp11_veneer  0x00000000        0x0 linker stubs

.v4_bx          0x00003344        0x0
 .v4_bx         0x00000000        0x0 linker stubs

.iplt           0x00003344        0x0
 .iplt          0x00000000        0x0 c:/program files (x86)/atmel/atmel toolchain/arm gcc/native/4.8.1429/arm-gnu-toolchain/bin/../lib/gcc/arm-none-eabi/4.8.3/armv6-m/crtbegin.o

.eh_frame       0x00003344        0x0
 .eh_frame      0x00003344        0x0 c:/program files (x86)/atmel/atmel toolchain/arm gcc/native/4.8.1429/arm-gnu-toolchain/bin/../lib/gcc/arm-none-eabi/4.8.3/armv6-m/crtbegin.o

.rel.dyn        0x00003344        0x0
 .rel.iplt      0x00000000        0x0 c:/program files (x86)/atmel/atmel toolchain/arm gcc/native/4.8.1429/arm-gnu-toolchain/bin/../lib/gcc/arm-none-eabi/4.8.3/armv6-m/crtbegin.o

.jcr            0x00003344        0x0
 .jcr           0x00003344        0x0 c:/program files (x86)/atmel/atmel toolchain/arm gcc/native/4.8.1429/arm-gnu-toolchain/bin/../lib/gcc/arm-none-eabi/4.8.3/armv6-m/crtbegin.o

.tm_clone_table
                0x00003344        0x0
 .tm_clone_table
                0x00003344        0x0 c:/program files (x86)/atmel/atmel toolchain/arm gcc/native/4.8.1429/arm-gnu-toolchain/bin/../lib/gcc/arm-none-eabi/4.8.3/armv6-m/crtbegin.o
 .tm_clone_table
                0x00003344        0x0 c:/program files (x86)/atmel/atmel toolchain/arm gcc/native/4.8.1429/arm-gnu-toolchain/bin/../lib/gcc/arm-none-eabi/4.8.3/armv6-m/crtend.o

.igot.plt       0x00003344        0x0
 .igot.plt      0x00000000        0x0 c:/program files (x86)/atmel/atmel toolchain/arm gcc/native/4.8.1429/arm-gnu-toolchain/bin/../lib/gcc/arm-none-eabi/4.8.3/armv6-m/crtbegin.o

.ARM.exidx
 *(.ARM.exidx* .gnu.linkonce.armexidx.*)
                0x00003344                PROVIDE (__exidx_end, .)
                0x00003344                . = ALIGN (0x4)
                0x00003344                _etext = .

.relocate       0x20000000       0x6c load address 0x00003344
                0x20000000                . = ALIGN (0x4)
                0x20000000                _srelocate = .
 *(.ramfunc .ramfunc.*)
 *(.data .data.*)
 .data.cycles_per_ms
                0x20000000        0x4 src/ASF/common2/services/delay/sam0/systick_counter.o
 .data.g_interrupt_enabled
                0x20000004        0x1 src/ASF/common/utils/interrupt/interrupt_sam_nvic.o
                0x20000004                g_interrupt_enabled
 *fill*         0x20000005        0x3 
 .data          0x20000008       0x64 c:/program files (x86)/atmel/atmel toolchain/arm gcc/native/4.8.1429/arm-gnu-toolchain/bin/../lib/gcc/arm-none-eabi/4.8.3/../../../../arm-none-eabi/lib/armv6-m\libc_s.a(lib_a-impure.o)
                0x20000008                _impure_ptr
                0x2000006c                . = ALIGN (0x4)
                0x2000006c                _erelocate = .

.bss            0x2000006c      0x13c load address 0x000033b0
                0x2000006c                . = ALIGN (0x4)
                0x2000006c                _sbss = .
                0x2000006c                _szero = .
 *(.bss .bss.*)
 .bss           0x2000006c       0x1c c:/program files (x86)/atmel/atmel toolchain/arm gcc/native/4.8.1429/arm-gnu-toolchain/bin/../lib/gcc/arm-none-eabi/4.8.3/armv6-m/crtbegin.o
 .bss._sercom_config
                0x20000088        0x4 src/ASF/sam0/drivers/sercom/sercom.o
 .bss._handler_table_initialized
                0x2000008c        0x1 src/ASF/sam0/drivers/sercom/sercom_interrupt.o
 *fill*         0x2000008d        0x3 
 .bss._sercom_interrupt_handlers
                0x20000090       0x18 src/ASF/sam0/drivers/sercom/sercom_interrupt.o
 .bss.cpu_irq_critical_section_counter
                0x200000a8        0x4 src/ASF/common/utils/interrupt/interrupt_sam_nvic.o
 .bss.cpu_irq_prev_interrupt_state
                0x200000ac        0x1 src/ASF/common/utils/interrupt/interrupt_sam_nvic.o
 *fill*         0x200000ad        0x3 
 .bss._system_clock_inst
                0x200000b0       0x14 src/ASF/sam0/drivers/system/clock/clock_samd20/clock.o
 .bss.heap.5088
                0x200000c4        0x4 src/ASF/sam0/utils/syscalls/gcc/syscalls.o
 .bss.STNResBuff
                0x200000c8       0x64 src/main.o
 .bss.RcvCount  0x2000012c        0x1 src/main.o
 .bss.STNRcvCompleteFlag
                0x2000012d        0x1 src/main.o
 *fill*         0x2000012e        0x2 
 .bss           0x20000130        0x8 c:/program files (x86)/atmel/atmel toolchain/arm gcc/native/4.8.1429/arm-gnu-toolchain/bin/../lib/gcc/arm-none-eabi/4.8.3/../../../../arm-none-eabi/lib/armv6-m\libc_s.a(lib_a-nano-mallocr.o)
                0x20000130                __malloc_free_list
                0x20000134                __malloc_sbrk_start
 *(COMMON)
 COMMON         0x20000138        0x4 src/ASF/sam0/utils/stdio/read.o
                0x20000138                ptr_get
 COMMON         0x2000013c        0x8 src/ASF/sam0/utils/stdio/write.o
                0x2000013c                ptr_put
                0x20000140                stdio_base
 COMMON         0x20000144       0x18 src/ASF/sam0/drivers/sercom/sercom_interrupt.o
                0x20000144                _sercom_instances
 COMMON         0x2000015c       0x48 src/main.o
                0x2000015c                usart_instance_STN
                0x20000180                usart_instance_CONSOLE
 COMMON         0x200001a4        0x4 c:/program files (x86)/atmel/atmel toolchain/arm gcc/native/4.8.1429/arm-gnu-toolchain/bin/../lib/gcc/arm-none-eabi/4.8.3/../../../../arm-none-eabi/lib/armv6-m\libc_s.a(lib_a-reent.o)
                0x200001a4                errno
                0x200001a8                . = ALIGN (0x4)
                0x200001a8                _ebss = .
                0x200001a8                _ezero = .

.stack          0x200001a8     0x2000 load address 0x000034ec
                0x200001a8                . = ALIGN (0x8)
                0x200001a8                _sstack = .
                0x200021a8                . = (. + STACK_SIZE)
 *fill*         0x200001a8     0x2000 
                0x200021a8                . = ALIGN (0x8)
                0x200021a8                _estack = .
                0x200021a8                . = ALIGN (0x4)
                0x200021a8                _end = .
OUTPUT(SAMD20Interns.elf elf32-littlearm)

.ARM.attributes
                0x00000000       0x28
 .ARM.attributes
                0x00000000       0x1e c:/program files (x86)/atmel/atmel toolchain/arm gcc/native/4.8.1429/arm-gnu-toolchain/bin/../lib/gcc/arm-none-eabi/4.8.3/armv6-m/crti.o
 .ARM.attributes
                0x0000001e       0x2c c:/program files (x86)/atmel/atmel toolchain/arm gcc/native/4.8.1429/arm-gnu-toolchain/bin/../lib/gcc/arm-none-eabi/4.8.3/armv6-m/crtbegin.o
 .ARM.attributes
                0x0000004a       0x32 src/ASF/sam0/drivers/port/port.o
 .ARM.attributes
                0x0000007c       0x32 src/ASF/sam0/drivers/sercom/sercom.o
 .ARM.attributes
                0x000000ae       0x32 src/ASF/sam0/utils/stdio/read.o
 .ARM.attributes
                0x000000e0       0x32 src/ASF/sam0/utils/stdio/write.o
 .ARM.attributes
                0x00000112       0x32 src/ASF/sam0/drivers/sercom/usart/usart.o
 .ARM.attributes
                0x00000144       0x32 src/ASF/sam0/drivers/sercom/usart/usart_interrupt.o
 .ARM.attributes
                0x00000176       0x32 src/ASF/sam0/drivers/sercom/sercom_interrupt.o
 .ARM.attributes
                0x000001a8       0x32 src/ASF/common2/services/delay/sam0/systick_counter.o
 .ARM.attributes
                0x000001da       0x32 src/ASF/common2/boards/user_board/init.o
 .ARM.attributes
                0x0000020c       0x32 src/ASF/common/utils/interrupt/interrupt_sam_nvic.o
 .ARM.attributes
                0x0000023e       0x32 src/ASF/sam0/drivers/system/clock/clock_samd20/clock.o
 .ARM.attributes
                0x00000270       0x32 src/ASF/sam0/drivers/system/clock/clock_samd20/gclk.o
 .ARM.attributes
                0x000002a2       0x32 src/ASF/sam0/drivers/system/pinmux/pinmux.o
 .ARM.attributes
                0x000002d4       0x32 src/ASF/sam0/drivers/system/system.o
 .ARM.attributes
                0x00000306       0x32 src/ASF/sam0/utils/cmsis/samd20/source/gcc/startup_samd20.o
 .ARM.attributes
                0x00000338       0x32 src/ASF/sam0/utils/syscalls/gcc/syscalls.o
 .ARM.attributes
                0x0000036a       0x32 src/main.o
 .ARM.attributes
                0x0000039c       0x1e c:/program files (x86)/atmel/atmel toolchain/arm gcc/native/4.8.1429/arm-gnu-toolchain/bin/../lib/gcc/arm-none-eabi/4.8.3/armv6-m\libgcc.a(_udivsi3.o)
 .ARM.attributes
                0x000003ba       0x1e c:/program files (x86)/atmel/atmel toolchain/arm gcc/native/4.8.1429/arm-gnu-toolchain/bin/../lib/gcc/arm-none-eabi/4.8.3/armv6-m\libgcc.a(_dvmd_tls.o)
 .ARM.attributes
                0x000003d8       0x2c c:/program files (x86)/atmel/atmel toolchain/arm gcc/native/4.8.1429/arm-gnu-toolchain/bin/../lib/gcc/arm-none-eabi/4.8.3/armv6-m\libgcc.a(_muldi3.o)
 .ARM.attributes
                0x00000404       0x2c c:/program files (x86)/atmel/atmel toolchain/arm gcc/native/4.8.1429/arm-gnu-toolchain/bin/../lib/gcc/arm-none-eabi/4.8.3/../../../../arm-none-eabi/lib/armv6-m\libc_s.a(lib_a-impure.o)
 .ARM.attributes
                0x00000430       0x2c c:/program files (x86)/atmel/atmel toolchain/arm gcc/native/4.8.1429/arm-gnu-toolchain/bin/../lib/gcc/arm-none-eabi/4.8.3/../../../../arm-none-eabi/lib/armv6-m\libc_s.a(lib_a-init.o)
 .ARM.attributes
                0x0000045c       0x2c c:/program files (x86)/atmel/atmel toolchain/arm gcc/native/4.8.1429/arm-gnu-toolchain/bin/../lib/gcc/arm-none-eabi/4.8.3/../../../../arm-none-eabi/lib/armv6-m\libc_s.a(lib_a-memcpy-stub.o)
 .ARM.attributes
                0x00000488       0x2c c:/program files (x86)/atmel/atmel toolchain/arm gcc/native/4.8.1429/arm-gnu-toolchain/bin/../lib/gcc/arm-none-eabi/4.8.3/../../../../arm-none-eabi/lib/armv6-m\libc_s.a(lib_a-memset.o)
 .ARM.attributes
                0x000004b4       0x2c c:/program files (x86)/atmel/atmel toolchain/arm gcc/native/4.8.1429/arm-gnu-toolchain/bin/../lib/gcc/arm-none-eabi/4.8.3/../../../../arm-none-eabi/lib/armv6-m\libc_s.a(lib_a-printf.o)
 .ARM.attributes
                0x000004e0       0x2c c:/program files (x86)/atmel/atmel toolchain/arm gcc/native/4.8.1429/arm-gnu-toolchain/bin/../lib/gcc/arm-none-eabi/4.8.3/../../../../arm-none-eabi/lib/armv6-m\libc_s.a(lib_a-puts.o)
 .ARM.attributes
                0x0000050c       0x2c c:/program files (x86)/atmel/atmel toolchain/arm gcc/native/4.8.1429/arm-gnu-toolchain/bin/../lib/gcc/arm-none-eabi/4.8.3/../../../../arm-none-eabi/lib/armv6-m\libc_s.a(lib_a-setbuf.o)
 .ARM.attributes
                0x00000538       0x2c c:/program files (x86)/atmel/atmel toolchain/arm gcc/native/4.8.1429/arm-gnu-toolchain/bin/../lib/gcc/arm-none-eabi/4.8.3/../../../../arm-none-eabi/lib/armv6-m\libc_s.a(lib_a-setvbuf.o)
 .ARM.attributes
                0x00000564       0x2c c:/program files (x86)/atmel/atmel toolchain/arm gcc/native/4.8.1429/arm-gnu-toolchain/bin/../lib/gcc/arm-none-eabi/4.8.3/../../../../arm-none-eabi/lib/armv6-m\libc_s.a(lib_a-strlen.o)
 .ARM.attributes
                0x00000590       0x2c c:/program files (x86)/atmel/atmel toolchain/arm gcc/native/4.8.1429/arm-gnu-toolchain/bin/../lib/gcc/arm-none-eabi/4.8.3/../../../../arm-none-eabi/lib/armv6-m\libc_s.a(lib_a-vfprintf.o)
 .ARM.attributes
                0x000005bc       0x2c c:/program files (x86)/atmel/atmel toolchain/arm gcc/native/4.8.1429/arm-gnu-toolchain/bin/../lib/gcc/arm-none-eabi/4.8.3/../../../../arm-none-eabi/lib/armv6-m\libc_s.a(lib_a-wbuf.o)
 .ARM.attributes
                0x000005e8       0x2c c:/program files (x86)/atmel/atmel toolchain/arm gcc/native/4.8.1429/arm-gnu-toolchain/bin/../lib/gcc/arm-none-eabi/4.8.3/../../../../arm-none-eabi/lib/armv6-m\libc_s.a(lib_a-wsetup.o)
 .ARM.attributes
                0x00000614       0x2c c:/program files (x86)/atmel/atmel toolchain/arm gcc/native/4.8.1429/arm-gnu-toolchain/bin/../lib/gcc/arm-none-eabi/4.8.3/../../../../arm-none-eabi/lib/armv6-m\libc_s.a(lib_a-fflush.o)
 .ARM.attributes
                0x00000640       0x2c c:/program files (x86)/atmel/atmel toolchain/arm gcc/native/4.8.1429/arm-gnu-toolchain/bin/../lib/gcc/arm-none-eabi/4.8.3/../../../../arm-none-eabi/lib/armv6-m\libc_s.a(lib_a-findfp.o)
 .ARM.attributes
                0x0000066c       0x2c c:/program files (x86)/atmel/atmel toolchain/arm gcc/native/4.8.1429/arm-gnu-toolchain/bin/../lib/gcc/arm-none-eabi/4.8.3/../../../../arm-none-eabi/lib/armv6-m\libc_s.a(lib_a-fvwrite.o)
 .ARM.attributes
                0x00000698       0x2c c:/program files (x86)/atmel/atmel toolchain/arm gcc/native/4.8.1429/arm-gnu-toolchain/bin/../lib/gcc/arm-none-eabi/4.8.3/../../../../arm-none-eabi/lib/armv6-m\libc_s.a(lib_a-fwalk.o)
 .ARM.attributes
                0x000006c4       0x2c c:/program files (x86)/atmel/atmel toolchain/arm gcc/native/4.8.1429/arm-gnu-toolchain/bin/../lib/gcc/arm-none-eabi/4.8.3/../../../../arm-none-eabi/lib/armv6-m\libc_s.a(lib_a-makebuf.o)
 .ARM.attributes
                0x000006f0       0x2c c:/program files (x86)/atmel/atmel toolchain/arm gcc/native/4.8.1429/arm-gnu-toolchain/bin/../lib/gcc/arm-none-eabi/4.8.3/../../../../arm-none-eabi/lib/armv6-m\libc_s.a(lib_a-malloc.o)
 .ARM.attributes
                0x0000071c       0x2c c:/program files (x86)/atmel/atmel toolchain/arm gcc/native/4.8.1429/arm-gnu-toolchain/bin/../lib/gcc/arm-none-eabi/4.8.3/../../../../arm-none-eabi/lib/armv6-m\libc_s.a(lib_a-memchr-stub.o)
 .ARM.attributes
                0x00000748       0x2c c:/program files (x86)/atmel/atmel toolchain/arm gcc/native/4.8.1429/arm-gnu-toolchain/bin/../lib/gcc/arm-none-eabi/4.8.3/../../../../arm-none-eabi/lib/armv6-m\libc_s.a(lib_a-memmove.o)
 .ARM.attributes
                0x00000774       0x2c c:/program files (x86)/atmel/atmel toolchain/arm gcc/native/4.8.1429/arm-gnu-toolchain/bin/../lib/gcc/arm-none-eabi/4.8.3/../../../../arm-none-eabi/lib/armv6-m\libc_s.a(lib_a-nano-freer.o)
 .ARM.attributes
                0x000007a0       0x2c c:/program files (x86)/atmel/atmel toolchain/arm gcc/native/4.8.1429/arm-gnu-toolchain/bin/../lib/gcc/arm-none-eabi/4.8.3/../../../../arm-none-eabi/lib/armv6-m\libc_s.a(lib_a-nano-mallocr.o)
 .ARM.attributes
                0x000007cc       0x2c c:/program files (x86)/atmel/atmel toolchain/arm gcc/native/4.8.1429/arm-gnu-toolchain/bin/../lib/gcc/arm-none-eabi/4.8.3/../../../../arm-none-eabi/lib/armv6-m\libc_s.a(lib_a-nano-reallocr.o)
 .ARM.attributes
                0x000007f8       0x2c c:/program files (x86)/atmel/atmel toolchain/arm gcc/native/4.8.1429/arm-gnu-toolchain/bin/../lib/gcc/arm-none-eabi/4.8.3/../../../../arm-none-eabi/lib/armv6-m\libc_s.a(lib_a-sbrkr.o)
 .ARM.attributes
                0x00000824       0x2c c:/program files (x86)/atmel/atmel toolchain/arm gcc/native/4.8.1429/arm-gnu-toolchain/bin/../lib/gcc/arm-none-eabi/4.8.3/../../../../arm-none-eabi/lib/armv6-m\libc_s.a(lib_a-stdio.o)
 .ARM.attributes
                0x00000850       0x2c c:/program files (x86)/atmel/atmel toolchain/arm gcc/native/4.8.1429/arm-gnu-toolchain/bin/../lib/gcc/arm-none-eabi/4.8.3/../../../../arm-none-eabi/lib/armv6-m\libc_s.a(lib_a-vfprintf_i.o)
 .ARM.attributes
                0x0000087c       0x2c c:/program files (x86)/atmel/atmel toolchain/arm gcc/native/4.8.1429/arm-gnu-toolchain/bin/../lib/gcc/arm-none-eabi/4.8.3/../../../../arm-none-eabi/lib/armv6-m\libc_s.a(lib_a-writer.o)
 .ARM.attributes
                0x000008a8       0x2c c:/program files (x86)/atmel/atmel toolchain/arm gcc/native/4.8.1429/arm-gnu-toolchain/bin/../lib/gcc/arm-none-eabi/4.8.3/../../../../arm-none-eabi/lib/armv6-m\libc_s.a(lib_a-closer.o)
 .ARM.attributes
                0x000008d4       0x2c c:/program files (x86)/atmel/atmel toolchain/arm gcc/native/4.8.1429/arm-gnu-toolchain/bin/../lib/gcc/arm-none-eabi/4.8.3/../../../../arm-none-eabi/lib/armv6-m\libc_s.a(lib_a-fstatr.o)
 .ARM.attributes
                0x00000900       0x2c c:/program files (x86)/atmel/atmel toolchain/arm gcc/native/4.8.1429/arm-gnu-toolchain/bin/../lib/gcc/arm-none-eabi/4.8.3/../../../../arm-none-eabi/lib/armv6-m\libc_s.a(lib_a-isattyr.o)
 .ARM.attributes
                0x0000092c       0x2c c:/program files (x86)/atmel/atmel toolchain/arm gcc/native/4.8.1429/arm-gnu-toolchain/bin/../lib/gcc/arm-none-eabi/4.8.3/../../../../arm-none-eabi/lib/armv6-m\libc_s.a(lib_a-lseekr.o)
 .ARM.attributes
                0x00000958       0x2c c:/program files (x86)/atmel/atmel toolchain/arm gcc/native/4.8.1429/arm-gnu-toolchain/bin/../lib/gcc/arm-none-eabi/4.8.3/../../../../arm-none-eabi/lib/armv6-m\libc_s.a(lib_a-nano-msizer.o)
 .ARM.attributes
                0x00000984       0x2c c:/program files (x86)/atmel/atmel toolchain/arm gcc/native/4.8.1429/arm-gnu-toolchain/bin/../lib/gcc/arm-none-eabi/4.8.3/../../../../arm-none-eabi/lib/armv6-m\libc_s.a(lib_a-readr.o)
 .ARM.attributes
                0x000009b0       0x2c c:/program files (x86)/atmel/atmel toolchain/arm gcc/native/4.8.1429/arm-gnu-toolchain/bin/../lib/gcc/arm-none-eabi/4.8.3/../../../../arm-none-eabi/lib/armv6-m\libc_s.a(lib_a-reent.o)
 .ARM.attributes
                0x000009dc       0x1e c:/program files (x86)/atmel/atmel toolchain/arm gcc/native/4.8.1429/arm-gnu-toolchain/bin/../lib/gcc/arm-none-eabi/4.8.3/armv6-m\libgcc.a(_divsi3.o)
 .ARM.attributes
                0x000009fa       0x2c c:/program files (x86)/atmel/atmel toolchain/arm gcc/native/4.8.1429/arm-gnu-toolchain/bin/../lib/gcc/arm-none-eabi/4.8.3/armv6-m/crtend.o
 .ARM.attributes
                0x00000a26       0x1e c:/program files (x86)/atmel/atmel toolchain/arm gcc/native/4.8.1429/arm-gnu-toolchain/bin/../lib/gcc/arm-none-eabi/4.8.3/armv6-m/crtn.o

.comment        0x00000000       0x71
 .comment       0x00000000       0x71 c:/program files (x86)/atmel/atmel toolchain/arm gcc/native/4.8.1429/arm-gnu-toolchain/bin/../lib/gcc/arm-none-eabi/4.8.3/armv6-m/crtbegin.o
                                 0x72 (size before relaxing)
 .comment       0x00000000       0x72 src/ASF/sam0/drivers/port/port.o
 .comment       0x00000000       0x72 src/ASF/sam0/drivers/sercom/sercom.o
 .comment       0x00000000       0x72 src/ASF/sam0/utils/stdio/read.o
 .comment       0x00000000       0x72 src/ASF/sam0/utils/stdio/write.o
 .comment       0x00000000       0x72 src/ASF/sam0/drivers/sercom/usart/usart.o
 .comment       0x00000000       0x72 src/ASF/sam0/drivers/sercom/usart/usart_interrupt.o
 .comment       0x00000000       0x72 src/ASF/sam0/drivers/sercom/sercom_interrupt.o
 .comment       0x00000000       0x72 src/ASF/common2/services/delay/sam0/systick_counter.o
 .comment       0x00000000       0x72 src/ASF/common2/boards/user_board/init.o
 .comment       0x00000000       0x72 src/ASF/common/utils/interrupt/interrupt_sam_nvic.o
 .comment       0x00000000       0x72 src/ASF/sam0/drivers/system/clock/clock_samd20/clock.o
 .comment       0x00000000       0x72 src/ASF/sam0/drivers/system/clock/clock_samd20/gclk.o
 .comment       0x00000000       0x72 src/ASF/sam0/drivers/system/pinmux/pinmux.o
 .comment       0x00000000       0x72 src/ASF/sam0/drivers/system/system.o
 .comment       0x00000000       0x72 src/ASF/sam0/utils/cmsis/samd20/source/gcc/startup_samd20.o
 .comment       0x00000000       0x72 src/ASF/sam0/utils/syscalls/gcc/syscalls.o
 .comment       0x00000000       0x72 src/main.o
 .comment       0x00000000       0x72 c:/program files (x86)/atmel/atmel toolchain/arm gcc/native/4.8.1429/arm-gnu-toolchain/bin/../lib/gcc/arm-none-eabi/4.8.3/armv6-m/crtend.o

.debug_info     0x00000000    0x140cb
 .debug_info    0x00000000      0x948 src/ASF/sam0/drivers/port/port.o
 .debug_info    0x00000948     0x1d5b src/ASF/sam0/drivers/sercom/sercom.o
 .debug_info    0x000026a3      0x1b7 src/ASF/sam0/utils/stdio/read.o
 .debug_info    0x0000285a      0x1b4 src/ASF/sam0/utils/stdio/write.o
 .debug_info    0x00002a0e     0x38bf src/ASF/sam0/drivers/sercom/usart/usart.o
 .debug_info    0x000062cd     0x1f6f src/ASF/sam0/drivers/sercom/usart/usart_interrupt.o
 .debug_info    0x0000823c     0x1b52 src/ASF/sam0/drivers/sercom/sercom_interrupt.o
 .debug_info    0x00009d8e      0x25e src/ASF/common2/services/delay/sam0/systick_counter.o
 .debug_info    0x00009fec      0xa52 src/ASF/common2/boards/user_board/init.o
 .debug_info    0x0000aa3e      0x1e1 src/ASF/common/utils/interrupt/interrupt_sam_nvic.o
 .debug_info    0x0000ac1f     0x31fb src/ASF/sam0/drivers/system/clock/clock_samd20/clock.o
 .debug_info    0x0000de1a     0x141c src/ASF/sam0/drivers/system/clock/clock_samd20/gclk.o
 .debug_info    0x0000f236      0xa2d src/ASF/sam0/drivers/system/pinmux/pinmux.o
 .debug_info    0x0000fc63      0x164 src/ASF/sam0/drivers/system/system.o
 .debug_info    0x0000fdc7      0x478 src/ASF/sam0/utils/cmsis/samd20/source/gcc/startup_samd20.o
 .debug_info    0x0001023f      0x427 src/ASF/sam0/utils/syscalls/gcc/syscalls.o
 .debug_info    0x00010666     0x3a65 src/main.o

.debug_abbrev   0x00000000     0x2620
 .debug_abbrev  0x00000000      0x1e9 src/ASF/sam0/drivers/port/port.o
 .debug_abbrev  0x000001e9      0x2fd src/ASF/sam0/drivers/sercom/sercom.o
 .debug_abbrev  0x000004e6      0x108 src/ASF/sam0/utils/stdio/read.o
 .debug_abbrev  0x000005ee       0xf5 src/ASF/sam0/utils/stdio/write.o
 .debug_abbrev  0x000006e3      0x411 src/ASF/sam0/drivers/sercom/usart/usart.o
 .debug_abbrev  0x00000af4      0x3a4 src/ASF/sam0/drivers/sercom/usart/usart_interrupt.o
 .debug_abbrev  0x00000e98      0x22c src/ASF/sam0/drivers/sercom/sercom_interrupt.o
 .debug_abbrev  0x000010c4      0x13c src/ASF/common2/services/delay/sam0/systick_counter.o
 .debug_abbrev  0x00001200      0x1b8 src/ASF/common2/boards/user_board/init.o
 .debug_abbrev  0x000013b8       0xf6 src/ASF/common/utils/interrupt/interrupt_sam_nvic.o
 .debug_abbrev  0x000014ae      0x3d7 src/ASF/sam0/drivers/system/clock/clock_samd20/clock.o
 .debug_abbrev  0x00001885      0x350 src/ASF/sam0/drivers/system/clock/clock_samd20/gclk.o
 .debug_abbrev  0x00001bd5      0x296 src/ASF/sam0/drivers/system/pinmux/pinmux.o
 .debug_abbrev  0x00001e6b       0xb9 src/ASF/sam0/drivers/system/system.o
 .debug_abbrev  0x00001f24      0x12e src/ASF/sam0/utils/cmsis/samd20/source/gcc/startup_samd20.o
 .debug_abbrev  0x00002052      0x141 src/ASF/sam0/utils/syscalls/gcc/syscalls.o
 .debug_abbrev  0x00002193      0x48d src/main.o

.debug_loc      0x00000000     0x3fa6
 .debug_loc     0x00000000      0x16d src/ASF/sam0/drivers/port/port.o
 .debug_loc     0x0000016d      0x982 src/ASF/sam0/drivers/sercom/sercom.o
 .debug_loc     0x00000aef       0xfb src/ASF/sam0/utils/stdio/read.o
 .debug_loc     0x00000bea      0x140 src/ASF/sam0/utils/stdio/write.o
 .debug_loc     0x00000d2a      0xc72 src/ASF/sam0/drivers/sercom/usart/usart.o
 .debug_loc     0x0000199c      0x688 src/ASF/sam0/drivers/sercom/usart/usart_interrupt.o
 .debug_loc     0x00002024      0x16c src/ASF/sam0/drivers/sercom/sercom_interrupt.o
 .debug_loc     0x00002190       0xe4 src/ASF/common2/services/delay/sam0/systick_counter.o
 .debug_loc     0x00002274       0x1e src/ASF/common/utils/interrupt/interrupt_sam_nvic.o
 .debug_loc     0x00002292      0xfae src/ASF/sam0/drivers/system/clock/clock_samd20/clock.o
 .debug_loc     0x00003240      0x48e src/ASF/sam0/drivers/system/clock/clock_samd20/gclk.o
 .debug_loc     0x000036ce      0x2e3 src/ASF/sam0/drivers/system/pinmux/pinmux.o
 .debug_loc     0x000039b1       0x20 src/ASF/sam0/drivers/system/system.o
 .debug_loc     0x000039d1       0x7c src/ASF/sam0/utils/cmsis/samd20/source/gcc/startup_samd20.o
 .debug_loc     0x00003a4d      0x112 src/ASF/sam0/utils/syscalls/gcc/syscalls.o
 .debug_loc     0x00003b5f      0x447 src/main.o

.debug_aranges  0x00000000      0x470
 .debug_aranges
                0x00000000       0x28 src/ASF/sam0/drivers/port/port.o
 .debug_aranges
                0x00000028       0x40 src/ASF/sam0/drivers/sercom/sercom.o
 .debug_aranges
                0x00000068       0x20 src/ASF/sam0/utils/stdio/read.o
 .debug_aranges
                0x00000088       0x20 src/ASF/sam0/utils/stdio/write.o
 .debug_aranges
                0x000000a8       0x40 src/ASF/sam0/drivers/sercom/usart/usart.o
 .debug_aranges
                0x000000e8       0x70 src/ASF/sam0/drivers/sercom/usart/usart_interrupt.o
 .debug_aranges
                0x00000158       0x60 src/ASF/sam0/drivers/sercom/sercom_interrupt.o
 .debug_aranges
                0x000001b8       0x30 src/ASF/common2/services/delay/sam0/systick_counter.o
 .debug_aranges
                0x000001e8       0x20 src/ASF/common2/boards/user_board/init.o
 .debug_aranges
                0x00000208       0x28 src/ASF/common/utils/interrupt/interrupt_sam_nvic.o
 .debug_aranges
                0x00000230       0x70 src/ASF/sam0/drivers/system/clock/clock_samd20/clock.o
 .debug_aranges
                0x000002a0       0x80 src/ASF/sam0/drivers/system/clock/clock_samd20/gclk.o
 .debug_aranges
                0x00000320       0x38 src/ASF/sam0/drivers/system/pinmux/pinmux.o
 .debug_aranges
                0x00000358       0x28 src/ASF/sam0/drivers/system/system.o
 .debug_aranges
                0x00000380       0x28 src/ASF/sam0/utils/cmsis/samd20/source/gcc/startup_samd20.o
 .debug_aranges
                0x000003a8       0x60 src/ASF/sam0/utils/syscalls/gcc/syscalls.o
 .debug_aranges
                0x00000408       0x68 src/main.o

.debug_ranges   0x00000000      0x498
 .debug_ranges  0x00000000       0x18 src/ASF/sam0/drivers/port/port.o
 .debug_ranges  0x00000018       0x48 src/ASF/sam0/drivers/sercom/sercom.o
 .debug_ranges  0x00000060       0x10 src/ASF/sam0/utils/stdio/read.o
 .debug_ranges  0x00000070       0x10 src/ASF/sam0/utils/stdio/write.o
 .debug_ranges  0x00000080      0x120 src/ASF/sam0/drivers/sercom/usart/usart.o
 .debug_ranges  0x000001a0       0x60 src/ASF/sam0/drivers/sercom/usart/usart_interrupt.o
 .debug_ranges  0x00000200       0x50 src/ASF/sam0/drivers/sercom/sercom_interrupt.o
 .debug_ranges  0x00000250       0x50 src/ASF/common2/services/delay/sam0/systick_counter.o
 .debug_ranges  0x000002a0       0x10 src/ASF/common2/boards/user_board/init.o
 .debug_ranges  0x000002b0       0x18 src/ASF/common/utils/interrupt/interrupt_sam_nvic.o
 .debug_ranges  0x000002c8       0x60 src/ASF/sam0/drivers/system/clock/clock_samd20/clock.o
 .debug_ranges  0x00000328       0x70 src/ASF/sam0/drivers/system/clock/clock_samd20/gclk.o
 .debug_ranges  0x00000398       0x28 src/ASF/sam0/drivers/system/pinmux/pinmux.o
 .debug_ranges  0x000003c0       0x18 src/ASF/sam0/drivers/system/system.o
 .debug_ranges  0x000003d8       0x18 src/ASF/sam0/utils/cmsis/samd20/source/gcc/startup_samd20.o
 .debug_ranges  0x000003f0       0x50 src/ASF/sam0/utils/syscalls/gcc/syscalls.o
 .debug_ranges  0x00000440       0x58 src/main.o

.debug_macro    0x00000000    0x1207f
 .debug_macro   0x00000000      0x410 src/ASF/sam0/drivers/port/port.o
 .debug_macro   0x00000410      0x832 src/ASF/sam0/drivers/port/port.o
 .debug_macro   0x00000c42      0x166 src/ASF/sam0/drivers/port/port.o
 .debug_macro   0x00000da8      0x4b5 src/ASF/sam0/drivers/port/port.o
 .debug_macro   0x0000125d       0x52 src/ASF/sam0/drivers/port/port.o
 .debug_macro   0x000012af       0x16 src/ASF/sam0/drivers/port/port.o
 .debug_macro   0x000012c5       0x35 src/ASF/sam0/drivers/port/port.o
 .debug_macro   0x000012fa       0xa3 src/ASF/sam0/drivers/port/port.o
 .debug_macro   0x0000139d      0x20e src/ASF/sam0/drivers/port/port.o
 .debug_macro   0x000015ab       0x10 src/ASF/sam0/drivers/port/port.o
 .debug_macro   0x000015bb       0x76 src/ASF/sam0/drivers/port/port.o
 .debug_macro   0x00001631       0x16 src/ASF/sam0/drivers/port/port.o
 .debug_macro   0x00001647      0x6e2 src/ASF/sam0/drivers/port/port.o
 .debug_macro   0x00001d29      0xddf src/ASF/sam0/drivers/port/port.o
 .debug_macro   0x00002b08       0x22 src/ASF/sam0/drivers/port/port.o
 .debug_macro   0x00002b2a       0x40 src/ASF/sam0/drivers/port/port.o
 .debug_macro   0x00002b6a       0x3a src/ASF/sam0/drivers/port/port.o
 .debug_macro   0x00002ba4      0x24f src/ASF/sam0/drivers/port/port.o
 .debug_macro   0x00002df3      0x682 src/ASF/sam0/drivers/port/port.o
 .debug_macro   0x00003475      0x8bf src/ASF/sam0/drivers/port/port.o
 .debug_macro   0x00003d34      0x229 src/ASF/sam0/drivers/port/port.o
 .debug_macro   0x00003f5d      0x5bf src/ASF/sam0/drivers/port/port.o
 .debug_macro   0x0000451c      0x9f8 src/ASF/sam0/drivers/port/port.o
 .debug_macro   0x00004f14      0x5b5 src/ASF/sam0/drivers/port/port.o
 .debug_macro   0x000054c9      0x4b3 src/ASF/sam0/drivers/port/port.o
 .debug_macro   0x0000597c      0x74a src/ASF/sam0/drivers/port/port.o
 .debug_macro   0x000060c6       0x5e src/ASF/sam0/drivers/port/port.o
 .debug_macro   0x00006124      0x5e0 src/ASF/sam0/drivers/port/port.o
 .debug_macro   0x00006704      0x3b6 src/ASF/sam0/drivers/port/port.o
 .debug_macro   0x00006aba      0xc55 src/ASF/sam0/drivers/port/port.o
 .debug_macro   0x0000770f      0xd29 src/ASF/sam0/drivers/port/port.o
 .debug_macro   0x00008438      0x7b8 src/ASF/sam0/drivers/port/port.o
 .debug_macro   0x00008bf0      0x6bf src/ASF/sam0/drivers/port/port.o
 .debug_macro   0x000092af      0x34e src/ASF/sam0/drivers/port/port.o
 .debug_macro   0x000095fd       0x7c src/ASF/sam0/drivers/port/port.o
 .debug_macro   0x00009679       0x9a src/ASF/sam0/drivers/port/port.o
 .debug_macro   0x00009713       0x46 src/ASF/sam0/drivers/port/port.o
 .debug_macro   0x00009759       0xb2 src/ASF/sam0/drivers/port/port.o
 .debug_macro   0x0000980b       0x6a src/ASF/sam0/drivers/port/port.o
 .debug_macro   0x00009875      0x284 src/ASF/sam0/drivers/port/port.o
 .debug_macro   0x00009af9       0x82 src/ASF/sam0/drivers/port/port.o
 .debug_macro   0x00009b7b       0xb8 src/ASF/sam0/drivers/port/port.o
 .debug_macro   0x00009c33       0x1c src/ASF/sam0/drivers/port/port.o
 .debug_macro   0x00009c4f       0x1c src/ASF/sam0/drivers/port/port.o
 .debug_macro   0x00009c6b       0x1c src/ASF/sam0/drivers/port/port.o
 .debug_macro   0x00009c87       0x7c src/ASF/sam0/drivers/port/port.o
 .debug_macro   0x00009d03      0x161 src/ASF/sam0/drivers/port/port.o
 .debug_macro   0x00009e64       0xdc src/ASF/sam0/drivers/port/port.o
 .debug_macro   0x00009f40      0x103 src/ASF/sam0/drivers/port/port.o
 .debug_macro   0x0000a043      0x103 src/ASF/sam0/drivers/port/port.o
 .debug_macro   0x0000a146      0x103 src/ASF/sam0/drivers/port/port.o
 .debug_macro   0x0000a249      0x103 src/ASF/sam0/drivers/port/port.o
 .debug_macro   0x0000a34c      0x103 src/ASF/sam0/drivers/port/port.o
 .debug_macro   0x0000a44f      0x103 src/ASF/sam0/drivers/port/port.o
 .debug_macro   0x0000a552       0xfa src/ASF/sam0/drivers/port/port.o
 .debug_macro   0x0000a64c       0xbe src/ASF/sam0/drivers/port/port.o
 .debug_macro   0x0000a70a       0xbe src/ASF/sam0/drivers/port/port.o
 .debug_macro   0x0000a7c8       0xbe src/ASF/sam0/drivers/port/port.o
 .debug_macro   0x0000a886       0xbe src/ASF/sam0/drivers/port/port.o
 .debug_macro   0x0000a944       0xbe src/ASF/sam0/drivers/port/port.o
 .debug_macro   0x0000aa02       0xbe src/ASF/sam0/drivers/port/port.o
 .debug_macro   0x0000aac0       0xbe src/ASF/sam0/drivers/port/port.o
 .debug_macro   0x0000ab7e       0xbe src/ASF/sam0/drivers/port/port.o
 .debug_macro   0x0000ac3c       0x40 src/ASF/sam0/drivers/port/port.o
 .debug_macro   0x0000ac7c      0x2e3 src/ASF/sam0/drivers/port/port.o
 .debug_macro   0x0000af5f     0x19dd src/ASF/sam0/drivers/port/port.o
 .debug_macro   0x0000c93c       0x4a src/ASF/sam0/drivers/port/port.o
 .debug_macro   0x0000c986       0x16 src/ASF/sam0/drivers/port/port.o
 .debug_macro   0x0000c99c       0x35 src/ASF/sam0/drivers/port/port.o
 .debug_macro   0x0000c9d1       0x10 src/ASF/sam0/drivers/port/port.o
 .debug_macro   0x0000c9e1       0x3a src/ASF/sam0/drivers/port/port.o
 .debug_macro   0x0000ca1b       0x52 src/ASF/sam0/drivers/port/port.o
 .debug_macro   0x0000ca6d       0x16 src/ASF/sam0/drivers/port/port.o
 .debug_macro   0x0000ca83       0x43 src/ASF/sam0/drivers/port/port.o
 .debug_macro   0x0000cac6      0x180 src/ASF/sam0/drivers/port/port.o
 .debug_macro   0x0000cc46       0x10 src/ASF/sam0/drivers/port/port.o
 .debug_macro   0x0000cc56       0x22 src/ASF/sam0/drivers/port/port.o
 .debug_macro   0x0000cc78       0xbd src/ASF/sam0/drivers/port/port.o
 .debug_macro   0x0000cd35       0x16 src/ASF/sam0/drivers/port/port.o
 .debug_macro   0x0000cd4b      0x16c src/ASF/sam0/drivers/port/port.o
 .debug_macro   0x0000ceb7       0x16 src/ASF/sam0/drivers/port/port.o
 .debug_macro   0x0000cecd       0x16 src/ASF/sam0/drivers/port/port.o
 .debug_macro   0x0000cee3       0x29 src/ASF/sam0/drivers/port/port.o
 .debug_macro   0x0000cf0c       0x51 src/ASF/sam0/drivers/port/port.o
 .debug_macro   0x0000cf5d       0x3f src/ASF/sam0/drivers/port/port.o
 .debug_macro   0x0000cf9c      0x3df src/ASF/sam0/drivers/port/port.o
 .debug_macro   0x0000d37b       0x11 src/ASF/sam0/drivers/port/port.o
 .debug_macro   0x0000d38c       0x12 src/ASF/sam0/drivers/port/port.o
 .debug_macro   0x0000d39e      0x472 src/ASF/sam0/drivers/sercom/sercom.o
 .debug_macro   0x0000d810       0x2e src/ASF/sam0/drivers/sercom/sercom.o
 .debug_macro   0x0000d83e       0x94 src/ASF/sam0/drivers/sercom/sercom.o
 .debug_macro   0x0000d8d2       0x10 src/ASF/sam0/drivers/sercom/sercom.o
 .debug_macro   0x0000d8e2      0x3f6 src/ASF/sam0/utils/stdio/read.o
 .debug_macro   0x0000dcd8      0x3f6 src/ASF/sam0/utils/stdio/write.o
 .debug_macro   0x0000e0ce      0x47f src/ASF/sam0/drivers/sercom/usart/usart.o
 .debug_macro   0x0000e54d       0x19 src/ASF/sam0/drivers/sercom/usart/usart.o
 .debug_macro   0x0000e566      0x47f src/ASF/sam0/drivers/sercom/usart/usart_interrupt.o
 .debug_macro   0x0000e9e5      0x46f src/ASF/sam0/drivers/sercom/sercom_interrupt.o
 .debug_macro   0x0000ee54      0x429 src/ASF/common2/services/delay/sam0/systick_counter.o
 .debug_macro   0x0000f27d       0x16 src/ASF/common2/services/delay/sam0/systick_counter.o
 .debug_macro   0x0000f293       0x16 src/ASF/common2/services/delay/sam0/systick_counter.o
 .debug_macro   0x0000f2a9      0x4f3 src/ASF/common2/boards/user_board/init.o
 .debug_macro   0x0000f79c      0x237 src/ASF/common2/boards/user_board/init.o
 .debug_macro   0x0000f9d3       0x1f src/ASF/common2/boards/user_board/init.o
 .debug_macro   0x0000f9f2      0x3f6 src/ASF/common/utils/interrupt/interrupt_sam_nvic.o
 .debug_macro   0x0000fde8      0x4f0 src/ASF/sam0/drivers/system/clock/clock_samd20/clock.o
 .debug_macro   0x000102d8      0x218 src/ASF/sam0/drivers/system/clock/clock_samd20/clock.o
 .debug_macro   0x000104f0      0x423 src/ASF/sam0/drivers/system/clock/clock_samd20/gclk.o
 .debug_macro   0x00010913      0x408 src/ASF/sam0/drivers/system/pinmux/pinmux.o
 .debug_macro   0x00010d1b      0x41e src/ASF/sam0/drivers/system/system.o
 .debug_macro   0x00011139      0x28b src/ASF/sam0/utils/cmsis/samd20/source/gcc/startup_samd20.o
 .debug_macro   0x000113c4       0x3a src/ASF/sam0/utils/cmsis/samd20/source/gcc/startup_samd20.o
 .debug_macro   0x000113fe      0x129 src/ASF/sam0/utils/syscalls/gcc/syscalls.o
 .debug_macro   0x00011527       0x97 src/ASF/sam0/utils/syscalls/gcc/syscalls.o
 .debug_macro   0x000115be       0xef src/ASF/sam0/utils/syscalls/gcc/syscalls.o
 .debug_macro   0x000116ad       0x52 src/ASF/sam0/utils/syscalls/gcc/syscalls.o
 .debug_macro   0x000116ff       0x16 src/ASF/sam0/utils/syscalls/gcc/syscalls.o
 .debug_macro   0x00011715       0x10 src/ASF/sam0/utils/syscalls/gcc/syscalls.o
 .debug_macro   0x00011725       0x40 src/ASF/sam0/utils/syscalls/gcc/syscalls.o
 .debug_macro   0x00011765      0x120 src/ASF/sam0/utils/syscalls/gcc/syscalls.o
 .debug_macro   0x00011885      0x528 src/main.o
 .debug_macro   0x00011dad      0x2a3 src/main.o
 .debug_macro   0x00012050       0x10 src/main.o
 .debug_macro   0x00012060       0x1f src/main.o

.debug_line     0x00000000     0x9ae0
 .debug_line    0x00000000      0x822 src/ASF/sam0/drivers/port/port.o
 .debug_line    0x00000822      0xa1d src/ASF/sam0/drivers/sercom/sercom.o
 .debug_line    0x0000123f      0x7d2 src/ASF/sam0/utils/stdio/read.o
 .debug_line    0x00001a11      0x7c8 src/ASF/sam0/utils/stdio/write.o
 .debug_line    0x000021d9      0xb3a src/ASF/sam0/drivers/sercom/usart/usart.o
 .debug_line    0x00002d13      0xac8 src/ASF/sam0/drivers/sercom/usart/usart_interrupt.o
 .debug_line    0x000037db      0x9cf src/ASF/sam0/drivers/sercom/sercom_interrupt.o
 .debug_line    0x000041aa      0x8a6 src/ASF/common2/services/delay/sam0/systick_counter.o
 .debug_line    0x00004a50      0xb28 src/ASF/common2/boards/user_board/init.o
 .debug_line    0x00005578      0x7f4 src/ASF/common/utils/interrupt/interrupt_sam_nvic.o
 .debug_line    0x00005d6c      0xa7b src/ASF/sam0/drivers/system/clock/clock_samd20/clock.o
 .debug_line    0x000067e7      0xb95 src/ASF/sam0/drivers/system/clock/clock_samd20/gclk.o
 .debug_line    0x0000737c      0x840 src/ASF/sam0/drivers/system/pinmux/pinmux.o
 .debug_line    0x00007bbc      0x848 src/ASF/sam0/drivers/system/system.o
 .debug_line    0x00008404      0x60a src/ASF/sam0/utils/cmsis/samd20/source/gcc/startup_samd20.o
 .debug_line    0x00008a0e      0x39d src/ASF/sam0/utils/syscalls/gcc/syscalls.o
 .debug_line    0x00008dab      0xd35 src/main.o

.debug_str      0x00000000    0x5b0f6
 .debug_str     0x00000000    0x53678 src/ASF/sam0/drivers/port/port.o
                              0x53af0 (size before relaxing)
 .debug_str     0x00053678     0x141a src/ASF/sam0/drivers/sercom/sercom.o
                              0x54b7e (size before relaxing)
 .debug_str     0x00054a92       0x43 src/ASF/sam0/utils/stdio/read.o
                              0x536dd (size before relaxing)
 .debug_str     0x00054ad5       0x33 src/ASF/sam0/utils/stdio/write.o
                              0x536df (size before relaxing)
 .debug_str     0x00054b08      0xb41 src/ASF/sam0/drivers/sercom/usart/usart.o
                              0x55456 (size before relaxing)
 .debug_str     0x00055649      0x198 src/ASF/sam0/drivers/sercom/usart/usart_interrupt.o
                              0x549ed (size before relaxing)
 .debug_str     0x000557e1      0x4e9 src/ASF/sam0/drivers/sercom/sercom_interrupt.o
                              0x549e8 (size before relaxing)
 .debug_str     0x00055cca      0x1c2 src/ASF/common2/services/delay/sam0/systick_counter.o
                              0x53893 (size before relaxing)
 .debug_str     0x00055e8c      0xa83 src/ASF/common2/boards/user_board/init.o
                              0x54a57 (size before relaxing)
 .debug_str     0x0005690f       0x94 src/ASF/common/utils/interrupt/interrupt_sam_nvic.o
                              0x53730 (size before relaxing)
 .debug_str     0x000569a3     0x2681 src/ASF/sam0/drivers/system/clock/clock_samd20/clock.o
                              0x567ae (size before relaxing)
 .debug_str     0x00059024      0x2ce src/ASF/sam0/drivers/system/clock/clock_samd20/gclk.o
                              0x54288 (size before relaxing)
 .debug_str     0x000592f2      0x178 src/ASF/sam0/drivers/system/pinmux/pinmux.o
                              0x53b1d (size before relaxing)
 .debug_str     0x0005946a       0x47 src/ASF/sam0/drivers/system/system.o
                              0x53755 (size before relaxing)
 .debug_str     0x000594b1      0x36a src/ASF/sam0/utils/cmsis/samd20/source/gcc/startup_samd20.o
                              0x41fb1 (size before relaxing)
 .debug_str     0x0005981b      0x734 src/ASF/sam0/utils/syscalls/gcc/syscalls.o
                               0x4dc6 (size before relaxing)
 .debug_str     0x00059f4f     0x11a7 src/main.o
                              0x571c7 (size before relaxing)

.debug_frame    0x00000000     0x131c
 .debug_frame   0x00000000       0x44 src/ASF/sam0/drivers/port/port.o
 .debug_frame   0x00000044       0xa0 src/ASF/sam0/drivers/sercom/sercom.o
 .debug_frame   0x000000e4       0x34 src/ASF/sam0/utils/stdio/read.o
 .debug_frame   0x00000118       0x34 src/ASF/sam0/utils/stdio/write.o
 .debug_frame   0x0000014c       0xc0 src/ASF/sam0/drivers/sercom/usart/usart.o
 .debug_frame   0x0000020c       0xe4 src/ASF/sam0/drivers/sercom/usart/usart_interrupt.o
 .debug_frame   0x000002f0       0xec src/ASF/sam0/drivers/sercom/sercom_interrupt.o
 .debug_frame   0x000003dc       0x60 src/ASF/common2/services/delay/sam0/systick_counter.o
 .debug_frame   0x0000043c       0x20 src/ASF/common2/boards/user_board/init.o
 .debug_frame   0x0000045c       0x30 src/ASF/common/utils/interrupt/interrupt_sam_nvic.o
 .debug_frame   0x0000048c      0x130 src/ASF/sam0/drivers/system/clock/clock_samd20/clock.o
 .debug_frame   0x000005bc      0x14c src/ASF/sam0/drivers/system/clock/clock_samd20/gclk.o
 .debug_frame   0x00000708       0x7c src/ASF/sam0/drivers/system/pinmux/pinmux.o
 .debug_frame   0x00000784       0x38 src/ASF/sam0/drivers/system/system.o
 .debug_frame   0x000007bc       0x38 src/ASF/sam0/utils/cmsis/samd20/source/gcc/startup_samd20.o
 .debug_frame   0x000007f4       0xa8 src/ASF/sam0/utils/syscalls/gcc/syscalls.o
 .debug_frame   0x0000089c      0x124 src/main.o
 .debug_frame   0x000009c0       0x20 c:/program files (x86)/atmel/atmel toolchain/arm gcc/native/4.8.1429/arm-gnu-toolchain/bin/../lib/gcc/arm-none-eabi/4.8.3/armv6-m\libgcc.a(_udivsi3.o)
 .debug_frame   0x000009e0       0x30 c:/program files (x86)/atmel/atmel toolchain/arm gcc/native/4.8.1429/arm-gnu-toolchain/bin/../lib/gcc/arm-none-eabi/4.8.3/armv6-m\libgcc.a(_muldi3.o)
 .debug_frame   0x00000a10       0x2c c:/program files (x86)/atmel/atmel toolchain/arm gcc/native/4.8.1429/arm-gnu-toolchain/bin/../lib/gcc/arm-none-eabi/4.8.3/../../../../arm-none-eabi/lib/armv6-m\libc_s.a(lib_a-init.o)
 .debug_frame   0x00000a3c       0x30 c:/program files (x86)/atmel/atmel toolchain/arm gcc/native/4.8.1429/arm-gnu-toolchain/bin/../lib/gcc/arm-none-eabi/4.8.3/../../../../arm-none-eabi/lib/armv6-m\libc_s.a(lib_a-memcpy-stub.o)
 .debug_frame   0x00000a6c       0x38 c:/program files (x86)/atmel/atmel toolchain/arm gcc/native/4.8.1429/arm-gnu-toolchain/bin/../lib/gcc/arm-none-eabi/4.8.3/../../../../arm-none-eabi/lib/armv6-m\libc_s.a(lib_a-memset.o)
 .debug_frame   0x00000aa4       0x50 c:/program files (x86)/atmel/atmel toolchain/arm gcc/native/4.8.1429/arm-gnu-toolchain/bin/../lib/gcc/arm-none-eabi/4.8.3/../../../../arm-none-eabi/lib/armv6-m\libc_s.a(lib_a-printf.o)
 .debug_frame   0x00000af4       0x44 c:/program files (x86)/atmel/atmel toolchain/arm gcc/native/4.8.1429/arm-gnu-toolchain/bin/../lib/gcc/arm-none-eabi/4.8.3/../../../../arm-none-eabi/lib/armv6-m\libc_s.a(lib_a-puts.o)
 .debug_frame   0x00000b38       0x28 c:/program files (x86)/atmel/atmel toolchain/arm gcc/native/4.8.1429/arm-gnu-toolchain/bin/../lib/gcc/arm-none-eabi/4.8.3/../../../../arm-none-eabi/lib/armv6-m\libc_s.a(lib_a-setbuf.o)
 .debug_frame   0x00000b60       0x34 c:/program files (x86)/atmel/atmel toolchain/arm gcc/native/4.8.1429/arm-gnu-toolchain/bin/../lib/gcc/arm-none-eabi/4.8.3/../../../../arm-none-eabi/lib/armv6-m\libc_s.a(lib_a-setvbuf.o)
 .debug_frame   0x00000b94       0x20 c:/program files (x86)/atmel/atmel toolchain/arm gcc/native/4.8.1429/arm-gnu-toolchain/bin/../lib/gcc/arm-none-eabi/4.8.3/../../../../arm-none-eabi/lib/armv6-m\libc_s.a(lib_a-strlen.o)
 .debug_frame   0x00000bb4       0xb0 c:/program files (x86)/atmel/atmel toolchain/arm gcc/native/4.8.1429/arm-gnu-toolchain/bin/../lib/gcc/arm-none-eabi/4.8.3/../../../../arm-none-eabi/lib/armv6-m\libc_s.a(lib_a-vfprintf.o)
 .debug_frame   0x00000c64       0x44 c:/program files (x86)/atmel/atmel toolchain/arm gcc/native/4.8.1429/arm-gnu-toolchain/bin/../lib/gcc/arm-none-eabi/4.8.3/../../../../arm-none-eabi/lib/armv6-m\libc_s.a(lib_a-wbuf.o)
 .debug_frame   0x00000ca8       0x2c c:/program files (x86)/atmel/atmel toolchain/arm gcc/native/4.8.1429/arm-gnu-toolchain/bin/../lib/gcc/arm-none-eabi/4.8.3/../../../../arm-none-eabi/lib/armv6-m\libc_s.a(lib_a-wsetup.o)
 .debug_frame   0x00000cd4       0x68 c:/program files (x86)/atmel/atmel toolchain/arm gcc/native/4.8.1429/arm-gnu-toolchain/bin/../lib/gcc/arm-none-eabi/4.8.3/../../../../arm-none-eabi/lib/armv6-m\libc_s.a(lib_a-fflush.o)
 .debug_frame   0x00000d3c      0x13c c:/program files (x86)/atmel/atmel toolchain/arm gcc/native/4.8.1429/arm-gnu-toolchain/bin/../lib/gcc/arm-none-eabi/4.8.3/../../../../arm-none-eabi/lib/armv6-m\libc_s.a(lib_a-findfp.o)
 .debug_frame   0x00000e78       0x3c c:/program files (x86)/atmel/atmel toolchain/arm gcc/native/4.8.1429/arm-gnu-toolchain/bin/../lib/gcc/arm-none-eabi/4.8.3/../../../../arm-none-eabi/lib/armv6-m\libc_s.a(lib_a-fvwrite.o)
 .debug_frame   0x00000eb4       0x5c c:/program files (x86)/atmel/atmel toolchain/arm gcc/native/4.8.1429/arm-gnu-toolchain/bin/../lib/gcc/arm-none-eabi/4.8.3/../../../../arm-none-eabi/lib/armv6-m\libc_s.a(lib_a-fwalk.o)
 .debug_frame   0x00000f10       0x30 c:/program files (x86)/atmel/atmel toolchain/arm gcc/native/4.8.1429/arm-gnu-toolchain/bin/../lib/gcc/arm-none-eabi/4.8.3/../../../../arm-none-eabi/lib/armv6-m\libc_s.a(lib_a-makebuf.o)
 .debug_frame   0x00000f40       0x40 c:/program files (x86)/atmel/atmel toolchain/arm gcc/native/4.8.1429/arm-gnu-toolchain/bin/../lib/gcc/arm-none-eabi/4.8.3/../../../../arm-none-eabi/lib/armv6-m\libc_s.a(lib_a-malloc.o)
 .debug_frame   0x00000f80       0x30 c:/program files (x86)/atmel/atmel toolchain/arm gcc/native/4.8.1429/arm-gnu-toolchain/bin/../lib/gcc/arm-none-eabi/4.8.3/../../../../arm-none-eabi/lib/armv6-m\libc_s.a(lib_a-memchr-stub.o)
 .debug_frame   0x00000fb0       0x30 c:/program files (x86)/atmel/atmel toolchain/arm gcc/native/4.8.1429/arm-gnu-toolchain/bin/../lib/gcc/arm-none-eabi/4.8.3/../../../../arm-none-eabi/lib/armv6-m\libc_s.a(lib_a-memmove.o)
 .debug_frame   0x00000fe0       0x2c c:/program files (x86)/atmel/atmel toolchain/arm gcc/native/4.8.1429/arm-gnu-toolchain/bin/../lib/gcc/arm-none-eabi/4.8.3/../../../../arm-none-eabi/lib/armv6-m\libc_s.a(lib_a-nano-freer.o)
 .debug_frame   0x0000100c       0x30 c:/program files (x86)/atmel/atmel toolchain/arm gcc/native/4.8.1429/arm-gnu-toolchain/bin/../lib/gcc/arm-none-eabi/4.8.3/../../../../arm-none-eabi/lib/armv6-m\libc_s.a(lib_a-nano-mallocr.o)
 .debug_frame   0x0000103c       0x30 c:/program files (x86)/atmel/atmel toolchain/arm gcc/native/4.8.1429/arm-gnu-toolchain/bin/../lib/gcc/arm-none-eabi/4.8.3/../../../../arm-none-eabi/lib/armv6-m\libc_s.a(lib_a-nano-reallocr.o)
 .debug_frame   0x0000106c       0x2c c:/program files (x86)/atmel/atmel toolchain/arm gcc/native/4.8.1429/arm-gnu-toolchain/bin/../lib/gcc/arm-none-eabi/4.8.3/../../../../arm-none-eabi/lib/armv6-m\libc_s.a(lib_a-sbrkr.o)
 .debug_frame   0x00001098       0x90 c:/program files (x86)/atmel/atmel toolchain/arm gcc/native/4.8.1429/arm-gnu-toolchain/bin/../lib/gcc/arm-none-eabi/4.8.3/../../../../arm-none-eabi/lib/armv6-m\libc_s.a(lib_a-stdio.o)
 .debug_frame   0x00001128       0x64 c:/program files (x86)/atmel/atmel toolchain/arm gcc/native/4.8.1429/arm-gnu-toolchain/bin/../lib/gcc/arm-none-eabi/4.8.3/../../../../arm-none-eabi/lib/armv6-m\libc_s.a(lib_a-vfprintf_i.o)
 .debug_frame   0x0000118c       0x2c c:/program files (x86)/atmel/atmel toolchain/arm gcc/native/4.8.1429/arm-gnu-toolchain/bin/../lib/gcc/arm-none-eabi/4.8.3/../../../../arm-none-eabi/lib/armv6-m\libc_s.a(lib_a-writer.o)
 .debug_frame   0x000011b8       0x2c c:/program files (x86)/atmel/atmel toolchain/arm gcc/native/4.8.1429/arm-gnu-toolchain/bin/../lib/gcc/arm-none-eabi/4.8.3/../../../../arm-none-eabi/lib/armv6-m\libc_s.a(lib_a-closer.o)
 .debug_frame   0x000011e4       0x2c c:/program files (x86)/atmel/atmel toolchain/arm gcc/native/4.8.1429/arm-gnu-toolchain/bin/../lib/gcc/arm-none-eabi/4.8.3/../../../../arm-none-eabi/lib/armv6-m\libc_s.a(lib_a-fstatr.o)
 .debug_frame   0x00001210       0x2c c:/program files (x86)/atmel/atmel toolchain/arm gcc/native/4.8.1429/arm-gnu-toolchain/bin/../lib/gcc/arm-none-eabi/4.8.3/../../../../arm-none-eabi/lib/armv6-m\libc_s.a(lib_a-isattyr.o)
 .debug_frame   0x0000123c       0x2c c:/program files (x86)/atmel/atmel toolchain/arm gcc/native/4.8.1429/arm-gnu-toolchain/bin/../lib/gcc/arm-none-eabi/4.8.3/../../../../arm-none-eabi/lib/armv6-m\libc_s.a(lib_a-lseekr.o)
 .debug_frame   0x00001268       0x20 c:/program files (x86)/atmel/atmel toolchain/arm gcc/native/4.8.1429/arm-gnu-toolchain/bin/../lib/gcc/arm-none-eabi/4.8.3/../../../../arm-none-eabi/lib/armv6-m\libc_s.a(lib_a-nano-msizer.o)
 .debug_frame   0x00001288       0x2c c:/program files (x86)/atmel/atmel toolchain/arm gcc/native/4.8.1429/arm-gnu-toolchain/bin/../lib/gcc/arm-none-eabi/4.8.3/../../../../arm-none-eabi/lib/armv6-m\libc_s.a(lib_a-readr.o)
 .debug_frame   0x000012b4       0x48 c:/program files (x86)/atmel/atmel toolchain/arm gcc/native/4.8.1429/arm-gnu-toolchain/bin/../lib/gcc/arm-none-eabi/4.8.3/../../../../arm-none-eabi/lib/armv6-m\libc_s.a(lib_a-reent.o)
 .debug_frame   0x000012fc       0x20 c:/program files (x86)/atmel/atmel toolchain/arm gcc/native/4.8.1429/arm-gnu-toolchain/bin/../lib/gcc/arm-none-eabi/4.8.3/armv6-m\libgcc.a(_divsi3.o)

Cross Reference Table

Symbol                                            File
AC_Handler                                        src/ASF/sam0/utils/cmsis/samd20/source/gcc/startup_samd20.o
ADC_Handler                                       src/ASF/sam0/utils/cmsis/samd20/source/gcc/startup_samd20.o
DAC_Handler                                       src/ASF/sam0/utils/cmsis/samd20/source/gcc/startup_samd20.o
Dummy_Handler                                     src/ASF/sam0/utils/cmsis/samd20/source/gcc/startup_samd20.o
EIC_Handler                                       src/ASF/sam0/utils/cmsis/samd20/source/gcc/startup_samd20.o
EVSYS_Handler                                     src/ASF/sam0/utils/cmsis/samd20/source/gcc/startup_samd20.o
HardFault_Handler                                 src/ASF/sam0/utils/cmsis/samd20/source/gcc/startup_samd20.o
LedInit                                           src/main.o
NMI_Handler                                       src/ASF/sam0/utils/cmsis/samd20/source/gcc/startup_samd20.o
NVMCTRL_Handler                                   src/ASF/sam0/utils/cmsis/samd20/source/gcc/startup_samd20.o
PM_Handler                                        src/ASF/sam0/utils/cmsis/samd20/source/gcc/startup_samd20.o
PTC_Handler                                       src/ASF/sam0/utils/cmsis/samd20/source/gcc/startup_samd20.o
PendSV_Handler                                    src/ASF/sam0/utils/cmsis/samd20/source/gcc/startup_samd20.o
RTC_Handler                                       src/ASF/sam0/utils/cmsis/samd20/source/gcc/startup_samd20.o
RcvResponseFromSTN                                src/main.o
Reset_Handler                                     src/ASF/sam0/utils/cmsis/samd20/source/gcc/startup_samd20.o
SERCOM0_Handler                                   src/ASF/sam0/drivers/sercom/sercom_interrupt.o
SERCOM1_Handler                                   src/ASF/sam0/drivers/sercom/sercom_interrupt.o
SERCOM2_Handler                                   src/ASF/sam0/drivers/sercom/sercom_interrupt.o
SERCOM3_Handler                                   src/ASF/sam0/drivers/sercom/sercom_interrupt.o
SERCOM4_Handler                                   src/ASF/sam0/drivers/sercom/sercom_interrupt.o
SERCOM5_Handler                                   src/ASF/sam0/drivers/sercom/sercom_interrupt.o
SVC_Handler                                       src/ASF/sam0/utils/cmsis/samd20/source/gcc/startup_samd20.o
SYSCTRL_Handler                                   src/ASF/sam0/utils/cmsis/samd20/source/gcc/startup_samd20.o
SysTick_Handler                                   src/ASF/sam0/utils/cmsis/samd20/source/gcc/startup_samd20.o
SystemCoreClock                                   src/ASF/sam0/utils/cmsis/samd20/source/system_samd20.o
SystemCoreClockUpdate                             src/ASF/sam0/utils/cmsis/samd20/source/system_samd20.o
SystemInit                                        src/ASF/sam0/utils/cmsis/samd20/source/system_samd20.o
TC0_Handler                                       src/ASF/sam0/utils/cmsis/samd20/source/gcc/startup_samd20.o
TC1_Handler                                       src/ASF/sam0/utils/cmsis/samd20/source/gcc/startup_samd20.o
TC2_Handler                                       src/ASF/sam0/utils/cmsis/samd20/source/gcc/startup_samd20.o
TC3_Handler                                       src/ASF/sam0/utils/cmsis/samd20/source/gcc/startup_samd20.o
TC4_Handler                                       src/ASF/sam0/utils/cmsis/samd20/source/gcc/startup_samd20.o
TC5_Handler                                       src/ASF/sam0/utils/cmsis/samd20/source/gcc/startup_samd20.o
TC6_Handler                                       src/ASF/sam0/utils/cmsis/samd20/source/gcc/startup_samd20.o
TC7_Handler                                       src/ASF/sam0/utils/cmsis/samd20/source/gcc/startup_samd20.o
WDT_Handler                                       src/ASF/sam0/utils/cmsis/samd20/source/gcc/startup_samd20.o
_ITM_deregisterTMCloneTable                       c:/program files (x86)/atmel/atmel toolchain/arm gcc/native/4.8.1429/arm-gnu-toolchain/bin/../lib/gcc/arm-none-eabi/4.8.3/armv6-m/crtbegin.o
_ITM_registerTMCloneTable                         c:/program files (x86)/atmel/atmel toolchain/arm gcc/native/4.8.1429/arm-gnu-toolchain/bin/../lib/gcc/arm-none-eabi/4.8.3/armv6-m/crtbegin.o
_Jv_RegisterClasses                               c:/program files (x86)/atmel/atmel toolchain/arm gcc/native/4.8.1429/arm-gnu-toolchain/bin/../lib/gcc/arm-none-eabi/4.8.3/armv6-m/crtbegin.o
__TMC_END__                                       c:/program files (x86)/atmel/atmel toolchain/arm gcc/native/4.8.1429/arm-gnu-toolchain/bin/../lib/gcc/arm-none-eabi/4.8.3/armv6-m/crtend.o
                                                  c:/program files (x86)/atmel/atmel toolchain/arm gcc/native/4.8.1429/arm-gnu-toolchain/bin/../lib/gcc/arm-none-eabi/4.8.3/armv6-m/crtbegin.o
__aeabi_idiv                                      c:/program files (x86)/atmel/atmel toolchain/arm gcc/native/4.8.1429/arm-gnu-toolchain/bin/../lib/gcc/arm-none-eabi/4.8.3/armv6-m\libgcc.a(_divsi3.o)
                                                  c:/program files (x86)/atmel/atmel toolchain/arm gcc/native/4.8.1429/arm-gnu-toolchain/bin/../lib/gcc/arm-none-eabi/4.8.3/../../../../arm-none-eabi/lib/armv6-m\libc_s.a(lib_a-fvwrite.o)
__aeabi_idiv0                                     c:/program files (x86)/atmel/atmel toolchain/arm gcc/native/4.8.1429/arm-gnu-toolchain/bin/../lib/gcc/arm-none-eabi/4.8.3/armv6-m\libgcc.a(_dvmd_tls.o)
                                                  c:/program files (x86)/atmel/atmel toolchain/arm gcc/native/4.8.1429/arm-gnu-toolchain/bin/../lib/gcc/arm-none-eabi/4.8.3/armv6-m\libgcc.a(_divsi3.o)
                                                  c:/program files (x86)/atmel/atmel toolchain/arm gcc/native/4.8.1429/arm-gnu-toolchain/bin/../lib/gcc/arm-none-eabi/4.8.3/armv6-m\libgcc.a(_udivsi3.o)
__aeabi_idivmod                                   c:/program files (x86)/atmel/atmel toolchain/arm gcc/native/4.8.1429/arm-gnu-toolchain/bin/../lib/gcc/arm-none-eabi/4.8.3/armv6-m\libgcc.a(_divsi3.o)
__aeabi_ldiv0                                     c:/program files (x86)/atmel/atmel toolchain/arm gcc/native/4.8.1429/arm-gnu-toolchain/bin/../lib/gcc/arm-none-eabi/4.8.3/armv6-m\libgcc.a(_dvmd_tls.o)
__aeabi_lmul                                      c:/program files (x86)/atmel/atmel toolchain/arm gcc/native/4.8.1429/arm-gnu-toolchain/bin/../lib/gcc/arm-none-eabi/4.8.3/armv6-m\libgcc.a(_muldi3.o)
                                                  src/ASF/sam0/drivers/sercom/sercom.o
__aeabi_uidiv                                     c:/program files (x86)/atmel/atmel toolchain/arm gcc/native/4.8.1429/arm-gnu-toolchain/bin/../lib/gcc/arm-none-eabi/4.8.3/armv6-m\libgcc.a(_udivsi3.o)
                                                  c:/program files (x86)/atmel/atmel toolchain/arm gcc/native/4.8.1429/arm-gnu-toolchain/bin/../lib/gcc/arm-none-eabi/4.8.3/../../../../arm-none-eabi/lib/armv6-m\libc_s.a(lib_a-vfprintf_i.o)
                                                  src/ASF/sam0/drivers/system/clock/clock_samd20/gclk.o
                                                  src/ASF/common2/services/delay/sam0/systick_counter.o
__aeabi_uidivmod                                  c:/program files (x86)/atmel/atmel toolchain/arm gcc/native/4.8.1429/arm-gnu-toolchain/bin/../lib/gcc/arm-none-eabi/4.8.3/armv6-m\libgcc.a(_udivsi3.o)
                                                  c:/program files (x86)/atmel/atmel toolchain/arm gcc/native/4.8.1429/arm-gnu-toolchain/bin/../lib/gcc/arm-none-eabi/4.8.3/../../../../arm-none-eabi/lib/armv6-m\libc_s.a(lib_a-vfprintf_i.o)
__bss_end__                                       c:/program files (x86)/atmel/atmel toolchain/arm gcc/native/4.8.1429/arm-gnu-toolchain/bin/../lib/gcc/arm-none-eabi/4.8.3/../../../../arm-none-eabi/lib/armv6-m/crt0.o
__bss_start__                                     c:/program files (x86)/atmel/atmel toolchain/arm gcc/native/4.8.1429/arm-gnu-toolchain/bin/../lib/gcc/arm-none-eabi/4.8.3/../../../../arm-none-eabi/lib/armv6-m/crt0.o
__call_exitprocs                                  c:/program files (x86)/atmel/atmel toolchain/arm gcc/native/4.8.1429/arm-gnu-toolchain/bin/../lib/gcc/arm-none-eabi/4.8.3/../../../../arm-none-eabi/lib/armv6-m\libc_s.a(lib_a-exit.o)
__deregister_frame_info                           c:/program files (x86)/atmel/atmel toolchain/arm gcc/native/4.8.1429/arm-gnu-toolchain/bin/../lib/gcc/arm-none-eabi/4.8.3/armv6-m/crtbegin.o
__divsi3                                          c:/program files (x86)/atmel/atmel toolchain/arm gcc/native/4.8.1429/arm-gnu-toolchain/bin/../lib/gcc/arm-none-eabi/4.8.3/armv6-m\libgcc.a(_divsi3.o)
__dso_handle                                      c:/program files (x86)/atmel/atmel toolchain/arm gcc/native/4.8.1429/arm-gnu-toolchain/bin/../lib/gcc/arm-none-eabi/4.8.3/armv6-m/crtbegin.o
__fp_lock_all                                     c:/program files (x86)/atmel/atmel toolchain/arm gcc/native/4.8.1429/arm-gnu-toolchain/bin/../lib/gcc/arm-none-eabi/4.8.3/../../../../arm-none-eabi/lib/armv6-m\libc_s.a(lib_a-findfp.o)
__fp_unlock_all                                   c:/program files (x86)/atmel/atmel toolchain/arm gcc/native/4.8.1429/arm-gnu-toolchain/bin/../lib/gcc/arm-none-eabi/4.8.3/../../../../arm-none-eabi/lib/armv6-m\libc_s.a(lib_a-findfp.o)
__init_array_end                                  c:/program files (x86)/atmel/atmel toolchain/arm gcc/native/4.8.1429/arm-gnu-toolchain/bin/../lib/gcc/arm-none-eabi/4.8.3/../../../../arm-none-eabi/lib/armv6-m\libc_s.a(lib_a-init.o)
__init_array_start                                c:/program files (x86)/atmel/atmel toolchain/arm gcc/native/4.8.1429/arm-gnu-toolchain/bin/../lib/gcc/arm-none-eabi/4.8.3/../../../../arm-none-eabi/lib/armv6-m\libc_s.a(lib_a-init.o)
__libc_fini_array                                 c:/program files (x86)/atmel/atmel toolchain/arm gcc/native/4.8.1429/arm-gnu-toolchain/bin/../lib/gcc/arm-none-eabi/4.8.3/../../../../arm-none-eabi/lib/armv6-m/crt0.o
__libc_init_array                                 c:/program files (x86)/atmel/atmel toolchain/arm gcc/native/4.8.1429/arm-gnu-toolchain/bin/../lib/gcc/arm-none-eabi/4.8.3/../../../../arm-none-eabi/lib/armv6-m\libc_s.a(lib_a-init.o)
                                                  src/ASF/sam0/utils/cmsis/samd20/source/gcc/startup_samd20.o
                                                  c:/program files (x86)/atmel/atmel toolchain/arm gcc/native/4.8.1429/arm-gnu-toolchain/bin/../lib/gcc/arm-none-eabi/4.8.3/../../../../arm-none-eabi/lib/armv6-m/crt0.o
__malloc_free_list                                c:/program files (x86)/atmel/atmel toolchain/arm gcc/native/4.8.1429/arm-gnu-toolchain/bin/../lib/gcc/arm-none-eabi/4.8.3/../../../../arm-none-eabi/lib/armv6-m\libc_s.a(lib_a-nano-mallocr.o)
                                                  c:/program files (x86)/atmel/atmel toolchain/arm gcc/native/4.8.1429/arm-gnu-toolchain/bin/../lib/gcc/arm-none-eabi/4.8.3/../../../../arm-none-eabi/lib/armv6-m\libc_s.a(lib_a-nano-freer.o)
__malloc_sbrk_start                               c:/program files (x86)/atmel/atmel toolchain/arm gcc/native/4.8.1429/arm-gnu-toolchain/bin/../lib/gcc/arm-none-eabi/4.8.3/../../../../arm-none-eabi/lib/armv6-m\libc_s.a(lib_a-nano-mallocr.o)
__muldi3                                          c:/program files (x86)/atmel/atmel toolchain/arm gcc/native/4.8.1429/arm-gnu-toolchain/bin/../lib/gcc/arm-none-eabi/4.8.3/armv6-m\libgcc.a(_muldi3.o)
__preinit_array_end                               c:/program files (x86)/atmel/atmel toolchain/arm gcc/native/4.8.1429/arm-gnu-toolchain/bin/../lib/gcc/arm-none-eabi/4.8.3/../../../../arm-none-eabi/lib/armv6-m\libc_s.a(lib_a-init.o)
__preinit_array_start                             c:/program files (x86)/atmel/atmel toolchain/arm gcc/native/4.8.1429/arm-gnu-toolchain/bin/../lib/gcc/arm-none-eabi/4.8.3/../../../../arm-none-eabi/lib/armv6-m\libc_s.a(lib_a-init.o)
__register_frame_info                             c:/program files (x86)/atmel/atmel toolchain/arm gcc/native/4.8.1429/arm-gnu-toolchain/bin/../lib/gcc/arm-none-eabi/4.8.3/armv6-m/crtbegin.o
__sclose                                          c:/program files (x86)/atmel/atmel toolchain/arm gcc/native/4.8.1429/arm-gnu-toolchain/bin/../lib/gcc/arm-none-eabi/4.8.3/../../../../arm-none-eabi/lib/armv6-m\libc_s.a(lib_a-stdio.o)
                                                  c:/program files (x86)/atmel/atmel toolchain/arm gcc/native/4.8.1429/arm-gnu-toolchain/bin/../lib/gcc/arm-none-eabi/4.8.3/../../../../arm-none-eabi/lib/armv6-m\libc_s.a(lib_a-findfp.o)
__seofread                                        c:/program files (x86)/atmel/atmel toolchain/arm gcc/native/4.8.1429/arm-gnu-toolchain/bin/../lib/gcc/arm-none-eabi/4.8.3/../../../../arm-none-eabi/lib/armv6-m\libc_s.a(lib_a-stdio.o)
__sf_fake_stderr                                  c:/program files (x86)/atmel/atmel toolchain/arm gcc/native/4.8.1429/arm-gnu-toolchain/bin/../lib/gcc/arm-none-eabi/4.8.3/../../../../arm-none-eabi/lib/armv6-m\libc_s.a(lib_a-findfp.o)
                                                  c:/program files (x86)/atmel/atmel toolchain/arm gcc/native/4.8.1429/arm-gnu-toolchain/bin/../lib/gcc/arm-none-eabi/4.8.3/../../../../arm-none-eabi/lib/armv6-m\libc_s.a(lib_a-fflush.o)
                                                  c:/program files (x86)/atmel/atmel toolchain/arm gcc/native/4.8.1429/arm-gnu-toolchain/bin/../lib/gcc/arm-none-eabi/4.8.3/../../../../arm-none-eabi/lib/armv6-m\libc_s.a(lib_a-wsetup.o)
                                                  c:/program files (x86)/atmel/atmel toolchain/arm gcc/native/4.8.1429/arm-gnu-toolchain/bin/../lib/gcc/arm-none-eabi/4.8.3/../../../../arm-none-eabi/lib/armv6-m\libc_s.a(lib_a-wbuf.o)
                                                  c:/program files (x86)/atmel/atmel toolchain/arm gcc/native/4.8.1429/arm-gnu-toolchain/bin/../lib/gcc/arm-none-eabi/4.8.3/../../../../arm-none-eabi/lib/armv6-m\libc_s.a(lib_a-vfprintf.o)
                                                  c:/program files (x86)/atmel/atmel toolchain/arm gcc/native/4.8.1429/arm-gnu-toolchain/bin/../lib/gcc/arm-none-eabi/4.8.3/../../../../arm-none-eabi/lib/armv6-m\libc_s.a(lib_a-setvbuf.o)
                                                  c:/program files (x86)/atmel/atmel toolchain/arm gcc/native/4.8.1429/arm-gnu-toolchain/bin/../lib/gcc/arm-none-eabi/4.8.3/../../../../arm-none-eabi/lib/armv6-m\libc_s.a(lib_a-impure.o)