Archive member included because of file (symbol)

c:/program files (x86)/atmel/atmel toolchain/arm gcc/native/4.8.1443/arm-gnu-toolchain/bin/../lib/gcc/arm-none-eabi/4.8.4/armv6-m\libgcc.a(_udivsi3.o)
                              src/ASF/common2/services/delay/sam0/systick_counter.o (__aeabi_uidiv)
c:/program files (x86)/atmel/atmel toolchain/arm gcc/native/4.8.1443/arm-gnu-toolchain/bin/../lib/gcc/arm-none-eabi/4.8.4/armv6-m\libgcc.a(_dvmd_tls.o)
                              c:/program files (x86)/atmel/atmel toolchain/arm gcc/native/4.8.1443/arm-gnu-toolchain/bin/../lib/gcc/arm-none-eabi/4.8.4/armv6-m\libgcc.a(_udivsi3.o) (__aeabi_idiv0)
c:/program files (x86)/atmel/atmel toolchain/arm gcc/native/4.8.1443/arm-gnu-toolchain/bin/../lib/gcc/arm-none-eabi/4.8.4/armv6-m\libgcc.a(_muldi3.o)
                              src/ASF/sam0/drivers/sercom/sercom.o (__aeabi_lmul)
c:/program files (x86)/atmel/atmel toolchain/arm gcc/native/4.8.1443/arm-gnu-toolchain/bin/../lib/gcc/arm-none-eabi/4.8.4/../../../../arm-none-eabi/lib/armv6-m\libc_s.a(lib_a-exit.o)
                              c:/program files (x86)/atmel/atmel toolchain/arm gcc/native/4.8.1443/arm-gnu-toolchain/bin/../lib/gcc/arm-none-eabi/4.8.4/../../../../arm-none-eabi/lib/armv6-m/crt0.o (exit)
c:/program files (x86)/atmel/atmel toolchain/arm gcc/native/4.8.1443/arm-gnu-toolchain/bin/../lib/gcc/arm-none-eabi/4.8.4/../../../../arm-none-eabi/lib/armv6-m\libc_s.a(lib_a-impure.o)
                              c:/program files (x86)/atmel/atmel toolchain/arm gcc/native/4.8.1443/arm-gnu-toolchain/bin/../lib/gcc/arm-none-eabi/4.8.4/../../../../arm-none-eabi/lib/armv6-m\libc_s.a(lib_a-exit.o) (_global_impure_ptr)
c:/program files (x86)/atmel/atmel toolchain/arm gcc/native/4.8.1443/arm-gnu-toolchain/bin/../lib/gcc/arm-none-eabi/4.8.4/../../../../arm-none-eabi/lib/armv6-m\libc_s.a(lib_a-init.o)
                              c:/program files (x86)/atmel/atmel toolchain/arm gcc/native/4.8.1443/arm-gnu-toolchain/bin/../lib/gcc/arm-none-eabi/4.8.4/../../../../arm-none-eabi/lib/armv6-m/crt0.o (__libc_init_array)
c:/program files (x86)/atmel/atmel toolchain/arm gcc/native/4.8.1443/arm-gnu-toolchain/bin/../lib/gcc/arm-none-eabi/4.8.4/../../../../arm-none-eabi/lib/armv6-m\libc_s.a(lib_a-memcpy-stub.o)
                              src/ASF/sam0/drivers/sercom/sercom_interrupt.o (memcpy)
c:/program files (x86)/atmel/atmel toolchain/arm gcc/native/4.8.1443/arm-gnu-toolchain/bin/../lib/gcc/arm-none-eabi/4.8.4/../../../../arm-none-eabi/lib/armv6-m\libc_s.a(lib_a-memset.o)
                              c:/program files (x86)/atmel/atmel toolchain/arm gcc/native/4.8.1443/arm-gnu-toolchain/bin/../lib/gcc/arm-none-eabi/4.8.4/../../../../arm-none-eabi/lib/armv6-m/crt0.o (memset)
c:/program files (x86)/atmel/atmel toolchain/arm gcc/native/4.8.1443/arm-gnu-toolchain/bin/../lib/gcc/arm-none-eabi/4.8.4/../../../../arm-none-eabi/lib/armv6-m\libc_s.a(lib_a-printf.o)
                              src/ASF/sam0/utils/syscalls/gcc/syscalls.o (printf)
c:/program files (x86)/atmel/atmel toolchain/arm gcc/native/4.8.1443/arm-gnu-toolchain/bin/../lib/gcc/arm-none-eabi/4.8.4/../../../../arm-none-eabi/lib/armv6-m\libc_s.a(lib_a-puts.o)
                              src/main.o (puts)
c:/program files (x86)/atmel/atmel toolchain/arm gcc/native/4.8.1443/arm-gnu-toolchain/bin/../lib/gcc/arm-none-eabi/4.8.4/../../../../arm-none-eabi/lib/armv6-m\libc_s.a(lib_a-setbuf.o)
                              src/main.o (setbuf)
c:/program files (x86)/atmel/atmel toolchain/arm gcc/native/4.8.1443/arm-gnu-toolchain/bin/../lib/gcc/arm-none-eabi/4.8.4/../../../../arm-none-eabi/lib/armv6-m\libc_s.a(lib_a-setvbuf.o)
                              c:/program files (x86)/atmel/atmel toolchain/arm gcc/native/4.8.1443/arm-gnu-toolchain/bin/../lib/gcc/arm-none-eabi/4.8.4/../../../../arm-none-eabi/lib/armv6-m\libc_s.a(lib_a-setbuf.o) (setvbuf)
c:/program files (x86)/atmel/atmel toolchain/arm gcc/native/4.8.1443/arm-gnu-toolchain/bin/../lib/gcc/arm-none-eabi/4.8.4/../../../../arm-none-eabi/lib/armv6-m\libc_s.a(lib_a-strlen.o)
                              src/main.o (strlen)
c:/program files (x86)/atmel/atmel toolchain/arm gcc/native/4.8.1443/arm-gnu-toolchain/bin/../lib/gcc/arm-none-eabi/4.8.4/../../../../arm-none-eabi/lib/armv6-m\libc_s.a(lib_a-vfprintf.o)
                              c:/program files (x86)/atmel/atmel toolchain/arm gcc/native/4.8.1443/arm-gnu-toolchain/bin/../lib/gcc/arm-none-eabi/4.8.4/../../../../arm-none-eabi/lib/armv6-m\libc_s.a(lib_a-printf.o) (_vfprintf_r)
c:/program files (x86)/atmel/atmel toolchain/arm gcc/native/4.8.1443/arm-gnu-toolchain/bin/../lib/gcc/arm-none-eabi/4.8.4/../../../../arm-none-eabi/lib/armv6-m\libc_s.a(lib_a-vfprintf_i.o)
                              c:/program files (x86)/atmel/atmel toolchain/arm gcc/native/4.8.1443/arm-gnu-toolchain/bin/../lib/gcc/arm-none-eabi/4.8.4/../../../../arm-none-eabi/lib/armv6-m\libc_s.a(lib_a-vfprintf.o) (_printf_i)
[...]
Memory Configuration

Name             Origin             Length             Attributes
rom              0x00000000         0x00040000         xr
ram              0x20000000         0x00008000         xrw
*default*        0x00000000         0xffffffff

Linker script and memory map

LOAD c:/program files (x86)/atmel/atmel toolchain/arm gcc/native/4.8.1443/arm-gnu-toolchain/bin/../lib/gcc/arm-none-eabi/4.8.4/armv6-m/crti.o
LOAD c:/program files (x86)/atmel/atmel toolchain/arm gcc/native/4.8.1443/arm-gnu-toolchain/bin/../lib/gcc/arm-none-eabi/4.8.4/armv6-m/crtbegin.o
LOAD c:/program files (x86)/atmel/atmel toolchain/arm gcc/native/4.8.1443/arm-gnu-toolchain/bin/../lib/gcc/arm-none-eabi/4.8.4/../../../../arm-none-eabi/lib/armv6-m/crt0.o
LOAD src/ASF/sam0/drivers/port/port.o
LOAD src/ASF/sam0/drivers/sercom/sercom.o
LOAD src/ASF/sam0/utils/stdio/read.o
LOAD src/ASF/sam0/utils/stdio/write.o
LOAD src/ASF/sam0/drivers/sercom/usart/usart.o
LOAD src/ASF/sam0/drivers/sercom/usart/usart_interrupt.o
LOAD src/ASF/sam0/drivers/sercom/sercom_interrupt.o
LOAD src/ASF/common2/services/delay/sam0/systick_counter.o
LOAD src/ASF/common2/boards/user_board/init.o
LOAD src/ASF/common/utils/interrupt/interrupt_sam_nvic.o
LOAD src/ASF/sam0/drivers/system/clock/clock_samd20/clock.o
LOAD src/ASF/sam0/drivers/system/clock/clock_samd20/gclk.o
LOAD src/ASF/sam0/drivers/system/interrupt/system_interrupt.o
LOAD src/ASF/sam0/drivers/system/pinmux/pinmux.o
LOAD src/ASF/sam0/drivers/system/system.o
LOAD src/ASF/sam0/utils/cmsis/samd20/source/gcc/startup_samd20.o
LOAD src/ASF/sam0/utils/cmsis/samd20/source/system_samd20.o
LOAD src/ASF/sam0/utils/syscalls/gcc/syscalls.o
LOAD src/main.o
START GROUP
LOAD ../src/ASF/thirdparty/CMSIS/Lib/GCC\libarm_cortexM0l_math.a
LOAD c:/program files (x86)/atmel/atmel toolchain/arm gcc/native/4.8.1443/arm-gnu-toolchain/bin/../lib/gcc/arm-none-eabi/4.8.4/../../../../arm-none-eabi/lib/armv6-m\libm.a
END GROUP
START GROUP
LOAD c:/program files (x86)/atmel/atmel toolchain/arm gcc/native/4.8.1443/arm-gnu-toolchain/bin/../lib/gcc/arm-none-eabi/4.8.4/armv6-m\libgcc.a
LOAD c:/program files (x86)/atmel/atmel toolchain/arm gcc/native/4.8.1443/arm-gnu-toolchain/bin/../lib/gcc/arm-none-eabi/4.8.4/../../../../arm-none-eabi/lib/armv6-m\libc_s.a
END GROUP
START GROUP
LOAD c:/program files (x86)/atmel/atmel toolchain/arm gcc/native/4.8.1443/arm-gnu-toolchain/bin/../lib/gcc/arm-none-eabi/4.8.4/armv6-m\libgcc.a
LOAD c:/program files (x86)/atmel/atmel toolchain/arm gcc/native/4.8.1443/arm-gnu-toolchain/bin/../lib/gcc/arm-none-eabi/4.8.4/../../../../arm-none-eabi/lib/armv6-m\libc_s.a
END GROUP
LOAD c:/program files (x86)/atmel/atmel toolchain/arm gcc/native/4.8.1443/arm-gnu-toolchain/bin/../lib/gcc/arm-none-eabi/4.8.4/armv6-m/crtend.o
LOAD c:/program files (x86)/atmel/atmel toolchain/arm gcc/native/4.8.1443/arm-gnu-toolchain/bin/../lib/gcc/arm-none-eabi/4.8.4/armv6-m/crtn.o
                0x00002000                STACK_SIZE = DEFINED (STACK_SIZE)?STACK_SIZE:DEFINED (__stack_size__)?__stack_size__:0x2000

.text           0x00000000     0x2be4
                0x00000000                . = ALIGN (0x4)
                0x00000000                _sfixed = .
 *(.vectors .vectors.*)
 .vectors       0x00000000       0xa4 src/ASF/sam0/utils/cmsis/samd20/source/gcc/startup_samd20.o
                0x00000000                exception_table
 *(.text .text.* .gnu.linkonce.t.*)
 .text          0x000000a4       0x60 c:/program files (x86)/atmel/atmel toolchain/arm gcc/native/4.8.1443/arm-gnu-toolchain/bin/../lib/gcc/arm-none-eabi/4.8.4/armv6-m/crtbegin.o
 .text.port_pin_set_config
                0x00000104       0x24 src/ASF/sam0/drivers/port/port.o
                0x00000104                port_pin_set_config
 .text._sercom_get_sync_baud_val
                0x00000128       0x28 src/ASF/sam0/drivers/sercom/sercom.o
                0x00000128                _sercom_get_sync_baud_val
 .text._sercom_get_async_baud_val
                0x00000150      0x1b0 src/ASF/sam0/drivers/sercom/sercom.o
                0x00000150                _sercom_get_async_baud_val
 .text.sercom_set_gclk_generator
                0x00000300       0x50 src/ASF/sam0/drivers/sercom/sercom.o
                0x00000300                sercom_set_gclk_generator
 .text._sercom_get_default_pad
                0x00000350      0x188 src/ASF/sam0/drivers/sercom/sercom.o
                0x00000350                _sercom_get_default_pad
 .text._sercom_get_sercom_inst_index
                0x000004d8       0x3c src/ASF/sam0/drivers/sercom/sercom.o
                0x000004d8                _sercom_get_sercom_inst_index
 .text._read    0x00000514       0x44 src/ASF/sam0/utils/stdio/read.o
                0x00000514                _read
 .text._write   0x00000558       0x54 src/ASF/sam0/utils/stdio/write.o
                0x00000558                _write
 .text.usart_init
                0x000005ac      0x248 src/ASF/sam0/drivers/sercom/usart/usart.o
                0x000005ac                usart_init
 .text.usart_write_wait
                0x000007f4       0x34 src/ASF/sam0/drivers/sercom/usart/usart.o
                0x000007f4                usart_write_wait
 .text.usart_read_wait
                0x00000828       0x60 src/ASF/sam0/drivers/sercom/usart/usart.o
                0x00000828                usart_read_wait
 .text.usart_write_buffer_wait
                0x00000888       0xc4 src/ASF/sam0/drivers/sercom/usart/usart.o
                0x00000888                usart_write_buffer_wait
 .text._usart_interrupt_handler
                0x0000094c      0x130 src/ASF/sam0/drivers/sercom/usart/usart_interrupt.o
                0x0000094c                _usart_interrupt_handler
 .text._sercom_default_handler
                0x00000a7c        0x4 src/ASF/sam0/drivers/sercom/sercom_interrupt.o
 .text._sercom_set_handler
                0x00000a80       0x3c src/ASF/sam0/drivers/sercom/sercom_interrupt.o
                0x00000a80                _sercom_set_handler
 .text._sercom_get_interrupt_vector
                0x00000abc       0x2c src/ASF/sam0/drivers/sercom/sercom_interrupt.o
                0x00000abc                _sercom_get_interrupt_vector
 .text.SERCOM0_Handler
                0x00000ae8       0x10 src/ASF/sam0/drivers/sercom/sercom_interrupt.o
                0x00000ae8                SERCOM0_Handler
 .text.SERCOM1_Handler
                0x00000af8       0x10 src/ASF/sam0/drivers/sercom/sercom_interrupt.o
                0x00000af8                SERCOM1_Handler
 .text.SERCOM2_Handler
                0x00000b08       0x10 src/ASF/sam0/drivers/sercom/sercom_interrupt.o
                0x00000b08                SERCOM2_Handler
 .text.SERCOM3_Handler
                0x00000b18       0x10 src/ASF/sam0/drivers/sercom/sercom_interrupt.o
                0x00000b18                SERCOM3_Handler
 .text.SERCOM4_Handler
                0x00000b28       0x10 src/ASF/sam0/drivers/sercom/sercom_interrupt.o
                0x00000b28                SERCOM4_Handler
 .text.SERCOM5_Handler
                0x00000b38       0x10 src/ASF/sam0/drivers/sercom/sercom_interrupt.o
                0x00000b38                SERCOM5_Handler
 .text.delay_init
                0x00000b48       0x3c src/ASF/common2/services/delay/sam0/systick_counter.o
                0x00000b48                delay_init
 .text.delay_cycles_ms
                0x00000b84       0x2c src/ASF/common2/services/delay/sam0/systick_counter.o
                0x00000b84                delay_cycles_ms
 .text.system_board_init
                0x00000bb0        0x4 src/ASF/common2/boards/user_board/init.o
                0x00000bb0                board_init
                0x00000bb0                system_board_init
 .text.cpu_irq_enter_critical
                0x00000bb4       0x40 src/ASF/common/utils/interrupt/interrupt_sam_nvic.o
                0x00000bb4                cpu_irq_enter_critical
 .text.cpu_irq_leave_critical
                0x00000bf4       0x30 src/ASF/common/utils/interrupt/interrupt_sam_nvic.o
                0x00000bf4                cpu_irq_leave_critical
 .text.system_clock_source_get_hz
                0x00000c24       0x80 src/ASF/sam0/drivers/system/clock/clock_samd20/clock.o
                0x00000c24                system_clock_source_get_hz
 .text.system_clock_source_osc8m_set_config
                0x00000ca4       0x3c src/ASF/sam0/drivers/system/clock/clock_samd20/clock.o
                0x00000ca4                system_clock_source_osc8m_set_config
 .text.system_clock_source_enable
                0x00000ce0       0x90 src/ASF/sam0/drivers/system/clock/clock_samd20/clock.o
                0x00000ce0                system_clock_source_enable
 .text.system_clock_init
                0x00000d70       0x78 src/ASF/sam0/drivers/system/clock/clock_samd20/clock.o
                0x00000d70                system_clock_init
 .text.system_gclk_init
                0x00000de8       0x24 src/ASF/sam0/drivers/system/clock/clock_samd20/gclk.o
                0x00000de8                system_gclk_init
 .text.system_gclk_gen_set_config
                0x00000e0c       0xb4 src/ASF/sam0/drivers/system/clock/clock_samd20/gclk.o
                0x00000e0c                system_gclk_gen_set_config
 .text.system_gclk_gen_enable
                0x00000ec0       0x44 src/ASF/sam0/drivers/system/clock/clock_samd20/gclk.o
                0x00000ec0                system_gclk_gen_enable
 .text.system_gclk_gen_get_hz
                0x00000f04       0x8c src/ASF/sam0/drivers/system/clock/clock_samd20/gclk.o
                0x00000f04                system_gclk_gen_get_hz
 .text.system_gclk_chan_enable
                0x00000f90       0x30 src/ASF/sam0/drivers/system/clock/clock_samd20/gclk.o
                0x00000f90                system_gclk_chan_enable
 .text.system_gclk_chan_disable
                0x00000fc0       0x5c src/ASF/sam0/drivers/system/clock/clock_samd20/gclk.o
                0x00000fc0                system_gclk_chan_disable
 .text.system_gclk_chan_set_config
                0x0000101c       0x1c src/ASF/sam0/drivers/system/clock/clock_samd20/gclk.o
                0x0000101c                system_gclk_chan_set_config
 .text.system_gclk_chan_get_hz
                0x00001038       0x34 src/ASF/sam0/drivers/system/clock/clock_samd20/gclk.o
                0x00001038                system_gclk_chan_get_hz
 .text._system_pinmux_config
                0x0000106c       0x8c src/ASF/sam0/drivers/system/pinmux/pinmux.o
 .text.system_pinmux_pin_set_config
                0x000010f8       0x2c src/ASF/sam0/drivers/system/pinmux/pinmux.o
                0x000010f8                system_pinmux_pin_set_config
 .text._system_dummy_init
                0x00001124        0x4 src/ASF/sam0/drivers/system/system.o
                0x00001124                _system_events_init
                0x00001124                _system_dummy_init
                0x00001124                _system_extint_init
 .text.system_init
                0x00001128       0x24 src/ASF/sam0/drivers/system/system.o
                0x00001128                system_init
 .text.Dummy_Handler
                0x0000114c        0x4 src/ASF/sam0/utils/cmsis/samd20/source/gcc/startup_samd20.o
                0x0000114c                HardFault_Handler
                0x0000114c                TC2_Handler
                0x0000114c                AC_Handler
                0x0000114c                SysTick_Handler
                0x0000114c                PendSV_Handler
                0x0000114c                NMI_Handler
                0x0000114c                TC7_Handler
                0x0000114c                ADC_Handler
                0x0000114c                RTC_Handler
                0x0000114c                EIC_Handler
                0x0000114c                TC6_Handler
                0x0000114c                WDT_Handler
                0x0000114c                TC4_Handler
                0x0000114c                TC1_Handler
                0x0000114c                TC3_Handler
                0x0000114c                Dummy_Handler
                0x0000114c                PM_Handler
                0x0000114c                SVC_Handler
                0x0000114c                EVSYS_Handler
                0x0000114c                NVMCTRL_Handler
                0x0000114c                DAC_Handler
                0x0000114c                PTC_Handler
                0x0000114c                TC0_Handler
                0x0000114c                TC5_Handler
                0x0000114c                SYSCTRL_Handler
 .text.Reset_Handler
                0x00001150       0x90 src/ASF/sam0/utils/cmsis/samd20/source/gcc/startup_samd20.o
                0x00001150                Reset_Handler
 .text._sbrk    0x000011e0       0x24 src/ASF/sam0/utils/syscalls/gcc/syscalls.o
                0x000011e0                _sbrk
 .text._close   0x00001204        0x8 src/ASF/sam0/utils/syscalls/gcc/syscalls.o
                0x00001204                _close
 .text._fstat   0x0000120c        0xc src/ASF/sam0/utils/syscalls/gcc/syscalls.o
                0x0000120c                _fstat
 .text._isatty  0x00001218        0x4 src/ASF/sam0/utils/syscalls/gcc/syscalls.o
                0x00001218                _isatty
 .text._lseek   0x0000121c        0x4 src/ASF/sam0/utils/syscalls/gcc/syscalls.o
                0x0000121c                _lseek
 .text.usart_serial_getchar
                0x00001220       0x2c src/main.o
 .text.usart_serial_putchar
                0x0000124c       0x18 src/main.o
 .text.configure_usart_CONSOLE
                0x00001264      0x12c src/main.o
                0x00001264                configure_usart_CONSOLE
 .text.write_DEBUG
                0x00001390       0x20 src/main.o
                0x00001390                write_DEBUG
 .text.configure_usart_STN
                0x000013b0      0x100 src/main.o
                0x000013b0                configure_usart_STN
 .text.RcvResponseFromSTN
                0x000014b0       0x30 src/main.o
                0x000014b0                RcvResponseFromSTN
 .text.stn_rx_handler
                0x000014e0       0x30 src/main.o
                0x000014e0                stn_rx_handler
 .text.sendPID  0x00001510       0x74 src/main.o
                0x00001510                sendPID
 .text.LedInit  0x00001584       0x40 src/main.o
                0x00001584                LedInit
 .text.main     0x000015c4      0x20c src/main.o
                0x000015c4                main
 .text          0x000017d0       0x9c c:/program files (x86)/atmel/atmel toolchain/arm gcc/native/4.8.1443/arm-gnu-toolchain/bin/../lib/gcc/arm-none-eabi/4.8.4/armv6-m\libgcc.a(_udivsi3.o)
                0x000017d0                __aeabi_uidiv
                0x000017d0                __udivsi3
                0x00001858                __aeabi_uidivmod
 .text          0x0000186c        0x4 c:/program files (x86)/atmel/atmel toolchain/arm gcc/native/4.8.1443/arm-gnu-toolchain/bin/../lib/gcc/arm-none-eabi/4.8.4/armv6-m\libgcc.a(_dvmd_tls.o)
                0x0000186c                __aeabi_idiv0
                0x0000186c                __aeabi_ldiv0
 .text          0x00001870       0x44 c:/program files (x86)/atmel/atmel toolchain/arm gcc/native/4.8.1443/arm-gnu-toolchain/bin/../lib/gcc/arm-none-eabi/4.8.4/armv6-m\libgcc.a(_muldi3.o)
                0x00001870                __muldi3
                0x00001870                __aeabi_lmul
 .text.__libc_init_array
                0x000018b4       0x4c c:/program files (x86)/atmel/atmel toolchain/arm gcc/native/4.8.1443/arm-gnu-toolchain/bin/../lib/gcc/arm-none-eabi/4.8.4/../../../../arm-none-eabi/lib/armv6-m\libc_s.a(lib_a-init.o)
                0x000018b4                __libc_init_array
 .text.memcpy   0x00001900       0x12 c:/program files (x86)/atmel/atmel toolchain/arm gcc/native/4.8.1443/arm-gnu-toolchain/bin/../lib/gcc/arm-none-eabi/4.8.4/../../../../arm-none-eabi/lib/armv6-m\libc_s.a(lib_a-memcpy-stub.o)
                0x00001900                memcpy
 .text.memset   0x00001912       0x10 c:/program files (x86)/atmel/atmel toolchain/arm gcc/native/4.8.1443/arm-gnu-toolchain/bin/../lib/gcc/arm-none-eabi/4.8.4/../../../../arm-none-eabi/lib/armv6-m\libc_s.a(lib_a-memset.o)
                0x00001912                memset
 *fill*         0x00001922        0x2 
 .text.printf   0x00001924       0x34 c:/program files (x86)/atmel/atmel toolchain/arm gcc/native/4.8.1443/arm-gnu-toolchain/bin/../lib/gcc/arm-none-eabi/4.8.4/../../../../arm-none-eabi/lib/armv6-m\libc_s.a(lib_a-printf.o)
                0x00001924                iprintf
                0x00001924                printf
 .text._puts_r  0x00001958       0xc2 c:/program files (x86)/atmel/atmel toolchain/arm gcc/native/4.8.1443/arm-gnu-toolchain/bin/../lib/gcc/arm-none-eabi/4.8.4/../../../../arm-none-eabi/lib/armv6-m\libc_s.a(lib_a-puts.o)
                0x00001958                _puts_r
 *fill*         0x00001a1a        0x2 
 .text.puts     0x00001a1c       0x14 c:/program files (x86)/atmel/atmel toolchain/arm gcc/native/4.8.1443/arm-gnu-toolchain/bin/../lib/gcc/arm-none-eabi/4.8.4/../../../../arm-none-eabi/lib/armv6-m\libc_s.a(lib_a-puts.o)
                0x00001a1c                puts
 .text.setbuf   0x00001a30       0x12 c:/program files (x86)/atmel/atmel toolchain/arm gcc/native/4.8.1443/arm-gnu-toolchain/bin/../lib/gcc/arm-none-eabi/4.8.4/../../../../arm-none-eabi/lib/armv6-m\libc_s.a(lib_a-setbuf.o)
                0x00001a30                setbuf
 *fill*         0x00001a42        0x2 
 .text.setvbuf  0x00001a44      0x10c c:/program files (x86)/atmel/atmel toolchain/arm gcc/native/4.8.1443/arm-gnu-toolchain/bin/../lib/gcc/arm-none-eabi/4.8.4/../../../../arm-none-eabi/lib/armv6-m\libc_s.a(lib_a-setvbuf.o)
                0x00001a44                setvbuf
 .text.strlen   0x00001b50        0xe c:/program files (x86)/atmel/atmel toolchain/arm gcc/native/4.8.1443/arm-gnu-toolchain/bin/../lib/gcc/arm-none-eabi/4.8.4/../../../../arm-none-eabi/lib/armv6-m\libc_s.a(lib_a-strlen.o)
                0x00001b50                strlen
 .text.__sfputc_r
                0x00001b5e       0x2a c:/program files (x86)/atmel/atmel toolchain/arm gcc/native/4.8.1443/arm-gnu-toolchain/bin/../lib/gcc/arm-none-eabi/4.8.4/../../../../arm-none-eabi/lib/armv6-m\libc_s.a(lib_a-vfprintf.o)
 .text.__sfputs_r
                0x00001b88       0x24 c:/program files (x86)/atmel/atmel toolchain/arm gcc/native/4.8.1443/arm-gnu-toolchain/bin/../lib/gcc/arm-none-eabi/4.8.4/../../../../arm-none-eabi/lib/armv6-m\libc_s.a(lib_a-vfprintf.o)
                0x00001b88                __sfputs_r
 .text._vfprintf_r
                0x00001bac      0x210 c:/program files (x86)/atmel/atmel toolchain/arm gcc/native/4.8.1443/arm-gnu-toolchain/bin/../lib/gcc/arm-none-eabi/4.8.4/../../../../arm-none-eabi/lib/armv6-m\libc_s.a(lib_a-vfprintf.o)
                0x00001bac                _vfprintf_r
                0x00001bac                _vfiprintf_r
 .text._printf_common
                0x00001dbc       0xe8 c:/program files (x86)/atmel/atmel toolchain/arm gcc/native/4.8.1443/arm-gnu-toolchain/bin/../lib/gcc/arm-none-eabi/4.8.4/../../../../arm-none-eabi/lib/armv6-m\libc_s.a(lib_a-vfprintf_i.o)
                0x00001dbc                _printf_common
 .text._printf_i
                0x00001ea4      0x22c c:/program files (x86)/atmel/atmel toolchain/arm gcc/native/4.8.1443/arm-gnu-toolchain/bin/../lib/gcc/arm-none-eabi/4.8.4/../../../../arm-none-eabi/lib/armv6-m\libc_s.a(lib_a-vfprintf_i.o)
                0x00001ea4                _printf_i
 .text.__swbuf_r
                0x000020d0       0xb0 c:/program files (x86)/atmel/atmel toolchain/arm gcc/native/4.8.1443/arm-gnu-toolchain/bin/../lib/gcc/arm-none-eabi/4.8.4/../../../../arm-none-eabi/lib/armv6-m\libc_s.a(lib_a-wbuf.o)
                0x000020d0                __swbuf_r
 .text.__swsetup_r
                0x00002180       0xe4 c:/program files (x86)/atmel/atmel toolchain/arm gcc/native/4.8.1443/arm-gnu-toolchain/bin/../lib/gcc/arm-none-eabi/4.8.4/../../../../arm-none-eabi/lib/armv6-m\libc_s.a(lib_a-wsetup.o)
                0x00002180                __swsetup_r
 .text.__sflush_r
                0x00002264      0x112 c:/program files (x86)/atmel/atmel toolchain/arm gcc/native/4.8.1443/arm-gnu-toolchain/bin/../lib/gcc/arm-none-eabi/4.8.4/../../../../arm-none-eabi/lib/armv6-m\libc_s.a(lib_a-fflush.o)
                0x00002264                __sflush_r
 *fill*         0x00002376        0x2 
 .text._fflush_r
                0x00002378       0x58 c:/program files (x86)/atmel/atmel toolchain/arm gcc/native/4.8.1443/arm-gnu-toolchain/bin/../lib/gcc/arm-none-eabi/4.8.4/../../../../arm-none-eabi/lib/armv6-m\libc_s.a(lib_a-fflush.o)
                0x00002378                _fflush_r
 .text._cleanup_r
                0x000023d0       0x34 c:/program files (x86)/atmel/atmel toolchain/arm gcc/native/4.8.1443/arm-gnu-toolchain/bin/../lib/gcc/arm-none-eabi/4.8.4/../../../../arm-none-eabi/lib/armv6-m\libc_s.a(lib_a-findfp.o)
                0x000023d0                _cleanup_r
 .text.std.isra.0
                0x00002404       0x48 c:/program files (x86)/atmel/atmel toolchain/arm gcc/native/4.8.1443/arm-gnu-toolchain/bin/../lib/gcc/arm-none-eabi/4.8.4/../../../../arm-none-eabi/lib/armv6-m\libc_s.a(lib_a-findfp.o)
 .text.__sfmoreglue
                0x0000244c       0x2c c:/program files (x86)/atmel/atmel toolchain/arm gcc/native/4.8.1443/arm-gnu-toolchain/bin/../lib/gcc/arm-none-eabi/4.8.4/../../../../arm-none-eabi/lib/armv6-m\libc_s.a(lib_a-findfp.o)
                0x0000244c                __sfmoreglue
 .text.__sinit  0x00002478       0x64 c:/program files (x86)/atmel/atmel toolchain/arm gcc/native/4.8.1443/arm-gnu-toolchain/bin/../lib/gcc/arm-none-eabi/4.8.4/../../../../arm-none-eabi/lib/armv6-m\libc_s.a(lib_a-findfp.o)
                0x00002478                __sinit
 .text.__sfp    0x000024dc       0x7c c:/program files (x86)/atmel/atmel toolchain/arm gcc/native/4.8.1443/arm-gnu-toolchain/bin/../lib/gcc/arm-none-eabi/4.8.4/../../../../arm-none-eabi/lib/armv6-m\libc_s.a(lib_a-findfp.o)
                0x000024dc                __sfp
 .text.__smakebuf_r
                0x00002558       0xa0 c:/program files (x86)/atmel/atmel toolchain/arm gcc/native/4.8.1443/arm-gnu-toolchain/bin/../lib/gcc/arm-none-eabi/4.8.4/../../../../arm-none-eabi/lib/armv6-m\libc_s.a(lib_a-makebuf.o)
                0x00002558                __smakebuf_r
 .text.malloc   0x000025f8       0x14 c:/program files (x86)/atmel/atmel toolchain/arm gcc/native/4.8.1443/arm-gnu-toolchain/bin/../lib/gcc/arm-none-eabi/4.8.4/../../../../arm-none-eabi/lib/armv6-m\libc_s.a(lib_a-malloc.o)
                0x000025f8                malloc
 .text.memchr   0x0000260c       0x16 c:/program files (x86)/atmel/atmel toolchain/arm gcc/native/4.8.1443/arm-gnu-toolchain/bin/../lib/gcc/arm-none-eabi/4.8.4/../../../../arm-none-eabi/lib/armv6-m\libc_s.a(lib_a-memchr-stub.o)
                0x0000260c                memchr
 *fill*         0x00002622        0x2 
 .text._free_r  0x00002624       0x90 c:/program files (x86)/atmel/atmel toolchain/arm gcc/native/4.8.1443/arm-gnu-toolchain/bin/../lib/gcc/arm-none-eabi/4.8.4/../../../../arm-none-eabi/lib/armv6-m\libc_s.a(lib_a-nano-freer.o)
                0x00002624                _free_r
 .text._malloc_r
                0x000026b4       0xa8 c:/program files (x86)/atmel/atmel toolchain/arm gcc/native/4.8.1443/arm-gnu-toolchain/bin/../lib/gcc/arm-none-eabi/4.8.4/../../../../arm-none-eabi/lib/armv6-m\libc_s.a(lib_a-nano-mallocr.o)
                0x000026b4                _malloc_r
 .text._sbrk_r  0x0000275c       0x24 c:/program files (x86)/atmel/atmel toolchain/arm gcc/native/4.8.1443/arm-gnu-toolchain/bin/../lib/gcc/arm-none-eabi/4.8.4/../../../../arm-none-eabi/lib/armv6-m\libc_s.a(lib_a-sbrkr.o)
                0x0000275c                _sbrk_r
 .text.__sread  0x00002780       0x28 c:/program files (x86)/atmel/atmel toolchain/arm gcc/native/4.8.1443/arm-gnu-toolchain/bin/../lib/gcc/arm-none-eabi/4.8.4/../../../../arm-none-eabi/lib/armv6-m\libc_s.a(lib_a-stdio.o)
                0x00002780                __sread
 .text.__swrite
                0x000027a8       0x38 c:/program files (x86)/atmel/atmel toolchain/arm gcc/native/4.8.1443/arm-gnu-toolchain/bin/../lib/gcc/arm-none-eabi/4.8.4/../../../../arm-none-eabi/lib/armv6-m\libc_s.a(lib_a-stdio.o)
                0x000027a8                __swrite
 .text.__sseek  0x000027e0       0x2c c:/program files (x86)/atmel/atmel toolchain/arm gcc/native/4.8.1443/arm-gnu-toolchain/bin/../lib/gcc/arm-none-eabi/4.8.4/../../../../arm-none-eabi/lib/armv6-m\libc_s.a(lib_a-stdio.o)
                0x000027e0                __sseek
 .text.__sclose
                0x0000280c        0xc c:/program files (x86)/atmel/atmel toolchain/arm gcc/native/4.8.1443/arm-gnu-toolchain/bin/../lib/gcc/arm-none-eabi/4.8.4/../../../../arm-none-eabi/lib/armv6-m\libc_s.a(lib_a-stdio.o)
                0x0000280c                __sclose
 .text._write_r
                0x00002818       0x28 c:/program files (x86)/atmel/atmel toolchain/arm gcc/native/4.8.1443/arm-gnu-toolchain/bin/../lib/gcc/arm-none-eabi/4.8.4/../../../../arm-none-eabi/lib/armv6-m\libc_s.a(lib_a-writer.o)
                0x00002818                _write_r
 .text._close_r
                0x00002840       0x24 c:/program files (x86)/atmel/atmel toolchain/arm gcc/native/4.8.1443/arm-gnu-toolchain/bin/../lib/gcc/arm-none-eabi/4.8.4/../../../../arm-none-eabi/lib/armv6-m\libc_s.a(lib_a-closer.o)
                0x00002840                _close_r
 .text._fstat_r
                0x00002864       0x24 c:/program files (x86)/atmel/atmel toolchain/arm gcc/native/4.8.1443/arm-gnu-toolchain/bin/../lib/gcc/arm-none-eabi/4.8.4/../../../../arm-none-eabi/lib/armv6-m\libc_s.a(lib_a-fstatr.o)
                0x00002864                _fstat_r
 .text._isatty_r
                0x00002888       0x24 c:/program files (x86)/atmel/atmel toolchain/arm gcc/native/4.8.1443/arm-gnu-toolchain/bin/../lib/gcc/arm-none-eabi/4.8.4/../../../../arm-none-eabi/lib/armv6-m\libc_s.a(lib_a-isattyr.o)
                0x00002888                _isatty_r
 .text._lseek_r
                0x000028ac       0x28 c:/program files (x86)/atmel/atmel toolchain/arm gcc/native/4.8.1443/arm-gnu-toolchain/bin/../lib/gcc/arm-none-eabi/4.8.4/../../../../arm-none-eabi/lib/armv6-m\libc_s.a(lib_a-lseekr.o)
                0x000028ac                _lseek_r
 .text._read_r  0x000028d4       0x28 c:/program files (x86)/atmel/atmel toolchain/arm gcc/native/4.8.1443/arm-gnu-toolchain/bin/../lib/gcc/arm-none-eabi/4.8.4/../../../../arm-none-eabi/lib/armv6-m\libc_s.a(lib_a-readr.o)
                0x000028d4                _read_r
 *(.glue_7t)
 .glue_7t       0x00000000        0x0 linker stubs
 *(.glue_7)
 .glue_7        0x00000000        0x0 linker stubs
 *(.rodata .rodata* .gnu.linkonce.r.*)
 .rodata        0x000028fc       0x18 src/ASF/sam0/drivers/sercom/sercom.o
 .rodata        0x00002914        0x8 src/ASF/sam0/drivers/sercom/sercom_interrupt.o
 .rodata.system_clock_source_get_hz
                0x0000291c       0x20 src/ASF/sam0/drivers/system/clock/clock_samd20/clock.o
 .rodata.system_clock_source_enable
                0x0000293c       0x20 src/ASF/sam0/drivers/system/clock/clock_samd20/clock.o
 .rodata.str1.4
                0x0000295c      0x140 src/main.o
 .rodata.Headers
                0x00002a9c       0x40 src/main.o
                0x00002a9c                Headers
 .rodata.PIDS   0x00002adc       0x4c src/main.o
                0x00002adc                PIDS
 .rodata.str1.1
                0x00002b28        0x2 c:/program files (x86)/atmel/atmel toolchain/arm gcc/native/4.8.1443/arm-gnu-toolchain/bin/../lib/gcc/arm-none-eabi/4.8.4/../../../../arm-none-eabi/lib/armv6-m\libc_s.a(lib_a-impure.o)
 *fill*         0x00002b2a        0x2 
 .rodata._global_impure_ptr
                0x00002b2c        0x4 c:/program files (x86)/atmel/atmel toolchain/arm gcc/native/4.8.1443/arm-gnu-toolchain/bin/../lib/gcc/arm-none-eabi/4.8.4/../../../../arm-none-eabi/lib/armv6-m\libc_s.a(lib_a-impure.o)
                0x00002b2c                _global_impure_ptr
 .rodata.str1.1
                0x00002b30       0x11 c:/program files (x86)/atmel/atmel toolchain/arm gcc/native/4.8.1443/arm-gnu-toolchain/bin/../lib/gcc/arm-none-eabi/4.8.4/../../../../arm-none-eabi/lib/armv6-m\libc_s.a(lib_a-vfprintf.o)
 .rodata.str1.1
                0x00002b41       0x22 c:/program files (x86)/atmel/atmel toolchain/arm gcc/native/4.8.1443/arm-gnu-toolchain/bin/../lib/gcc/arm-none-eabi/4.8.4/../../../../arm-none-eabi/lib/armv6-m\libc_s.a(lib_a-vfprintf_i.o)
 *fill*         0x00002b63        0x1 
 .rodata.__sf_fake_stdin
                0x00002b64       0x20 c:/program files (x86)/atmel/atmel toolchain/arm gcc/native/4.8.1443/arm-gnu-toolchain/bin/../lib/gcc/arm-none-eabi/4.8.4/../../../../arm-none-eabi/lib/armv6-m\libc_s.a(lib_a-findfp.o)
                0x00002b64                __sf_fake_stdin
 .rodata.__sf_fake_stdout
                0x00002b84       0x20 c:/program files (x86)/atmel/atmel toolchain/arm gcc/native/4.8.1443/arm-gnu-toolchain/bin/../lib/gcc/arm-none-eabi/4.8.4/../../../../arm-none-eabi/lib/armv6-m\libc_s.a(lib_a-findfp.o)
                0x00002b84                __sf_fake_stdout
 .rodata.__sf_fake_stderr
                0x00002ba4       0x20 c:/program files (x86)/atmel/atmel toolchain/arm gcc/native/4.8.1443/arm-gnu-toolchain/bin/../lib/gcc/arm-none-eabi/4.8.4/../../../../arm-none-eabi/lib/armv6-m\libc_s.a(lib_a-findfp.o)
                0x00002ba4                __sf_fake_stderr
 *(.ARM.extab* .gnu.linkonce.armextab.*)
                0x00002bc4                . = ALIGN (0x4)
 *(.init)
 .init          0x00002bc4        0x4 c:/program files (x86)/atmel/atmel toolchain/arm gcc/native/4.8.1443/arm-gnu-toolchain/bin/../lib/gcc/arm-none-eabi/4.8.4/armv6-m/crti.o
                0x00002bc4                _init
 .init          0x00002bc8        0x8 c:/program files (x86)/atmel/atmel toolchain/arm gcc/native/4.8.1443/arm-gnu-toolchain/bin/../lib/gcc/arm-none-eabi/4.8.4/armv6-m/crtn.o
                0x00002bd0                . = ALIGN (0x4)
                0x00002bd0                __preinit_array_start = .
 *(.preinit_array)
                0x00002bd0                __preinit_array_end = .
                0x00002bd0                . = ALIGN (0x4)
                0x00002bd0                __init_array_start = .
 *(SORT(.init_array.*))
 *(.init_array)
 .init_array    0x00002bd0        0x4 c:/program files (x86)/atmel/atmel toolchain/arm gcc/native/4.8.1443/arm-gnu-toolchain/bin/../lib/gcc/arm-none-eabi/4.8.4/armv6-m/crtbegin.o
                0x00002bd4                __init_array_end = .
                0x00002bd4                . = ALIGN (0x4)
 *crtbegin.o(.ctors)
 *(EXCLUDE_FILE(*crtend.o) .ctors)
 *(SORT(.ctors.*))
 *crtend.o(.ctors)
                0x00002bd4                . = ALIGN (0x4)
 *(.fini)
 .fini          0x00002bd4        0x4 c:/program files (x86)/atmel/atmel toolchain/arm gcc/native/4.8.1443/arm-gnu-toolchain/bin/../lib/gcc/arm-none-eabi/4.8.4/armv6-m/crti.o
                0x00002bd4                _fini
 .fini          0x00002bd8        0x8 c:/program files (x86)/atmel/atmel toolchain/arm gcc/native/4.8.1443/arm-gnu-toolchain/bin/../lib/gcc/arm-none-eabi/4.8.4/armv6-m/crtn.o
                0x00002be0                . = ALIGN (0x4)
                0x00002be0                __fini_array_start = .
 *(.fini_array)
 .fini_array    0x00002be0        0x4 c:/program files (x86)/atmel/atmel toolchain/arm gcc/native/4.8.1443/arm-gnu-toolchain/bin/../lib/gcc/arm-none-eabi/4.8.4/armv6-m/crtbegin.o
 *(SORT(.fini_array.*))
                0x00002be4                __fini_array_end = .
 *crtbegin.o(.dtors)
 *(EXCLUDE_FILE(*crtend.o) .dtors)
 *(SORT(.dtors.*))
 *crtend.o(.dtors)
                0x00002be4                . = ALIGN (0x4)
                0x00002be4                _efixed = .
                0x00002be4                PROVIDE (__exidx_start, .)

.vfp11_veneer   0x00002be4        0x0
 .vfp11_veneer  0x00000000        0x0 linker stubs

.v4_bx          0x00002be4        0x0
 .v4_bx         0x00000000        0x0 linker stubs

.iplt           0x00002be4        0x0
 .iplt          0x00000000        0x0 c:/program files (x86)/atmel/atmel toolchain/arm gcc/native/4.8.1443/arm-gnu-toolchain/bin/../lib/gcc/arm-none-eabi/4.8.4/armv6-m/crtbegin.o

.eh_frame       0x00002be4        0x0
 .eh_frame      0x00002be4        0x0 c:/program files (x86)/atmel/atmel toolchain/arm gcc/native/4.8.1443/arm-gnu-toolchain/bin/../lib/gcc/arm-none-eabi/4.8.4/armv6-m/crtbegin.o

.rel.dyn        0x00002be4        0x0
 .rel.iplt      0x00000000        0x0 c:/program files (x86)/atmel/atmel toolchain/arm gcc/native/4.8.1443/arm-gnu-toolchain/bin/../lib/gcc/arm-none-eabi/4.8.4/armv6-m/crtbegin.o

.jcr            0x00002be4        0x0
 .jcr           0x00002be4        0x0 c:/program files (x86)/atmel/atmel toolchain/arm gcc/native/4.8.1443/arm-gnu-toolchain/bin/../lib/gcc/arm-none-eabi/4.8.4/armv6-m/crtbegin.o

.igot.plt       0x00002be4        0x0
 .igot.plt      0x00000000        0x0 c:/program files (x86)/atmel/atmel toolchain/arm gcc/native/4.8.1443/arm-gnu-toolchain/bin/../lib/gcc/arm-none-eabi/4.8.4/armv6-m/crtbegin.o

.ARM.exidx
 *(.ARM.exidx* .gnu.linkonce.armexidx.*)
                0x00002be4                PROVIDE (__exidx_end, .)
                0x00002be4                . = ALIGN (0x4)
                0x00002be4                _etext = .

.relocate       0x20000000       0x70 load address 0x00002be4
                0x20000000                . = ALIGN (0x4)
                0x20000000                _srelocate = .
 *(.ramfunc .ramfunc.*)
 *(.data .data.*)
 .data.cycles_per_us
                0x20000000        0x4 src/ASF/common2/services/delay/sam0/systick_counter.o
 .data.cycles_per_ms
                0x20000004        0x4 src/ASF/common2/services/delay/sam0/systick_counter.o
 .data.g_interrupt_enabled
                0x20000008        0x1 src/ASF/common/utils/interrupt/interrupt_sam_nvic.o
                0x20000008                g_interrupt_enabled
 *fill*         0x20000009        0x3 
 .data.impure_data
                0x2000000c       0x60 c:/program files (x86)/atmel/atmel toolchain/arm gcc/native/4.8.1443/arm-gnu-toolchain/bin/../lib/gcc/arm-none-eabi/4.8.4/../../../../arm-none-eabi/lib/armv6-m\libc_s.a(lib_a-impure.o)
 .data._impure_ptr
                0x2000006c        0x4 c:/program files (x86)/atmel/atmel toolchain/arm gcc/native/4.8.1443/arm-gnu-toolchain/bin/../lib/gcc/arm-none-eabi/4.8.4/../../../../arm-none-eabi/lib/armv6-m\libc_s.a(lib_a-impure.o)
                0x2000006c                _impure_ptr
                0x20000070                . = ALIGN (0x4)
                0x20000070                _erelocate = .

.bss            0x20000070      0x1a4 load address 0x00002c54
                0x20000070                . = ALIGN (0x4)
                0x20000070                _sbss = .
                0x20000070                _szero = .
 *(.bss .bss.*)
 .bss           0x20000070       0x1c c:/program files (x86)/atmel/atmel toolchain/arm gcc/native/4.8.1443/arm-gnu-toolchain/bin/../lib/gcc/arm-none-eabi/4.8.4/armv6-m/crtbegin.o
 .bss._sercom_config
                0x2000008c        0x4 src/ASF/sam0/drivers/sercom/sercom.o
 .bss._handler_table_initialized
                0x20000090        0x1 src/ASF/sam0/drivers/sercom/sercom_interrupt.o
 *fill*         0x20000091        0x3 
 .bss._sercom_interrupt_handlers
                0x20000094       0x18 src/ASF/sam0/drivers/sercom/sercom_interrupt.o
 .bss.cpu_irq_critical_section_counter
                0x200000ac        0x4 src/ASF/common/utils/interrupt/interrupt_sam_nvic.o
 .bss.cpu_irq_prev_interrupt_state
                0x200000b0        0x1 src/ASF/common/utils/interrupt/interrupt_sam_nvic.o
 *fill*         0x200000b1        0x3 
 .bss._system_clock_inst
                0x200000b4       0x14 src/ASF/sam0/drivers/system/clock/clock_samd20/clock.o
 .bss.heap.5097
                0x200000c8        0x4 src/ASF/sam0/utils/syscalls/gcc/syscalls.o
 .bss.j         0x200000cc        0x4 src/main.o
                0x200000cc                j
 .bss.STNResBuff
                0x200000d0       0xc8 src/main.o
 .bss.RcvCount  0x20000198        0x1 src/main.o
 .bss.STNRcvCompleteFlag
                0x20000199        0x1 src/main.o
 *fill*         0x2000019a        0x2 
 .bss.__malloc_sbrk_start
                0x2000019c        0x4 c:/program files (x86)/atmel/atmel toolchain/arm gcc/native/4.8.1443/arm-gnu-toolchain/bin/../lib/gcc/arm-none-eabi/4.8.4/../../../../arm-none-eabi/lib/armv6-m\libc_s.a(lib_a-nano-mallocr.o)
                0x2000019c                __malloc_sbrk_start
 .bss.__malloc_free_list
                0x200001a0        0x4 c:/program files (x86)/atmel/atmel toolchain/arm gcc/native/4.8.1443/arm-gnu-toolchain/bin/../lib/gcc/arm-none-eabi/4.8.4/../../../../arm-none-eabi/lib/armv6-m\libc_s.a(lib_a-nano-mallocr.o)
                0x200001a0                __malloc_free_list
 *(COMMON)
 COMMON         0x200001a4        0x4 src/ASF/sam0/utils/stdio/read.o
                0x200001a4                ptr_get
 COMMON         0x200001a8        0x8 src/ASF/sam0/utils/stdio/write.o
                0x200001a8                ptr_put
                0x200001ac                stdio_base
 COMMON         0x200001b0       0x18 src/ASF/sam0/drivers/sercom/sercom_interrupt.o
                0x200001b0                _sercom_instances
 COMMON         0x200001c8       0x48 src/main.o
                0x200001c8                usart_instance_STN
                0x200001ec                usart_instance_CONSOLE
 COMMON         0x20000210        0x4 c:/program files (x86)/atmel/atmel toolchain/arm gcc/native/4.8.1443/arm-gnu-toolchain/bin/../lib/gcc/arm-none-eabi/4.8.4/../../../../arm-none-eabi/lib/armv6-m\libc_s.a(lib_a-reent.o)
                0x20000210                errno
                0x20000214                . = ALIGN (0x4)
                0x20000214                _ebss = .
                0x20000214                _ezero = .

.stack          0x20000214     0x2004 load address 0x00002df8
                0x20000218                . = ALIGN (0x8)
 *fill*         0x20000214        0x4 
                0x20000218                _sstack = .
                0x20002218                . = (. + STACK_SIZE)
 *fill*         0x20000218     0x2000 
                0x20002218                . = ALIGN (0x8)
                0x20002218                _estack = .
                0x20002218                . = ALIGN (0x4)
                0x20002218                _end = .
OUTPUT(SAMD20STN.elf elf32-littlearm)

.ARM.attributes
                0x00000000       0x28
 .ARM.attributes
                0x00000000       0x1e c:/program files (x86)/atmel/atmel toolchain/arm gcc/native/4.8.1443/arm-gnu-toolchain/bin/../lib/gcc/arm-none-eabi/4.8.4/armv6-m/crti.o
 .ARM.attributes
                0x0000001e       0x2c c:/program files (x86)/atmel/atmel toolchain/arm gcc/native/4.8.1443/arm-gnu-toolchain/bin/../lib/gcc/arm-none-eabi/4.8.4/armv6-m/crtbegin.o
 .ARM.attributes
                0x0000004a       0x32 src/ASF/sam0/drivers/port/port.o
 .ARM.attributes
                0x0000007c       0x32 src/ASF/sam0/drivers/sercom/sercom.o
 .ARM.attributes
                0x000000ae       0x32 src/ASF/sam0/utils/stdio/read.o
 .ARM.attributes
                0x000000e0       0x32 src/ASF/sam0/utils/stdio/write.o
 .ARM.attributes
                0x00000112       0x32 src/ASF/sam0/drivers/sercom/usart/usart.o
 .ARM.attributes
                0x00000144       0x32 src/ASF/sam0/drivers/sercom/usart/usart_interrupt.o
 .ARM.attributes
                0x00000176       0x32 src/ASF/sam0/drivers/sercom/sercom_interrupt.o
 .ARM.attributes
                0x000001a8       0x32 src/ASF/common2/services/delay/sam0/systick_counter.o
 .ARM.attributes
                0x000001da       0x32 src/ASF/common2/boards/user_board/init.o
 .ARM.attributes
                0x0000020c       0x32 src/ASF/common/utils/interrupt/interrupt_sam_nvic.o
 .ARM.attributes
                0x0000023e       0x32 src/ASF/sam0/drivers/system/clock/clock_samd20/clock.o
 .ARM.attributes
                0x00000270       0x32 src/ASF/sam0/drivers/system/clock/clock_samd20/gclk.o
 .ARM.attributes
                0x000002a2       0x32 src/ASF/sam0/drivers/system/pinmux/pinmux.o
 .ARM.attributes
                0x000002d4       0x32 src/ASF/sam0/drivers/system/system.o
 .ARM.attributes
                0x00000306       0x32 src/ASF/sam0/utils/cmsis/samd20/source/gcc/startup_samd20.o
 .ARM.attributes
                0x00000338       0x32 src/ASF/sam0/utils/syscalls/gcc/syscalls.o
 .ARM.attributes
                0x0000036a       0x32 src/main.o
 .ARM.attributes
                0x0000039c       0x1e c:/program files (x86)/atmel/atmel toolchain/arm gcc/native/4.8.1443/arm-gnu-toolchain/bin/../lib/gcc/arm-none-eabi/4.8.4/armv6-m\libgcc.a(_udivsi3.o)
 .ARM.attributes
                0x000003ba       0x1e c:/program files (x86)/atmel/atmel toolchain/arm gcc/native/4.8.1443/arm-gnu-toolchain/bin/../lib/gcc/arm-none-eabi/4.8.4/armv6-m\libgcc.a(_dvmd_tls.o)
 .ARM.attributes
                0x000003d8       0x2c c:/program files (x86)/atmel/atmel toolchain/arm gcc/native/4.8.1443/arm-gnu-toolchain/bin/../lib/gcc/arm-none-eabi/4.8.4/armv6-m\libgcc.a(_muldi3.o)
 .ARM.attributes
                0x00000404       0x2c c:/program files (x86)/atmel/atmel toolchain/arm gcc/native/4.8.1443/arm-gnu-toolchain/bin/../lib/gcc/arm-none-eabi/4.8.4/../../../../arm-none-eabi/lib/armv6-m\libc_s.a(lib_a-impure.o)
 .ARM.attributes
                0x00000430       0x2c c:/program files (x86)/atmel/atmel toolchain/arm gcc/native/4.8.1443/arm-gnu-toolchain/bin/../lib/gcc/arm-none-eabi/4.8.4/../../../../arm-none-eabi/lib/armv6-m\libc_s.a(lib_a-init.o)
 .ARM.attributes
                0x0000045c       0x2c c:/program files (x86)/atmel/atmel toolchain/arm gcc/native/4.8.1443/arm-gnu-toolchain/bin/../lib/gcc/arm-none-eabi/4.8.4/../../../../arm-none-eabi/lib/armv6-m\libc_s.a(lib_a-memcpy-stub.o)
 .ARM.attributes
                0x00000488       0x2c c:/program files (x86)/atmel/atmel toolchain/arm gcc/native/4.8.1443/arm-gnu-toolchain/bin/../lib/gcc/arm-none-eabi/4.8.4/../../../../arm-none-eabi/lib/armv6-m\libc_s.a(lib_a-memset.o)
 .ARM.attributes
                0x000004b4       0x2c c:/program files (x86)/atmel/atmel toolchain/arm gcc/native/4.8.1443/arm-gnu-toolchain/bin/../lib/gcc/arm-none-eabi/4.8.4/../../../../arm-none-eabi/lib/armv6-m\libc_s.a(lib_a-printf.o)
 .ARM.attributes
                0x000004e0       0x2c c:/program files (x86)/atmel/atmel toolchain/arm gcc/native/4.8.1443/arm-gnu-toolchain/bin/../lib/gcc/arm-none-eabi/4.8.4/../../../../arm-none-eabi/lib/armv6-m\libc_s.a(lib_a-puts.o)
 .ARM.attributes
                0x0000050c       0x2c c:/program files (x86)/atmel/atmel toolchain/arm gcc/native/4.8.1443/arm-gnu-toolchain/bin/../lib/gcc/arm-none-eabi/4.8.4/../../../../arm-none-eabi/lib/armv6-m\libc_s.a(lib_a-setbuf.o)
 .ARM.attributes
                0x00000538       0x2c c:/program files (x86)/atmel/atmel toolchain/arm gcc/native/4.8.1443/arm-gnu-toolchain/bin/../lib/gcc/arm-none-eabi/4.8.4/../../../../arm-none-eabi/lib/armv6-m\libc_s.a(lib_a-setvbuf.o)
 .ARM.attributes
                0x00000564       0x2c c:/program files (x86)/atmel/atmel toolchain/arm gcc/native/4.8.1443/arm-gnu-toolchain/bin/../lib/gcc/arm-none-eabi/4.8.4/../../../../arm-none-eabi/lib/armv6-m\libc_s.a(lib_a-strlen.o)
 .ARM.attributes
                0x00000590       0x2c c:/program files (x86)/atmel/atmel toolchain/arm gcc/native/4.8.1443/arm-gnu-toolchain/bin/../lib/gcc/arm-none-eabi/4.8.4/../../../../arm-none-eabi/lib/armv6-m\libc_s.a(lib_a-vfprintf.o)
 .ARM.attributes
                0x000005bc       0x2c c:/program files (x86)/atmel/atmel toolchain/arm gcc/native/4.8.1443/arm-gnu-toolchain/bin/../lib/gcc/arm-none-eabi/4.8.4/../../../../arm-none-eabi/lib/armv6-m\libc_s.a(lib_a-vfprintf_i.o)
 .ARM.attributes
                0x000005e8       0x2c c:/program files (x86)/atmel/atmel toolchain/arm gcc/native/4.8.1443/arm-gnu-toolchain/bin/../lib/gcc/arm-none-eabi/4.8.4/../../../../arm-none-eabi/lib/armv6-m\libc_s.a(lib_a-wbuf.o)
 .ARM.attributes
                0x00000614       0x2c c:/program files (x86)/atmel/atmel toolchain/arm gcc/native/4.8.1443/arm-gnu-toolchain/bin/../lib/gcc/arm-none-eabi/4.8.4/../../../../arm-none-eabi/lib/armv6-m\libc_s.a(lib_a-wsetup.o)
 .ARM.attributes
                0x00000640       0x2c c:/program files (x86)/atmel/atmel toolchain/arm gcc/native/4.8.1443/arm-gnu-toolchain/bin/../lib/gcc/arm-none-eabi/4.8.4/../../../../arm-none-eabi/lib/armv6-m\libc_s.a(lib_a-fflush.o)
 .ARM.attributes
                0x0000066c       0x2c c:/program files (x86)/atmel/atmel toolchain/arm gcc/native/4.8.1443/arm-gnu-toolchain/bin/../lib/gcc/arm-none-eabi/4.8.4/../../../../arm-none-eabi/lib/armv6-m\libc_s.a(lib_a-findfp.o)
 .ARM.attributes
                0x00000698       0x2c c:/program files (x86)/atmel/atmel toolchain/arm gcc/native/4.8.1443/arm-gnu-toolchain/bin/../lib/gcc/arm-none-eabi/4.8.4/../../../../arm-none-eabi/lib/armv6-m\libc_s.a(lib_a-makebuf.o)
 .ARM.attributes
                0x000006c4       0x2c c:/program files (x86)/atmel/atmel toolchain/arm gcc/native/4.8.1443/arm-gnu-toolchain/bin/../lib/gcc/arm-none-eabi/4.8.4/../../../../arm-none-eabi/lib/armv6-m\libc_s.a(lib_a-malloc.o)
 .ARM.attributes
                0x000006f0       0x2c c:/program files (x86)/atmel/atmel toolchain/arm gcc/native/4.8.1443/arm-gnu-toolchain/bin/../lib/gcc/arm-none-eabi/4.8.4/../../../../arm-none-eabi/lib/armv6-m\libc_s.a(lib_a-memchr-stub.o)
 .ARM.attributes
                0x0000071c       0x2c c:/program files (x86)/atmel/atmel toolchain/arm gcc/native/4.8.1443/arm-gnu-toolchain/bin/../lib/gcc/arm-none-eabi/4.8.4/../../../../arm-none-eabi/lib/armv6-m\libc_s.a(lib_a-nano-freer.o)
 .ARM.attributes
                0x00000748       0x2c c:/program files (x86)/atmel/atmel toolchain/arm gcc/native/4.8.1443/arm-gnu-toolchain/bin/../lib/gcc/arm-none-eabi/4.8.4/../../../../arm-none-eabi/lib/armv6-m\libc_s.a(lib_a-nano-mallocr.o)
 .ARM.attributes
                0x00000774       0x2c c:/program files (x86)/atmel/atmel toolchain/arm gcc/native/4.8.1443/arm-gnu-toolchain/bin/../lib/gcc/arm-none-eabi/4.8.4/../../../../arm-none-eabi/lib/armv6-m\libc_s.a(lib_a-sbrkr.o)
 .ARM.attributes
                0x000007a0       0x2c c:/program files (x86)/atmel/atmel toolchain/arm gcc/native/4.8.1443/arm-gnu-toolchain/bin/../lib/gcc/arm-none-eabi/4.8.4/../../../../arm-none-eabi/lib/armv6-m\libc_s.a(lib_a-stdio.o)
 .ARM.attributes
                0x000007cc       0x2c c:/program files (x86)/atmel/atmel toolchain/arm gcc/native/4.8.1443/arm-gnu-toolchain/bin/../lib/gcc/arm-none-eabi/4.8.4/../../../../arm-none-eabi/lib/armv6-m\libc_s.a(lib_a-writer.o)
 .ARM.attributes
                0x000007f8       0x2c c:/program files (x86)/atmel/atmel toolchain/arm gcc/native/4.8.1443/arm-gnu-toolchain/bin/../lib/gcc/arm-none-eabi/4.8.4/../../../../arm-none-eabi/lib/armv6-m\libc_s.a(lib_a-closer.o)
 .ARM.attributes
                0x00000824       0x2c c:/program files (x86)/atmel/atmel toolchain/arm gcc/native/4.8.1443/arm-gnu-toolchain/bin/../lib/gcc/arm-none-eabi/4.8.4/../../../../arm-none-eabi/lib/armv6-m\libc_s.a(lib_a-fstatr.o)
 .ARM.attributes
                0x00000850       0x2c c:/program files (x86)/atmel/atmel toolchain/arm gcc/native/4.8.1443/arm-gnu-toolchain/bin/../lib/gcc/arm-none-eabi/4.8.4/../../../../arm-none-eabi/lib/armv6-m\libc_s.a(lib_a-isattyr.o)
 .ARM.attributes
                0x0000087c       0x2c c:/program files (x86)/atmel/atmel toolchain/arm gcc/native/4.8.1443/arm-gnu-toolchain/bin/../lib/gcc/arm-none-eabi/4.8.4/../../../../arm-none-eabi/lib/armv6-m\libc_s.a(lib_a-lseekr.o)
 .ARM.attributes
                0x000008a8       0x2c c:/program files (x86)/atmel/atmel toolchain/arm gcc/native/4.8.1443/arm-gnu-toolchain/bin/../lib/gcc/arm-none-eabi/4.8.4/../../../../arm-none-eabi/lib/armv6-m\libc_s.a(lib_a-readr.o)
 .ARM.attributes
                0x000008d4       0x2c c:/program files (x86)/atmel/atmel toolchain/arm gcc/native/4.8.1443/arm-gnu-toolchain/bin/../lib/gcc/arm-none-eabi/4.8.4/../../../../arm-none-eabi/lib/armv6-m\libc_s.a(lib_a-reent.o)
 .ARM.attributes
                0x00000900       0x1e c:/program files (x86)/atmel/atmel toolchain/arm gcc/native/4.8.1443/arm-gnu-toolchain/bin/../lib/gcc/arm-none-eabi/4.8.4/armv6-m/crtn.o

.comment        0x00000000       0x5b
 .comment       0x00000000       0x5b src/ASF/sam0/drivers/port/port.o
                                 0x5c (size before relaxing)
 .comment       0x00000000       0x5c src/ASF/sam0/drivers/sercom/sercom.o
 .comment       0x00000000       0x5c src/ASF/sam0/utils/stdio/read.o
 .comment       0x00000000       0x5c src/ASF/sam0/utils/stdio/write.o
 .comment       0x00000000       0x5c src/ASF/sam0/drivers/sercom/usart/usart.o
 .comment       0x00000000       0x5c src/ASF/sam0/drivers/sercom/usart/usart_interrupt.o
 .comment       0x00000000       0x5c src/ASF/sam0/drivers/sercom/sercom_interrupt.o
 .comment       0x00000000       0x5c src/ASF/common2/services/delay/sam0/systick_counter.o
 .comment       0x00000000       0x5c src/ASF/common2/boards/user_board/init.o
 .comment       0x00000000       0x5c src/ASF/common/utils/interrupt/interrupt_sam_nvic.o
 .comment       0x00000000       0x5c src/ASF/sam0/drivers/system/clock/clock_samd20/clock.o
 .comment       0x00000000       0x5c src/ASF/sam0/drivers/system/clock/clock_samd20/gclk.o
 .comment       0x00000000       0x5c src/ASF/sam0/drivers/system/pinmux/pinmux.o
 .comment       0x00000000       0x5c src/ASF/sam0/drivers/system/system.o
 .comment       0x00000000       0x5c src/ASF/sam0/utils/cmsis/samd20/source/gcc/startup_samd20.o
 .comment       0x00000000       0x5c src/ASF/sam0/utils/syscalls/gcc/syscalls.o
 .comment       0x00000000       0x5c src/main.o

.debug_info     0x00000000    0x14694
 .debug_info    0x00000000      0x95e src/ASF/sam0/drivers/port/port.o
 .debug_info    0x0000095e     0x1d9d src/ASF/sam0/drivers/sercom/sercom.o
 .debug_info    0x000026fb      0x1c2 src/ASF/sam0/utils/stdio/read.o
 .debug_info    0x000028bd      0x1bf src/ASF/sam0/utils/stdio/write.o
 .debug_info    0x00002a7c     0x38e0 src/ASF/sam0/drivers/sercom/usart/usart.o
 .debug_info    0x0000635c     0x1f90 src/ASF/sam0/drivers/sercom/usart/usart_interrupt.o
 .debug_info    0x000082ec     0x1b73 src/ASF/sam0/drivers/sercom/sercom_interrupt.o
 .debug_info    0x00009e5f      0x269 src/ASF/common2/services/delay/sam0/systick_counter.o
 .debug_info    0x0000a0c8      0xa5d src/ASF/common2/boards/user_board/init.o
 .debug_info    0x0000ab25      0x1ec src/ASF/common/utils/interrupt/interrupt_sam_nvic.o
 .debug_info    0x0000ad11     0x321c src/ASF/sam0/drivers/system/clock/clock_samd20/clock.o
 .debug_info    0x0000df2d     0x1451 src/ASF/sam0/drivers/system/clock/clock_samd20/gclk.o
 .debug_info    0x0000f37e      0xa43 src/ASF/sam0/drivers/system/pinmux/pinmux.o
 .debug_info    0x0000fdc1      0x16f src/ASF/sam0/drivers/system/system.o
 .debug_info    0x0000ff30      0x483 src/ASF/sam0/utils/cmsis/samd20/source/gcc/startup_samd20.o
 .debug_info    0x000103b3      0x427 src/ASF/sam0/utils/syscalls/gcc/syscalls.o
 .debug_info    0x000107da     0x3eba src/main.o

.debug_abbrev   0x00000000     0x2656
 .debug_abbrev  0x00000000      0x1e9 src/ASF/sam0/drivers/port/port.o
 .debug_abbrev  0x000001e9      0x2fd src/ASF/sam0/drivers/sercom/sercom.o
 .debug_abbrev  0x000004e6      0x108 src/ASF/sam0/utils/stdio/read.o
 .debug_abbrev  0x000005ee       0xf5 src/ASF/sam0/utils/stdio/write.o
 .debug_abbrev  0x000006e3      0x411 src/ASF/sam0/drivers/sercom/usart/usart.o
 .debug_abbrev  0x00000af4      0x3a4 src/ASF/sam0/drivers/sercom/usart/usart_interrupt.o
 .debug_abbrev  0x00000e98      0x22c src/ASF/sam0/drivers/sercom/sercom_interrupt.o
 .debug_abbrev  0x000010c4      0x13c src/ASF/common2/services/delay/sam0/systick_counter.o
 .debug_abbrev  0x00001200      0x1b8 src/ASF/common2/boards/user_board/init.o
 .debug_abbrev  0x000013b8       0xf6 src/ASF/common/utils/interrupt/interrupt_sam_nvic.o
 .debug_abbrev  0x000014ae      0x3d7 src/ASF/sam0/drivers/system/clock/clock_samd20/clock.o
 .debug_abbrev  0x00001885      0x343 src/ASF/sam0/drivers/system/clock/clock_samd20/gclk.o
 .debug_abbrev  0x00001bc8      0x296 src/ASF/sam0/drivers/system/pinmux/pinmux.o
 .debug_abbrev  0x00001e5e       0xb9 src/ASF/sam0/drivers/system/system.o
 .debug_abbrev  0x00001f17      0x12e src/ASF/sam0/utils/cmsis/samd20/source/gcc/startup_samd20.o
 .debug_abbrev  0x00002045      0x141 src/ASF/sam0/utils/syscalls/gcc/syscalls.o
 .debug_abbrev  0x00002186      0x4d0 src/main.o

.debug_loc      0x00000000     0x3ff0
 .debug_loc     0x00000000      0x16d src/ASF/sam0/drivers/port/port.o
 .debug_loc     0x0000016d      0x982 src/ASF/sam0/drivers/sercom/sercom.o
 .debug_loc     0x00000aef       0xfb src/ASF/sam0/utils/stdio/read.o
 .debug_loc     0x00000bea      0x140 src/ASF/sam0/utils/stdio/write.o
 .debug_loc     0x00000d2a      0xc65 src/ASF/sam0/drivers/sercom/usart/usart.o
 .debug_loc     0x0000198f      0x6ae src/ASF/sam0/drivers/sercom/usart/usart_interrupt.o
 .debug_loc     0x0000203d      0x16c src/ASF/sam0/drivers/sercom/sercom_interrupt.o
 .debug_loc     0x000021a9       0xe4 src/ASF/common2/services/delay/sam0/systick_counter.o
 .debug_loc     0x0000228d       0x1e src/ASF/common/utils/interrupt/interrupt_sam_nvic.o
 .debug_loc     0x000022ab      0xef9 src/ASF/sam0/drivers/system/clock/clock_samd20/clock.o
 .debug_loc     0x000031a4      0x508 src/ASF/sam0/drivers/system/clock/clock_samd20/gclk.o
 .debug_loc     0x000036ac      0x2e3 src/ASF/sam0/drivers/system/pinmux/pinmux.o
 .debug_loc     0x0000398f       0x20 src/ASF/sam0/drivers/system/system.o
 .debug_loc     0x000039af       0x7c src/ASF/sam0/utils/cmsis/samd20/source/gcc/startup_samd20.o
 .debug_loc     0x00003a2b      0x112 src/ASF/sam0/utils/syscalls/gcc/syscalls.o
 .debug_loc     0x00003b3d      0x4b3 src/main.o

.debug_aranges  0x00000000      0x478
 .debug_aranges
                0x00000000       0x28 src/ASF/sam0/drivers/port/port.o
 .debug_aranges
                0x00000028       0x40 src/ASF/sam0/drivers/sercom/sercom.o
 .debug_aranges
                0x00000068       0x20 src/ASF/sam0/utils/stdio/read.o
 .debug_aranges
                0x00000088       0x20 src/ASF/sam0/utils/stdio/write.o
 .debug_aranges
                0x000000a8       0x40 src/ASF/sam0/drivers/sercom/usart/usart.o
 .debug_aranges
                0x000000e8       0x70 src/ASF/sam0/drivers/sercom/usart/usart_interrupt.o
 .debug_aranges
                0x00000158       0x60 src/ASF/sam0/drivers/sercom/sercom_interrupt.o
 .debug_aranges
                0x000001b8       0x30 src/ASF/common2/services/delay/sam0/systick_counter.o
 .debug_aranges
                0x000001e8       0x20 src/ASF/common2/boards/user_board/init.o
 .debug_aranges
                0x00000208       0x28 src/ASF/common/utils/interrupt/interrupt_sam_nvic.o
 .debug_aranges
                0x00000230       0x70 src/ASF/sam0/drivers/system/clock/clock_samd20/clock.o
 .debug_aranges
                0x000002a0       0x80 src/ASF/sam0/drivers/system/clock/clock_samd20/gclk.o
 .debug_aranges
                0x00000320       0x38 src/ASF/sam0/drivers/system/pinmux/pinmux.o
 .debug_aranges
                0x00000358       0x28 src/ASF/sam0/drivers/system/system.o
 .debug_aranges
                0x00000380       0x28 src/ASF/sam0/utils/cmsis/samd20/source/gcc/startup_samd20.o
 .debug_aranges
                0x000003a8       0x60 src/ASF/sam0/utils/syscalls/gcc/syscalls.o
 .debug_aranges
                0x00000408       0x70 src/main.o

.debug_ranges   0x00000000      0x4a0
 .debug_ranges  0x00000000       0x18 src/ASF/sam0/drivers/port/port.o
 .debug_ranges  0x00000018       0x48 src/ASF/sam0/drivers/sercom/sercom.o
 .debug_ranges  0x00000060       0x10 src/ASF/sam0/utils/stdio/read.o
 .debug_ranges  0x00000070       0x10 src/ASF/sam0/utils/stdio/write.o
 .debug_ranges  0x00000080      0x120 src/ASF/sam0/drivers/sercom/usart/usart.o
 .debug_ranges  0x000001a0       0x60 src/ASF/sam0/drivers/sercom/usart/usart_interrupt.o
 .debug_ranges  0x00000200       0x50 src/ASF/sam0/drivers/sercom/sercom_interrupt.o
 .debug_ranges  0x00000250       0x50 src/ASF/common2/services/delay/sam0/systick_counter.o
 .debug_ranges  0x000002a0       0x10 src/ASF/common2/boards/user_board/init.o
 .debug_ranges  0x000002b0       0x18 src/ASF/common/utils/interrupt/interrupt_sam_nvic.o
 .debug_ranges  0x000002c8       0x60 src/ASF/sam0/drivers/system/clock/clock_samd20/clock.o
 .debug_ranges  0x00000328       0x70 src/ASF/sam0/drivers/system/clock/clock_samd20/gclk.o
 .debug_ranges  0x00000398       0x28 src/ASF/sam0/drivers/system/pinmux/pinmux.o
 .debug_ranges  0x000003c0       0x18 src/ASF/sam0/drivers/system/system.o
 .debug_ranges  0x000003d8       0x18 src/ASF/sam0/utils/cmsis/samd20/source/gcc/startup_samd20.o
 .debug_ranges  0x000003f0       0x50 src/ASF/sam0/utils/syscalls/gcc/syscalls.o
 .debug_ranges  0x00000440       0x60 src/main.o

.debug_macro    0x00000000    0x12128
 .debug_macro   0x00000000      0x416 src/ASF/sam0/drivers/port/port.o
 .debug_macro   0x00000416      0x832 src/ASF/sam0/drivers/port/port.o
 .debug_macro   0x00000c48      0x166 src/ASF/sam0/drivers/port/port.o
 .debug_macro   0x00000dae      0x4b5 src/ASF/sam0/drivers/port/port.o
 .debug_macro   0x00001263       0x16 src/ASF/sam0/drivers/port/port.o
 .debug_macro   0x00001279       0x44 src/ASF/sam0/drivers/port/port.o
 .debug_macro   0x000012bd      0x209 src/ASF/sam0/drivers/port/port.o
 .debug_macro   0x000014c6       0x10 src/ASF/sam0/drivers/port/port.o
 .debug_macro   0x000014d6       0x76 src/ASF/sam0/drivers/port/port.o
 .debug_macro   0x0000154c       0x16 src/ASF/sam0/drivers/port/port.o
 .debug_macro   0x00001562      0x6e2 src/ASF/sam0/drivers/port/port.o
 .debug_macro   0x00001c44      0xddf src/ASF/sam0/drivers/port/port.o
 .debug_macro   0x00002a23       0x22 src/ASF/sam0/drivers/port/port.o
 .debug_macro   0x00002a45       0x40 src/ASF/sam0/drivers/port/port.o
 .debug_macro   0x00002a85       0x3a src/ASF/sam0/drivers/port/port.o
 .debug_macro   0x00002abf      0x24f src/ASF/sam0/drivers/port/port.o
 .debug_macro   0x00002d0e      0x682 src/ASF/sam0/drivers/port/port.o
 .debug_macro   0x00003390      0x8bf src/ASF/sam0/drivers/port/port.o
 .debug_macro   0x00003c4f      0x229 src/ASF/sam0/drivers/port/port.o
 .debug_macro   0x00003e78      0x5bf src/ASF/sam0/drivers/port/port.o
 .debug_macro   0x00004437      0x9f8 src/ASF/sam0/drivers/port/port.o
 .debug_macro   0x00004e2f      0x5b5 src/ASF/sam0/drivers/port/port.o
 .debug_macro   0x000053e4      0x4b3 src/ASF/sam0/drivers/port/port.o
 .debug_macro   0x00005897      0x74a src/ASF/sam0/drivers/port/port.o
 .debug_macro   0x00005fe1       0x5e src/ASF/sam0/drivers/port/port.o
 .debug_macro   0x0000603f      0x5e0 src/ASF/sam0/drivers/port/port.o
 .debug_macro   0x0000661f      0x3b6 src/ASF/sam0/drivers/port/port.o
 .debug_macro   0x000069d5      0xc55 src/ASF/sam0/drivers/port/port.o
 .debug_macro   0x0000762a      0xd29 src/ASF/sam0/drivers/port/port.o
 .debug_macro   0x00008353      0x7b8 src/ASF/sam0/drivers/port/port.o
 .debug_macro   0x00008b0b      0x6bf src/ASF/sam0/drivers/port/port.o
 .debug_macro   0x000091ca      0x34e src/ASF/sam0/drivers/port/port.o
 .debug_macro   0x00009518       0x7c src/ASF/sam0/drivers/port/port.o
 .debug_macro   0x00009594       0x9a src/ASF/sam0/drivers/port/port.o
 .debug_macro   0x0000962e       0x46 src/ASF/sam0/drivers/port/port.o
 .debug_macro   0x00009674       0xb2 src/ASF/sam0/drivers/port/port.o
 .debug_macro   0x00009726       0x6a src/ASF/sam0/drivers/port/port.o
 .debug_macro   0x00009790      0x284 src/ASF/sam0/drivers/port/port.o
 .debug_macro   0x00009a14       0x82 src/ASF/sam0/drivers/port/port.o
 .debug_macro   0x00009a96       0xb8 src/ASF/sam0/drivers/port/port.o
 .debug_macro   0x00009b4e       0x1c src/ASF/sam0/drivers/port/port.o
 .debug_macro   0x00009b6a       0x1c src/ASF/sam0/drivers/port/port.o
 .debug_macro   0x00009b86       0x1c src/ASF/sam0/drivers/port/port.o
 .debug_macro   0x00009ba2       0x7c src/ASF/sam0/drivers/port/port.o
 .debug_macro   0x00009c1e      0x161 src/ASF/sam0/drivers/port/port.o
 .debug_macro   0x00009d7f       0xdc src/ASF/sam0/drivers/port/port.o
 .debug_macro   0x00009e5b      0x103 src/ASF/sam0/drivers/port/port.o
 .debug_macro   0x00009f5e      0x103 src/ASF/sam0/drivers/port/port.o
 .debug_macro   0x0000a061      0x103 src/ASF/sam0/drivers/port/port.o
 .debug_macro   0x0000a164      0x103 src/ASF/sam0/drivers/port/port.o
 .debug_macro   0x0000a267      0x103 src/ASF/sam0/drivers/port/port.o
 .debug_macro   0x0000a36a      0x103 src/ASF/sam0/drivers/port/port.o
 .debug_macro   0x0000a46d       0xfa src/ASF/sam0/drivers/port/port.o
 .debug_macro   0x0000a567       0xbe src/ASF/sam0/drivers/port/port.o
 .debug_macro   0x0000a625       0xbe src/ASF/sam0/drivers/port/port.o
 .debug_macro   0x0000a6e3       0xbe src/ASF/sam0/drivers/port/port.o
 .debug_macro   0x0000a7a1       0xbe src/ASF/sam0/drivers/port/port.o
 .debug_macro   0x0000a85f       0xbe src/ASF/sam0/drivers/port/port.o
 .debug_macro   0x0000a91d       0xbe src/ASF/sam0/drivers/port/port.o
 .debug_macro   0x0000a9db       0xbe src/ASF/sam0/drivers/port/port.o
 .debug_macro   0x0000aa99       0xbe src/ASF/sam0/drivers/port/port.o
 .debug_macro   0x0000ab57       0x40 src/ASF/sam0/drivers/port/port.o
 .debug_macro   0x0000ab97      0x2e3 src/ASF/sam0/drivers/port/port.o
 .debug_macro   0x0000ae7a     0x19dd src/ASF/sam0/drivers/port/port.o
 .debug_macro   0x0000c857       0x4a src/ASF/sam0/drivers/port/port.o
 .debug_macro   0x0000c8a1       0x58 src/ASF/sam0/drivers/port/port.o
 .debug_macro   0x0000c8f9       0x35 src/ASF/sam0/drivers/port/port.o
 .debug_macro   0x0000c92e       0xa3 src/ASF/sam0/drivers/port/port.o
 .debug_macro   0x0000c9d1       0x16 src/ASF/sam0/drivers/port/port.o
 .debug_macro   0x0000c9e7       0x35 src/ASF/sam0/drivers/port/port.o
 .debug_macro   0x0000ca1c       0x10 src/ASF/sam0/drivers/port/port.o
 .debug_macro   0x0000ca2c       0x52 src/ASF/sam0/drivers/port/port.o
 .debug_macro   0x0000ca7e       0x16 src/ASF/sam0/drivers/port/port.o
 .debug_macro   0x0000ca94       0x43 src/ASF/sam0/drivers/port/port.o
 .debug_macro   0x0000cad7      0x180 src/ASF/sam0/drivers/port/port.o
 .debug_macro   0x0000cc57       0x10 src/ASF/sam0/drivers/port/port.o
 .debug_macro   0x0000cc67       0x22 src/ASF/sam0/drivers/port/port.o
 .debug_macro   0x0000cc89       0xbd src/ASF/sam0/drivers/port/port.o
 .debug_macro   0x0000cd46       0x16 src/ASF/sam0/drivers/port/port.o
 .debug_macro   0x0000cd5c      0x16c src/ASF/sam0/drivers/port/port.o
 .debug_macro   0x0000cec8       0x16 src/ASF/sam0/drivers/port/port.o
 .debug_macro   0x0000cede       0x16 src/ASF/sam0/drivers/port/port.o
 .debug_macro   0x0000cef4       0x29 src/ASF/sam0/drivers/port/port.o
 .debug_macro   0x0000cf1d       0x51 src/ASF/sam0/drivers/port/port.o
 .debug_macro   0x0000cf6e       0x3f src/ASF/sam0/drivers/port/port.o
 .debug_macro   0x0000cfad      0x3df src/ASF/sam0/drivers/port/port.o
 .debug_macro   0x0000d38c       0x11 src/ASF/sam0/drivers/port/port.o
 .debug_macro   0x0000d39d       0x12 src/ASF/sam0/drivers/port/port.o
 .debug_macro   0x0000d3af      0x478 src/ASF/sam0/drivers/sercom/sercom.o
 .debug_macro   0x0000d827       0x2e src/ASF/sam0/drivers/sercom/sercom.o
 .debug_macro   0x0000d855       0x94 src/ASF/sam0/drivers/sercom/sercom.o
 .debug_macro   0x0000d8e9       0x10 src/ASF/sam0/drivers/sercom/sercom.o
 .debug_macro   0x0000d8f9      0x3fc src/ASF/sam0/utils/stdio/read.o
 .debug_macro   0x0000dcf5      0x3fc src/ASF/sam0/utils/stdio/write.o
 .debug_macro   0x0000e0f1      0x485 src/ASF/sam0/drivers/sercom/usart/usart.o
 .debug_macro   0x0000e576       0x19 src/ASF/sam0/drivers/sercom/usart/usart.o
 .debug_macro   0x0000e58f      0x485 src/ASF/sam0/drivers/sercom/usart/usart_interrupt.o
 .debug_macro   0x0000ea14      0x475 src/ASF/sam0/drivers/sercom/sercom_interrupt.o
 .debug_macro   0x0000ee89      0x42f src/ASF/common2/services/delay/sam0/systick_counter.o
 .debug_macro   0x0000f2b8       0x16 src/ASF/common2/services/delay/sam0/systick_counter.o
 .debug_macro   0x0000f2ce       0x16 src/ASF/common2/services/delay/sam0/systick_counter.o
 .debug_macro   0x0000f2e4      0x4f9 src/ASF/common2/boards/user_board/init.o
 .debug_macro   0x0000f7dd      0x237 src/ASF/common2/boards/user_board/init.o
 .debug_macro   0x0000fa14       0x1f src/ASF/common2/boards/user_board/init.o
 .debug_macro   0x0000fa33      0x3fc src/ASF/common/utils/interrupt/interrupt_sam_nvic.o
 .debug_macro   0x0000fe2f      0x4f6 src/ASF/sam0/drivers/system/clock/clock_samd20/clock.o
 .debug_macro   0x00010325      0x218 src/ASF/sam0/drivers/system/clock/clock_samd20/clock.o
 .debug_macro   0x0001053d      0x429 src/ASF/sam0/drivers/system/clock/clock_samd20/gclk.o
 .debug_macro   0x00010966      0x40e src/ASF/sam0/drivers/system/pinmux/pinmux.o
 .debug_macro   0x00010d74      0x424 src/ASF/sam0/drivers/system/system.o
 .debug_macro   0x00011198      0x269 src/ASF/sam0/utils/cmsis/samd20/source/gcc/startup_samd20.o
 .debug_macro   0x00011401       0x3a src/ASF/sam0/utils/cmsis/samd20/source/gcc/startup_samd20.o
 .debug_macro   0x0001143b      0x129 src/ASF/sam0/utils/syscalls/gcc/syscalls.o
 .debug_macro   0x00011564       0x97 src/ASF/sam0/utils/syscalls/gcc/syscalls.o
 .debug_macro   0x000115fb       0xef src/ASF/sam0/utils/syscalls/gcc/syscalls.o
 .debug_macro   0x000116ea       0x4a src/ASF/sam0/utils/syscalls/gcc/syscalls.o
 .debug_macro   0x00011734       0x52 src/ASF/sam0/utils/syscalls/gcc/syscalls.o
 .debug_macro   0x00011786       0x16 src/ASF/sam0/utils/syscalls/gcc/syscalls.o
 .debug_macro   0x0001179c       0x10 src/ASF/sam0/utils/syscalls/gcc/syscalls.o
 .debug_macro   0x000117ac       0x41 src/ASF/sam0/utils/syscalls/gcc/syscalls.o
 .debug_macro   0x000117ed      0x120 src/ASF/sam0/utils/syscalls/gcc/syscalls.o
 .debug_macro   0x0001190d      0x546 src/main.o
 .debug_macro   0x00011e53      0x2a6 src/main.o
 .debug_macro   0x000120f9       0x10 src/main.o
 .debug_macro   0x00012109       0x1f src/main.o

.debug_line     0x00000000     0x9bd0
 .debug_line    0x00000000      0x822 src/ASF/sam0/drivers/port/port.o
 .debug_line    0x00000822      0xa1d src/ASF/sam0/drivers/sercom/sercom.o
 .debug_line    0x0000123f      0x7d2 src/ASF/sam0/utils/stdio/read.o
 .debug_line    0x00001a11      0x7c8 src/ASF/sam0/utils/stdio/write.o
 .debug_line    0x000021d9      0xb3a src/ASF/sam0/drivers/sercom/usart/usart.o
 .debug_line    0x00002d13      0xac8 src/ASF/sam0/drivers/sercom/usart/usart_interrupt.o
 .debug_line    0x000037db      0x9cf src/ASF/sam0/drivers/sercom/sercom_interrupt.o
 .debug_line    0x000041aa      0x8a6 src/ASF/common2/services/delay/sam0/systick_counter.o
 .debug_line    0x00004a50      0xb28 src/ASF/common2/boards/user_board/init.o
 .debug_line    0x00005578      0x7f4 src/ASF/common/utils/interrupt/interrupt_sam_nvic.o
 .debug_line    0x00005d6c      0xa7b src/ASF/sam0/drivers/system/clock/clock_samd20/clock.o
 .debug_line    0x000067e7      0xb94 src/ASF/sam0/drivers/system/clock/clock_samd20/gclk.o
 .debug_line    0x0000737b      0x840 src/ASF/sam0/drivers/system/pinmux/pinmux.o
 .debug_line    0x00007bbb      0x848 src/ASF/sam0/drivers/system/system.o
 .debug_line    0x00008403      0x5ef src/ASF/sam0/utils/cmsis/samd20/source/gcc/startup_samd20.o
 .debug_line    0x000089f2      0x39d src/ASF/sam0/utils/syscalls/gcc/syscalls.o
 .debug_line    0x00008d8f      0xe41 src/main.o

.debug_str      0x00000000    0x5b2bb
 .debug_str     0x00000000    0x53790 src/ASF/sam0/drivers/port/port.o
                              0x53c33 (size before relaxing)
 .debug_str     0x00053790     0x142a src/ASF/sam0/drivers/sercom/sercom.o
                              0x54ced (size before relaxing)
 .debug_str     0x00054bba       0x43 src/ASF/sam0/utils/stdio/read.o
                              0x53816 (size before relaxing)
 .debug_str     0x00054bfd       0x33 src/ASF/sam0/utils/stdio/write.o
                              0x53818 (size before relaxing)
 .debug_str     0x00054c30      0xb41 src/ASF/sam0/drivers/sercom/usart/usart.o
                              0x555a4 (size before relaxing)
 .debug_str     0x00055771      0x198 src/ASF/sam0/drivers/sercom/usart/usart_interrupt.o
                              0x54b3b (size before relaxing)
 .debug_str     0x00055909      0x4e9 src/ASF/sam0/drivers/sercom/sercom_interrupt.o
                              0x54b36 (size before relaxing)
 .debug_str     0x00055df2      0x1c2 src/ASF/common2/services/delay/sam0/systick_counter.o
                              0x539cc (size before relaxing)
 .debug_str     0x00055fb4      0xa83 src/ASF/common2/boards/user_board/init.o
                              0x54b90 (size before relaxing)
 .debug_str     0x00056a37       0x94 src/ASF/common/utils/interrupt/interrupt_sam_nvic.o
                              0x53869 (size before relaxing)
 .debug_str     0x00056acb     0x2681 src/ASF/sam0/drivers/system/clock/clock_samd20/clock.o
                              0x568fc (size before relaxing)
 .debug_str     0x0005914c      0x2ce src/ASF/sam0/drivers/system/clock/clock_samd20/gclk.o
                              0x543d6 (size before relaxing)
 .debug_str     0x0005941a      0x178 src/ASF/sam0/drivers/system/pinmux/pinmux.o
                              0x53c60 (size before relaxing)
 .debug_str     0x00059592       0x47 src/ASF/sam0/drivers/system/system.o
                              0x5388e (size before relaxing)
 .debug_str     0x000595d9      0x36a src/ASF/sam0/utils/cmsis/samd20/source/gcc/startup_samd20.o
                              0x41d68 (size before relaxing)
 .debug_str     0x00059943      0x734 src/ASF/sam0/utils/syscalls/gcc/syscalls.o
                               0x4e08 (size before relaxing)
 .debug_str     0x0005a077     0x1244 src/main.o
                              0x5737e (size before relaxing)

.debug_frame    0x00000000     0x11b8
 .debug_frame   0x00000000       0x44 src/ASF/sam0/drivers/port/port.o
 .debug_frame   0x00000044       0xa0 src/ASF/sam0/drivers/sercom/sercom.o
 .debug_frame   0x000000e4       0x34 src/ASF/sam0/utils/stdio/read.o
 .debug_frame   0x00000118       0x34 src/ASF/sam0/utils/stdio/write.o
 .debug_frame   0x0000014c       0xc0 src/ASF/sam0/drivers/sercom/usart/usart.o
 .debug_frame   0x0000020c       0xe4 src/ASF/sam0/drivers/sercom/usart/usart_interrupt.o
 .debug_frame   0x000002f0       0xec src/ASF/sam0/drivers/sercom/sercom_interrupt.o
 .debug_frame   0x000003dc       0x60 src/ASF/common2/services/delay/sam0/systick_counter.o
 .debug_frame   0x0000043c       0x20 src/ASF/common2/boards/user_board/init.o
 .debug_frame   0x0000045c       0x30 src/ASF/common/utils/interrupt/interrupt_sam_nvic.o
 .debug_frame   0x0000048c      0x130 src/ASF/sam0/drivers/system/clock/clock_samd20/clock.o
 .debug_frame   0x000005bc      0x14c src/ASF/sam0/drivers/system/clock/clock_samd20/gclk.o
 .debug_frame   0x00000708       0x7c src/ASF/sam0/drivers/system/pinmux/pinmux.o
 .debug_frame   0x00000784       0x38 src/ASF/sam0/drivers/system/system.o
 .debug_frame   0x000007bc       0x38 src/ASF/sam0/utils/cmsis/samd20/source/gcc/startup_samd20.o
 .debug_frame   0x000007f4       0xa8 src/ASF/sam0/utils/syscalls/gcc/syscalls.o
 .debug_frame   0x0000089c      0x140 src/main.o
 .debug_frame   0x000009dc       0x20 c:/program files (x86)/atmel/atmel toolchain/arm gcc/native/4.8.1443/arm-gnu-toolchain/bin/../lib/gcc/arm-none-eabi/4.8.4/armv6-m\libgcc.a(_udivsi3.o)
 .debug_frame   0x000009fc       0x30 c:/program files (x86)/atmel/atmel toolchain/arm gcc/native/4.8.1443/arm-gnu-toolchain/bin/../lib/gcc/arm-none-eabi/4.8.4/armv6-m\libgcc.a(_muldi3.o)
 .debug_frame   0x00000a2c       0x2c c:/program files (x86)/atmel/atmel toolchain/arm gcc/native/4.8.1443/arm-gnu-toolchain/bin/../lib/gcc/arm-none-eabi/4.8.4/../../../../arm-none-eabi/lib/armv6-m\libc_s.a(lib_a-init.o)
 .debug_frame   0x00000a58       0x28 c:/program files (x86)/atmel/atmel toolchain/arm gcc/native/4.8.1443/arm-gnu-toolchain/bin/../lib/gcc/arm-none-eabi/4.8.4/../../../../arm-none-eabi/lib/armv6-m\libc_s.a(lib_a-memcpy-stub.o)
 .debug_frame   0x00000a80       0x20 c:/program files (x86)/atmel/atmel toolchain/arm gcc/native/4.8.1443/arm-gnu-toolchain/bin/../lib/gcc/arm-none-eabi/4.8.4/../../../../arm-none-eabi/lib/armv6-m\libc_s.a(lib_a-memset.o)
 .debug_frame   0x00000aa0       0x50 c:/program files (x86)/atmel/atmel toolchain/arm gcc/native/4.8.1443/arm-gnu-toolchain/bin/../lib/gcc/arm-none-eabi/4.8.4/../../../../arm-none-eabi/lib/armv6-m\libc_s.a(lib_a-printf.o)
 .debug_frame   0x00000af0       0x44 c:/program files (x86)/atmel/atmel toolchain/arm gcc/native/4.8.1443/arm-gnu-toolchain/bin/../lib/gcc/arm-none-eabi/4.8.4/../../../../arm-none-eabi/lib/armv6-m\libc_s.a(lib_a-puts.o)
 .debug_frame   0x00000b34       0x28 c:/program files (x86)/atmel/atmel toolchain/arm gcc/native/4.8.1443/arm-gnu-toolchain/bin/../lib/gcc/arm-none-eabi/4.8.4/../../../../arm-none-eabi/lib/armv6-m\libc_s.a(lib_a-setbuf.o)
 .debug_frame   0x00000b5c       0x34 c:/program files (x86)/atmel/atmel toolchain/arm gcc/native/4.8.1443/arm-gnu-toolchain/bin/../lib/gcc/arm-none-eabi/4.8.4/../../../../arm-none-eabi/lib/armv6-m\libc_s.a(lib_a-setvbuf.o)
 .debug_frame   0x00000b90       0x20 c:/program files (x86)/atmel/atmel toolchain/arm gcc/native/4.8.1443/arm-gnu-toolchain/bin/../lib/gcc/arm-none-eabi/4.8.4/../../../../arm-none-eabi/lib/armv6-m\libc_s.a(lib_a-strlen.o)
 .debug_frame   0x00000bb0       0xa0 c:/program files (x86)/atmel/atmel toolchain/arm gcc/native/4.8.1443/arm-gnu-toolchain/bin/../lib/gcc/arm-none-eabi/4.8.4/../../../../arm-none-eabi/lib/armv6-m\libc_s.a(lib_a-vfprintf.o)
 .debug_frame   0x00000c50       0x54 c:/program files (x86)/atmel/atmel toolchain/arm gcc/native/4.8.1443/arm-gnu-toolchain/bin/../lib/gcc/arm-none-eabi/4.8.4/../../../../arm-none-eabi/lib/armv6-m\libc_s.a(lib_a-vfprintf_i.o)
 .debug_frame   0x00000ca4       0x44 c:/program files (x86)/atmel/atmel toolchain/arm gcc/native/4.8.1443/arm-gnu-toolchain/bin/../lib/gcc/arm-none-eabi/4.8.4/../../../../arm-none-eabi/lib/armv6-m\libc_s.a(lib_a-wbuf.o)
 .debug_frame   0x00000ce8       0x2c c:/program files (x86)/atmel/atmel toolchain/arm gcc/native/4.8.1443/arm-gnu-toolchain/bin/../lib/gcc/arm-none-eabi/4.8.4/../../../../arm-none-eabi/lib/armv6-m\libc_s.a(lib_a-wsetup.o)
 .debug_frame   0x00000d14       0x68 c:/program files (x86)/atmel/atmel toolchain/arm gcc/native/4.8.1443/arm-gnu-toolchain/bin/../lib/gcc/arm-none-eabi/4.8.4/../../../../arm-none-eabi/lib/armv6-m\libc_s.a(lib_a-fflush.o)
 .debug_frame   0x00000d7c      0x148 c:/program files (x86)/atmel/atmel toolchain/arm gcc/native/4.8.1443/arm-gnu-toolchain/bin/../lib/gcc/arm-none-eabi/4.8.4/../../../../arm-none-eabi/lib/armv6-m\libc_s.a(lib_a-findfp.o)
 .debug_frame   0x00000ec4       0x30 c:/program files (x86)/atmel/atmel toolchain/arm gcc/native/4.8.1443/arm-gnu-toolchain/bin/../lib/gcc/arm-none-eabi/4.8.4/../../../../arm-none-eabi/lib/armv6-m\libc_s.a(lib_a-makebuf.o)
 .debug_frame   0x00000ef4       0x40 c:/program files (x86)/atmel/atmel toolchain/arm gcc/native/4.8.1443/arm-gnu-toolchain/bin/../lib/gcc/arm-none-eabi/4.8.4/../../../../arm-none-eabi/lib/armv6-m\libc_s.a(lib_a-malloc.o)
 .debug_frame   0x00000f34       0x20 c:/program files (x86)/atmel/atmel toolchain/arm gcc/native/4.8.1443/arm-gnu-toolchain/bin/../lib/gcc/arm-none-eabi/4.8.4/../../../../arm-none-eabi/lib/armv6-m\libc_s.a(lib_a-memchr-stub.o)
 .debug_frame   0x00000f54       0x2c c:/program files (x86)/atmel/atmel toolchain/arm gcc/native/4.8.1443/arm-gnu-toolchain/bin/../lib/gcc/arm-none-eabi/4.8.4/../../../../arm-none-eabi/lib/armv6-m\libc_s.a(lib_a-nano-freer.o)
 .debug_frame   0x00000f80       0x2c c:/program files (x86)/atmel/atmel toolchain/arm gcc/native/4.8.1443/arm-gnu-toolchain/bin/../lib/gcc/arm-none-eabi/4.8.4/../../../../arm-none-eabi/lib/armv6-m\libc_s.a(lib_a-nano-mallocr.o)
 .debug_frame   0x00000fac       0x2c c:/program files (x86)/atmel/atmel toolchain/arm gcc/native/4.8.1443/arm-gnu-toolchain/bin/../lib/gcc/arm-none-eabi/4.8.4/../../../../arm-none-eabi/lib/armv6-m\libc_s.a(lib_a-sbrkr.o)
 .debug_frame   0x00000fd8       0x90 c:/program files (x86)/atmel/atmel toolchain/arm gcc/native/4.8.1443/arm-gnu-toolchain/bin/../lib/gcc/arm-none-eabi/4.8.4/../../../../arm-none-eabi/lib/armv6-m\libc_s.a(lib_a-stdio.o)
 .debug_frame   0x00001068       0x2c c:/program files (x86)/atmel/atmel toolchain/arm gcc/native/4.8.1443/arm-gnu-toolchain/bin/../lib/gcc/arm-none-eabi/4.8.4/../../../../arm-none-eabi/lib/armv6-m\libc_s.a(lib_a-writer.o)
 .debug_frame   0x00001094       0x2c c:/program files (x86)/atmel/atmel toolchain/arm gcc/native/4.8.1443/arm-gnu-toolchain/bin/../lib/gcc/arm-none-eabi/4.8.4/../../../../arm-none-eabi/lib/armv6-m\libc_s.a(lib_a-closer.o)
 .debug_frame   0x000010c0       0x2c c:/program files (x86)/atmel/atmel toolchain/arm gcc/native/4.8.1443/arm-gnu-toolchain/bin/../lib/gcc/arm-none-eabi/4.8.4/../../../../arm-none-eabi/lib/armv6-m\libc_s.a(lib_a-fstatr.o)
 .debug_frame   0x000010ec       0x2c c:/program files (x86)/atmel/atmel toolchain/arm gcc/native/4.8.1443/arm-gnu-toolchain/bin/../lib/gcc/arm-none-eabi/4.8.4/../../../../arm-none-eabi/lib/armv6-m\libc_s.a(lib_a-isattyr.o)
 .debug_frame   0x00001118       0x2c c:/program files (x86)/atmel/atmel toolchain/arm gcc/native/4.8.1443/arm-gnu-toolchain/bin/../lib/gcc/arm-none-eabi/4.8.4/../../../../arm-none-eabi/lib/armv6-m\libc_s.a(lib_a-lseekr.o)
 .debug_frame   0x00001144       0x2c c:/program files (x86)/atmel/atmel toolchain/arm gcc/native/4.8.1443/arm-gnu-toolchain/bin/../lib/gcc/arm-none-eabi/4.8.4/../../../../arm-none-eabi/lib/armv6-m\libc_s.a(lib_a-readr.o)
 .debug_frame   0x00001170       0x48 c:/program files (x86)/atmel/atmel toolchain/arm gcc/native/4.8.1443/arm-gnu-toolchain/bin/../lib/gcc/arm-none-eabi/4.8.4/../../../../arm-none-eabi/lib/armv6-m\libc_s.a(lib_a-reent.o)

Cross Reference Table

Symbol                                            File
AC_Handler                                        src/ASF/sam0/utils/cmsis/samd20/source/gcc/startup_samd20.o
ADC_Handler                                       src/ASF/sam0/utils/cmsis/samd20/source/gcc/startup_samd20.o
DAC_Handler                                       src/ASF/sam0/utils/cmsis/samd20/source/gcc/startup_samd20.o
Dummy_Handler                                     src/ASF/sam0/utils/cmsis/samd20/source/gcc/startup_samd20.o
EIC_Handler                                       src/ASF/sam0/utils/cmsis/samd20/source/gcc/startup_samd20.o
EVSYS_Handler                                     src/ASF/sam0/utils/cmsis/samd20/source/gcc/startup_samd20.o
HardFault_Handler                                 src/ASF/sam0/utils/cmsis/samd20/source/gcc/startup_samd20.o
Headers                                           src/main.o
LedInit                                           src/main.o
NMI_Handler                                       src/ASF/sam0/utils/cmsis/samd20/source/gcc/startup_samd20.o
NVMCTRL_Handler                                   src/ASF/sam0/utils/cmsis/samd20/source/gcc/startup_samd20.o
PIDS                                              src/main.o
PM_Handler                                        src/ASF/sam0/utils/cmsis/samd20/source/gcc/startup_samd20.o
PTC_Handler                                       src/ASF/sam0/utils/cmsis/samd20/source/gcc/startup_samd20.o
PendSV_Handler                                    src/ASF/sam0/utils/cmsis/samd20/source/gcc/startup_samd20.o
RTC_Handler                                       src/ASF/sam0/utils/cmsis/samd20/source/gcc/startup_samd20.o
RcvResponseFromSTN                                src/main.o
Reset_Handler                                     src/ASF/sam0/utils/cmsis/samd20/source/gcc/startup_samd20.o
SERCOM0_Handler                                   src/ASF/sam0/drivers/sercom/sercom_interrupt.o
SERCOM1_Handler                                   src/ASF/sam0/drivers/sercom/sercom_interrupt.o
SERCOM2_Handler                                   src/ASF/sam0/drivers/sercom/sercom_interrupt.o
SERCOM3_Handler                                   src/ASF/sam0/drivers/sercom/sercom_interrupt.o
SERCOM4_Handler                                   src/ASF/sam0/drivers/sercom/sercom_interrupt.o
SERCOM5_Handler                                   src/ASF/sam0/drivers/sercom/sercom_interrupt.o
SVC_Handler                                       src/ASF/sam0/utils/cmsis/samd20/source/gcc/startup_samd20.o
SYSCTRL_Handler                                   src/ASF/sam0/utils/cmsis/samd20/source/gcc/startup_samd20.o
SysTick_Handler                                   src/ASF/sam0/utils/cmsis/samd20/source/gcc/startup_samd20.o
SystemCoreClock                                   src/ASF/sam0/utils/cmsis/samd20/source/system_samd20.o
SystemCoreClockUpdate                             src/ASF/sam0/utils/cmsis/samd20/source/system_samd20.o
SystemInit                                        src/ASF/sam0/utils/cmsis/samd20/source/system_samd20.o
TC0_Handler                                       src/ASF/sam0/utils/cmsis/samd20/source/gcc/startup_samd20.o
TC1_Handler                                       src/ASF/sam0/utils/cmsis/samd20/source/gcc/startup_samd20.o
TC2_Handler                                       src/ASF/sam0/utils/cmsis/samd20/source/gcc/startup_samd20.o
TC3_Handler                                       src/ASF/sam0/utils/cmsis/samd20/source/gcc/startup_samd20.o
TC4_Handler                                       src/ASF/sam0/utils/cmsis/samd20/source/gcc/startup_samd20.o
TC5_Handler                                       src/ASF/sam0/utils/cmsis/samd20/source/gcc/startup_samd20.o
TC6_Handler                                       src/ASF/sam0/utils/cmsis/samd20/source/gcc/startup_samd20.o
TC7_Handler                                       src/ASF/sam0/utils/cmsis/samd20/source/gcc/startup_samd20.o
WDT_Handler                                       src/ASF/sam0/utils/cmsis/samd20/source/gcc/startup_samd20.o
_Jv_RegisterClasses                               c:/program files (x86)/atmel/atmel toolchain/arm gcc/native/4.8.1443/arm-gnu-toolchain/bin/../lib/gcc/arm-none-eabi/4.8.4/armv6-m/crtbegin.o
__aeabi_idiv                                      c:/program files (x86)/atmel/atmel toolchain/arm gcc/native/4.8.1443/arm-gnu-toolchain/bin/../lib/gcc/arm-none-eabi/4.8.4/armv6-m\libgcc.a(_divsi3.o)
                                                  c:/program files (x86)/atmel/atmel toolchain/arm gcc/native/4.8.1443/arm-gnu-toolchain/bin/../lib/gcc/arm-none-eabi/4.8.4/../../../../arm-none-eabi/lib/armv6-m\libc_s.a(lib_a-fvwrite.o)
__aeabi_idiv0                                     c:/program files (x86)/atmel/atmel toolchain/arm gcc/native/4.8.1443/arm-gnu-toolchain/bin/../lib/gcc/arm-none-eabi/4.8.4/armv6-m\libgcc.a(_dvmd_tls.o)
                                                  c:/program files (x86)/atmel/atmel toolchain/arm gcc/native/4.8.1443/arm-gnu-toolchain/bin/../lib/gcc/arm-none-eabi/4.8.4/armv6-m\libgcc.a(_divsi3.o)
                                                  c:/program files (x86)/atmel/atmel toolchain/arm gcc/native/4.8.1443/arm-gnu-toolchain/bin/../lib/gcc/arm-none-eabi/4.8.4/armv6-m\libgcc.a(_udivsi3.o)
__aeabi_idivmod                                   c:/program files (x86)/atmel/atmel toolchain/arm gcc/native/4.8.1443/arm-gnu-toolchain/bin/../lib/gcc/arm-none-eabi/4.8.4/armv6-m\libgcc.a(_divsi3.o)
__aeabi_ldiv0                                     c:/program files (x86)/atmel/atmel toolchain/arm gcc/native/4.8.1443/arm-gnu-toolchain/bin/../lib/gcc/arm-none-eabi/4.8.4/armv6-m\libgcc.a(_dvmd_tls.o)
__aeabi_lmul                                      c:/program files (x86)/atmel/atmel toolchain/arm gcc/native/4.8.1443/arm-gnu-toolchain/bin/../lib/gcc/arm-none-eabi/4.8.4/armv6-m\libgcc.a(_muldi3.o)
                                                  src/ASF/sam0/drivers/sercom/sercom.o
__aeabi_uidiv                                     c:/program files (x86)/atmel/atmel toolchain/arm gcc/native/4.8.1443/arm-gnu-toolchain/bin/../lib/gcc/arm-none-eabi/4.8.4/armv6-m\libgcc.a(_udivsi3.o)
                                                  c:/program files (x86)/atmel/atmel toolchain/arm gcc/native/4.8.1443/arm-gnu-toolchain/bin/../lib/gcc/arm-none-eabi/4.8.4/../../../../arm-none-eabi/lib/armv6-m\libc_s.a(lib_a-vfprintf_i.o)
                                                  src/ASF/sam0/drivers/system/clock/clock_samd20/gclk.o
                                                  src/ASF/common2/services/delay/sam0/systick_counter.o
__aeabi_uidivmod                                  c:/program files (x86)/atmel/atmel toolchain/arm gcc/native/4.8.1443/arm-gnu-toolchain/bin/../lib/gcc/arm-none-eabi/4.8.4/armv6-m\libgcc.a(_udivsi3.o)
                                                  c:/program files (x86)/atmel/atmel toolchain/arm gcc/native/4.8.1443/arm-gnu-toolchain/bin/../lib/gcc/arm-none-eabi/4.8.4/../../../../arm-none-eabi/lib/armv6-m\libc_s.a(lib_a-vfprintf_i.o)
__bss_end__                                       c:/program files (x86)/atmel/atmel toolchain/arm gcc/native/4.8.1443/arm-gnu-toolchain/bin/../lib/gcc/arm-none-eabi/4.8.4/../../../../arm-none-eabi/lib/armv6-m/crt0.o
__bss_start__                                     c:/program files (x86)/atmel/atmel toolchain/arm gcc/native/4.8.1443/arm-gnu-toolchain/bin/../lib/gcc/arm-none-eabi/4.8.4/../../../../arm-none-eabi/lib/armv6-m/crt0.o
__call_exitprocs                                  c:/program files (x86)/atmel/atmel toolchain/arm gcc/native/4.8.1443/arm-gnu-toolchain/bin/../lib/gcc/arm-none-eabi/4.8.4/../../../../arm-none-eabi/lib/armv6-m\libc_s.a(lib_a-exit.o)
__deregister_frame_info                           c:/program files (x86)/atmel/atmel toolchain/arm gcc/native/4.8.1443/arm-gnu-toolchain/bin/../lib/gcc/arm-none-eabi/4.8.4/armv6-m/crtbegin.o
__divsi3                                          c:/program files (x86)/atmel/atmel toolchain/arm gcc/native/4.8.1443/arm-gnu-toolchain/bin/../lib/gcc/arm-none-eabi/4.8.4/armv6-m\libgcc.a(_divsi3.o)
__dso_handle                                      c:/program files (x86)/atmel/atmel toolchain/arm gcc/native/4.8.1443/arm-gnu-toolchain/bin/../lib/gcc/arm-none-eabi/4.8.4/armv6-m/crtbegin.o
__fp_lock_all                                     c:/program files (x86)/atmel/atmel toolchain/arm gcc/native/4.8.1443/arm-gnu-toolchain/bin/../lib/gcc/arm-none-eabi/4.8.4/../../../../arm-none-eabi/lib/armv6-m\libc_s.a(lib_a-findfp.o)
__fp_unlock_all                                   c:/program files (x86)/atmel/atmel toolchain/arm gcc/native/4.8.1443/arm-gnu-toolchain/bin/../lib/gcc/arm-none-eabi/4.8.4/../../../../arm-none-eabi/lib/armv6-m\libc_s.a(lib_a-findfp.o)
__init_array_end                                  c:/program files (x86)/atmel/atmel toolchain/arm gcc/native/4.8.1443/arm-gnu-toolchain/bin/../lib/gcc/arm-none-eabi/4.8.4/../../../../arm-none-eabi/lib/armv6-m\libc_s.a(lib_a-init.o)
__init_array_start                                c:/program files (x86)/atmel/atmel toolchain/arm gcc/native/4.8.1443/arm-gnu-toolchain/bin/../lib/gcc/arm-none-eabi/4.8.4/../../../../arm-none-eabi/lib/armv6-m\libc_s.a(lib_a-init.o)
__libc_fini_array                                 c:/program files (x86)/atmel/atmel toolchain/arm gcc/native/4.8.1443/arm-gnu-toolchain/bin/../lib/gcc/arm-none-eabi/4.8.4/../../../../arm-none-eabi/lib/armv6-m/crt0.o
__libc_init_array                                 c:/program files (x86)/atmel/atmel toolchain/arm gcc/native/4.8.1443/arm-gnu-toolchain/bin/../lib/gcc/arm-none-eabi/4.8.4/../../../../arm-none-eabi/lib/armv6-m\libc_s.a(lib_a-init.o)
                                                  src/ASF/sam0/utils/cmsis/samd20/source/gcc/startup_samd20.o
                                                  c:/program files (x86)/atmel/atmel toolchain/arm gcc/native/4.8.1443/arm-gnu-toolchain/bin/../lib/gcc/arm-none-eabi/4.8.4/../../../../arm-none-eabi/lib/armv6-m/crt0.o
__malloc_free_list                                c:/program files (x86)/atmel/atmel toolchain/arm gcc/native/4.8.1443/arm-gnu-toolchain/bin/../lib/gcc/arm-none-eabi/4.8.4/../../../../arm-none-eabi/lib/armv6-m\libc_s.a(lib_a-nano-mallocr.o)
                                                  c:/program files (x86)/atmel/atmel toolchain/arm gcc/native/4.8.1443/arm-gnu-toolchain/bin/../lib/gcc/arm-none-eabi/4.8.4/../../../../arm-none-eabi/lib/armv6-m\libc_s.a(lib_a-nano-freer.o)
__malloc_sbrk_start                               c:/program files (x86)/atmel/atmel toolchain/arm gcc/native/4.8.1443/arm-gnu-toolchain/bin/../lib/gcc/arm-none-eabi/4.8.4/../../../../arm-none-eabi/lib/armv6-m\libc_s.a(lib_a-nano-mallocr.o)
__muldi3                                          c:/program files (x86)/atmel/atmel toolchain/arm gcc/native/4.8.1443/arm-gnu-toolchain/bin/../lib/gcc/arm-none-eabi/4.8.4/armv6-m\libgcc.a(_muldi3.o)
__preinit_array_end                               c:/program files (x86)/atmel/atmel toolchain/arm gcc/native/4.8.1443/arm-gnu-toolchain/bin/../lib/gcc/arm-none-eabi/4.8.4/../../../../arm-none-eabi/lib/armv6-m\libc_s.a(lib_a-init.o)
__preinit_array_start                             c:/program files (x86)/atmel/atmel toolchain/arm gcc/native/4.8.1443/arm-gnu-toolchain/bin/../lib/gcc/arm-none-eabi/4.8.4/../../../../arm-none-eabi/lib/armv6-m\libc_s.a(lib_a-init.o)
__register_frame_info                             c:/program files (x86)/atmel/atmel toolchain/arm gcc/native/4.8.1443/arm-gnu-toolchain/bin/../lib/gcc/arm-none-eabi/4.8.4/armv6-m/crtbegin.o
__sclose                                          c:/program files (x86)/atmel/atmel toolchain/arm gcc/native/4.8.1443/arm-gnu-toolchain/bin/../lib/gcc/arm-none-eabi/4.8.4/../../../../arm-none-eabi/lib/armv6-m\libc_s.a(lib_a-stdio.o)
                                                  c:/program files (x86)/atmel/atmel toolchain/arm gcc/native/4.8.1443/arm-gnu-toolchain/bin/../lib/gcc/arm-none-eabi/4.8.4/../../../../arm-none-eabi/lib/armv6-m\libc_s.a(lib_a-findfp.o)
__seofread                                        c:/program files (x86)/atmel/atmel toolchain/arm gcc/native/4.8.1443/arm-gnu-toolchain/bin/../lib/gcc/arm-none-eabi/4.8.4/../../../../arm-none-eabi/lib/armv6-m\libc_s.a(lib_a-stdio.o)
__sf_fake_stderr                                  c:/program files (x86)/atmel/atmel toolchain/arm gcc/native/4.8.1443/arm-gnu-toolchain/bin/../lib/gcc/arm-none-eabi/4.8.4/../../../../arm-none-eabi/lib/armv6-m\libc_s.a(lib_a-findfp.o)
                                                  c:/program files (x86)/atmel/atmel toolchain/arm gcc/native/4.8.1443/arm-gnu-toolchain/bin/../lib/gcc/arm-none-eabi/4.8.4/../../../../arm-none-eabi/lib/armv6-m\libc_s.a(lib_a-fflush.o)
                                                  c:/program files (x86)/atmel/atmel toolchain/arm gcc/native/4.8.1443/arm-gnu-toolchain/bin/../lib/gcc/arm-none-eabi/4.8.4/../../../../arm-none-eabi/lib/armv6-m\libc_s.a(lib_a-wsetup.o)
                                                  c:/program files (x86)/atmel/atmel toolchain/arm gcc/native/4.8.1443/arm-gnu-toolchain/bin/../lib/gcc/arm-none-eabi/4.8.4/../../../../arm-none-eabi/lib/armv6-m\libc_s.a(lib_a-wbuf.o)
                                                  c:/program files (x86)/atmel/atmel toolchain/arm gcc/native/4.8.1443/arm-gnu-toolchain/bin/../lib/gcc/arm-none-eabi/4.8.4/../../../../arm-none-eabi/lib/armv6-m\libc_s.a(lib_a-vfprintf.o)
                                                  c:/program files (x86)/atmel/atmel toolchain/arm gcc/native/4.8.1443/arm-gnu-toolchain/bin/../lib/gcc/arm-none-eabi/4.8.4/../../../../arm-none-eabi/lib/armv6-m\libc_s.a(lib_a-setvbuf.o)
                                                  c:/program files (x86)/atmel/atmel toolchain/arm gcc/native/4.8.1443/arm-gnu-toolchain/bin/../lib/gcc/arm-none-eabi/4.8.4/../../../../arm-none-eabi/lib/armv6-m\libc_s.a(lib_a-impure.o)
__sf_fake_stdin                                   c:/program files (x86)/atmel/atmel toolchain/arm gcc/native/4.8.1443/arm-gnu-toolchain/bin/../lib/gcc/arm-none-eabi/4.8.4/../../../../arm-none-eabi/lib/armv6-m\libc_s.a(lib_a-findfp.o)
                                                  c:/program files (x86)/atmel/atmel toolchain/arm gcc/native/4.8.1443/arm-gnu-toolchain/bin/../lib/gcc/arm-none-eabi/4.8.4/../../../../arm-none-eabi/lib/armv6-m\libc_s.a(lib_a-fflush.o)
                                                  c:/program files (x86)/atmel/atmel toolchain/arm gcc/native/4.8.1443/arm-gnu-toolchain/bin/../lib/gcc/arm-none-eabi/4.8.4/../../../../arm-none-eabi/lib/armv6-m\libc_s.a(lib_a-wsetup.o)
                                                  c:/program files (x86)/atmel/atmel toolchain/arm gcc/native/4.8.1443/arm-gnu-toolchain/bin/../lib/gcc/arm-none-eabi/4.8.4/../../../../arm-none-eabi/lib/armv6-m\libc_s.a(lib_a-wbuf.o)
                                                  c:/program files (x86)/atmel/atmel toolchain/arm gcc/native/4.8.1443/arm-gnu-toolchain/bin/../lib/gcc/arm-none-eabi/4.8.4/../../../../arm-none-eabi/lib/armv6-m\libc_s.a(lib_a-vfprintf.o)
                                                  c:/program files (x86)/atmel/atmel toolchain/arm gcc/native/4.8.1443/arm-gnu-toolchain/bin/../lib/gcc/arm-none-eabi/4.8.4/../../../../arm-none-eabi/lib/armv6-m\libc_s.a(lib_a-setvbuf.o)
                                                  c:/program files (x86)/atmel/atmel toolchain/arm gcc/native/4.8.1443/arm-gnu-toolchain/bin/../lib/gcc/arm-none-eabi/4.8.4/../../../../arm-none-eabi/lib/armv6-m\libc_s.a(lib_a-impure.o)
__sf_fake_stdout                                  c:/program files (x86)/atmel/atmel toolchain/arm gcc/native/4.8.1443/arm-gnu-toolchain/bin/../lib/gcc/arm-none-eabi/4.8.4/../../../../arm-none-eabi/lib/armv6-m\libc_s.a(lib_a-findfp.o)
                                                  c:/program files (x86)/atmel/atmel toolchain/arm gcc/native/4.8.1443/arm-gnu-toolchain/bin/../lib/gcc/arm-none-eabi/4.8.4/../../../../arm-none-eabi/lib/armv6-m\libc_s.a(lib_a-fflush.o)
                                                  c:/program files (x86)/atmel/atmel toolchain/arm gcc/native/4.8.1443/arm-gnu-toolchain/bin/../lib/gcc/arm-none-eabi/4.8.4/../../../../arm-none-eabi/lib/armv6-m\libc_s.a(lib_a-wsetup.o)