Archive member included because of file (symbol)

c:/program files (x86)/atmel/atmel toolchain/arm gcc/native/4.8.1429/arm-gnu-toolchain/bin/../lib/gcc/arm-none-eabi/4.8.3/../../../../arm-none-eabi/lib/armv7-m\libc.a(lib_a-exit.o)
                              c:/program files (x86)/atmel/atmel toolchain/arm gcc/native/4.8.1429/arm-gnu-toolchain/bin/../lib/gcc/arm-none-eabi/4.8.3/../../../../arm-none-eabi/lib/armv7-m/crt0.o (exit)
c:/program files (x86)/atmel/atmel toolchain/arm gcc/native/4.8.1429/arm-gnu-toolchain/bin/../lib/gcc/arm-none-eabi/4.8.3/../../../../arm-none-eabi/lib/armv7-m\libc.a(lib_a-impure.o)
                              c:/program files (x86)/atmel/atmel toolchain/arm gcc/native/4.8.1429/arm-gnu-toolchain/bin/../lib/gcc/arm-none-eabi/4.8.3/../../../../arm-none-eabi/lib/armv7-m\libc.a(lib_a-exit.o) (_global_impure_ptr)
c:/program files (x86)/atmel/atmel toolchain/arm gcc/native/4.8.1429/arm-gnu-toolchain/bin/../lib/gcc/arm-none-eabi/4.8.3/../../../../arm-none-eabi/lib/armv7-m\libc.a(lib_a-init.o)
                              c:/program files (x86)/atmel/atmel toolchain/arm gcc/native/4.8.1429/arm-gnu-toolchain/bin/../lib/gcc/arm-none-eabi/4.8.3/../../../../arm-none-eabi/lib/armv7-m/crt0.o (__libc_init_array)
c:/program files (x86)/atmel/atmel toolchain/arm gcc/native/4.8.1429/arm-gnu-toolchain/bin/../lib/gcc/arm-none-eabi/4.8.3/../../../../arm-none-eabi/lib/armv7-m\libc.a(lib_a-iprintf.o)
                              src/ASF/sam/utils/syscalls/gcc/syscalls.o (iprintf)
c:/program files (x86)/atmel/atmel toolchain/arm gcc/native/4.8.1429/arm-gnu-toolchain/bin/../lib/gcc/arm-none-eabi/4.8.3/../../../../arm-none-eabi/lib/armv7-m\libc.a(lib_a-memcpy-stub.o)
                              src/ASF/thirdparty/freertos/freertos-7.3.0/source/queue.o (memcpy)
c:/program files (x86)/atmel/atmel toolchain/arm gcc/native/4.8.1429/arm-gnu-toolchain/bin/../lib/gcc/arm-none-eabi/4.8.3/../../../../arm-none-eabi/lib/armv7-m\libc.a(lib_a-memset.o)
                              c:/program files (x86)/atmel/atmel toolchain/arm gcc/native/4.8.1429/arm-gnu-toolchain/bin/../lib/gcc/arm-none-eabi/4.8.3/../../../../arm-none-eabi/lib/armv7-m/crt0.o (memset)
c:/program files (x86)/atmel/atmel toolchain/arm gcc/native/4.8.1429/arm-gnu-toolchain/bin/../lib/gcc/arm-none-eabi/4.8.3/../../../../arm-none-eabi/lib/armv7-m\libc.a(lib_a-sprintf.o)
                              src/main.o (sprintf)
c:/program files (x86)/atmel/atmel toolchain/arm gcc/native/4.8.1429/arm-gnu-toolchain/bin/../lib/gcc/arm-none-eabi/4.8.3/../../../../arm-none-eabi/lib/armv7-m\libc.a(lib_a-strlen.o)
                              src/ASF/thirdparty/freertos/freertos-7.3.0/source/FreeRTOS_CLI.o (strlen)
c:/program files (x86)/atmel/atmel toolchain/arm gcc/native/4.8.1429/arm-gnu-toolchain/bin/../lib/gcc/arm-none-eabi/4.8.3/../../../../arm-none-eabi/lib/armv7-m\libc.a(lib_a-strncmp.o)
                              src/ASF/thirdparty/freertos/freertos-7.3.0/source/FreeRTOS_CLI.o (strncmp)
c:/program files (x86)/atmel/atmel toolchain/arm gcc/native/4.8.1429/arm-gnu-toolchain/bin/../lib/gcc/arm-none-eabi/4.8.3/../../../../arm-none-eabi/lib/armv7-m\libc.a(lib_a-strncpy.o)
                              src/ASF/thirdparty/freertos/freertos-7.3.0/source/FreeRTOS_CLI.o (strncpy)
c:/program files (x86)/atmel/atmel toolchain/arm gcc/native/4.8.1429/arm-gnu-toolchain/bin/../lib/gcc/arm-none-eabi/4.8.3/../../../../arm-none-eabi/lib/armv7-m\libc.a(lib_a-svfprintf.o)
                              c:/program files (x86)/atmel/atmel toolchain/arm gcc/native/4.8.1429/arm-gnu-toolchain/bin/../lib/gcc/arm-none-eabi/4.8.3/../../../../arm-none-eabi/lib/armv7-m\libc.a(lib_a-sprintf.o) (_svfprintf_r)
c:/program files (x86)/atmel/atmel toolchain/arm gcc/native/4.8.1429/arm-gnu-toolchain/bin/../lib/gcc/arm-none-eabi/4.8.3/../../../../arm-none-eabi/lib/armv7-m\libc.a(lib_a-vfiprintf.o)
                              c:/program files (x86)/atmel/atmel toolchain/arm gcc/native/4.8.1429/arm-gnu-toolchain/bin/../lib/gcc/arm-none-eabi/4.8.3/../../../../arm-none-eabi/lib/armv7-m\libc.a(lib_a-iprintf.o) (_vfiprintf_r)
c:/program files (x86)/atmel/atmel toolchain/arm gcc/native/4.8.1429/arm-gnu-toolchain/bin/../lib/gcc/arm-none-eabi/4.8.3/../../../../arm-none-eabi/lib/armv7-m\libc.a(lib_a-wsetup.o)
                              c:/program files (x86)/atmel/atmel toolchain/arm gcc/native/4.8.1429/arm-gnu-toolchain/bin/../lib/gcc/arm-none-eabi/4.8.3/../../../../arm-none-eabi/lib/armv7-m\libc.a(lib_a-vfiprintf.o) (__swsetup_r)
c:/program files (x86)/atmel/atmel toolchain/arm gcc/native/4.8.1429/arm-gnu-toolchain/bin/../lib/gcc/arm-none-eabi/4.8.3/../../../../arm-none-eabi/lib/armv7-m\libc.a(lib_a-__call_atexit.o)
                              c:/program files (x86)/atmel/atmel toolchain/arm gcc/native/4.8.1429/arm-gnu-toolchain/bin/../lib/gcc/arm-none-eabi/4.8.3/../../../../arm-none-eabi/lib/armv7-m\libc.a(lib_a-exit.o) (__call_exitprocs)
[...]
Memory Configuration

Name             Origin             Length             Attributes
rom              0x00080000         0x00080000         xr
sram0            0x20000000         0x00010000         xrw
sram1            0x20080000         0x00008000         xrw
ram              0x20070000         0x00018000         xrw
*default*        0x00000000         0xffffffff

Linker script and memory map

LOAD c:/program files (x86)/atmel/atmel toolchain/arm gcc/native/4.8.1429/arm-gnu-toolchain/bin/../lib/gcc/arm-none-eabi/4.8.3/armv7-m/crti.o
LOAD c:/program files (x86)/atmel/atmel toolchain/arm gcc/native/4.8.1429/arm-gnu-toolchain/bin/../lib/gcc/arm-none-eabi/4.8.3/armv7-m/crtbegin.o
LOAD c:/program files (x86)/atmel/atmel toolchain/arm gcc/native/4.8.1429/arm-gnu-toolchain/bin/../lib/gcc/arm-none-eabi/4.8.3/../../../../arm-none-eabi/lib/armv7-m/crt0.o
LOAD src/ASF/common/services/delay/sam/cycle_counter.o
LOAD src/ASF/common/services/clock/sam3x/sysclk.o
LOAD src/ASF/sam/drivers/pio/pio.o
LOAD src/ASF/sam/drivers/pio/pio_handler.o
LOAD src/ASF/sam/drivers/pmc/pmc.o
LOAD src/ASF/sam/drivers/pmc/sleep.o
LOAD src/ASF/common/boards/user_board/init.o
LOAD src/ASF/common/utils/interrupt/interrupt_sam_nvic.o
LOAD src/ASF/sam/drivers/usart/usart.o
LOAD src/ASF/sam/utils/cmsis/sam3x/source/templates/exceptions.o
LOAD src/ASF/sam/utils/cmsis/sam3x/source/templates/gcc/startup_sam3x.o
LOAD src/ASF/sam/utils/cmsis/sam3x/source/templates/system_sam3x.o
LOAD src/ASF/sam/utils/syscalls/gcc/syscalls.o
LOAD src/ASF/thirdparty/freertos/freertos-7.3.0/source/FreeRTOS_CLI.o
LOAD src/ASF/thirdparty/freertos/freertos-7.3.0/source/list.o
LOAD src/ASF/thirdparty/freertos/freertos-7.3.0/source/portable/gcc/sam/port.o
LOAD src/ASF/thirdparty/freertos/freertos-7.3.0/source/portable/memmang/heap_4.o
LOAD src/ASF/thirdparty/freertos/freertos-7.3.0/source/queue.o
LOAD src/ASF/thirdparty/freertos/freertos-7.3.0/source/tasks.o
LOAD src/ASF/thirdparty/freertos/freertos-7.3.0/source/timers.o
LOAD src/main.o
START GROUP
LOAD ../src/ASF/thirdparty/CMSIS/Lib/GCC\libarm_cortexM3l_math.a
LOAD c:/program files (x86)/atmel/atmel toolchain/arm gcc/native/4.8.1429/arm-gnu-toolchain/bin/../lib/gcc/arm-none-eabi/4.8.3/../../../../arm-none-eabi/lib/armv7-m\libm.a
END GROUP
START GROUP
LOAD c:/program files (x86)/atmel/atmel toolchain/arm gcc/native/4.8.1429/arm-gnu-toolchain/bin/../lib/gcc/arm-none-eabi/4.8.3/armv7-m\libgcc.a
LOAD c:/program files (x86)/atmel/atmel toolchain/arm gcc/native/4.8.1429/arm-gnu-toolchain/bin/../lib/gcc/arm-none-eabi/4.8.3/../../../../arm-none-eabi/lib/armv7-m\libc.a
END GROUP
LOAD c:/program files (x86)/atmel/atmel toolchain/arm gcc/native/4.8.1429/arm-gnu-toolchain/bin/../lib/gcc/arm-none-eabi/4.8.3/armv7-m/crtend.o
LOAD c:/program files (x86)/atmel/atmel toolchain/arm gcc/native/4.8.1429/arm-gnu-toolchain/bin/../lib/gcc/arm-none-eabi/4.8.3/armv7-m/crtn.o
                0x00002000                __stack_size__ = DEFINED (__stack_size__)?__stack_size__:0x2000
                0x20087ffc                __ram_end__ = ((ORIGIN (ram) + 0x18000) - 0x4)

.text           0x00080000     0x5794
                0x00080000                . = ALIGN (0x4)
                0x00080000                _sfixed = .
 *(.vectors .vectors.*)
 .vectors       0x00080000       0xf4 src/ASF/sam/utils/cmsis/sam3x/source/templates/gcc/startup_sam3x.o
                0x00080000                exception_table
 *(.text .text.* .gnu.linkonce.t.*)
 .text          0x000800f4       0xb0 c:/program files (x86)/atmel/atmel toolchain/arm gcc/native/4.8.1429/arm-gnu-toolchain/bin/../lib/gcc/arm-none-eabi/4.8.3/armv7-m/crtbegin.o
 .text.sysclk_init
                0x000801a4       0x64 src/ASF/common/services/clock/sam3x/sysclk.o
                0x000801a4                sysclk_init
 .text.pio_set_peripheral
                0x00080208       0x40 src/ASF/sam/drivers/pio/pio.o
                0x00080208                pio_set_peripheral
 .text.pio_set_input
                0x00080248       0x34 src/ASF/sam/drivers/pio/pio.o
                0x00080248                pio_set_input
 .text.pio_set_output
                0x0008027c       0x28 src/ASF/sam/drivers/pio/pio.o
                0x0008027c                pio_set_output
 .text.pio_get_interrupt_status
                0x000802a4        0x4 src/ASF/sam/drivers/pio/pio.o
                0x000802a4                pio_get_interrupt_status
 .text.pio_get_interrupt_mask
                0x000802a8        0x4 src/ASF/sam/drivers/pio/pio.o
                0x000802a8                pio_get_interrupt_mask
 .text.pio_configure_pin
                0x000802ac       0xd4 src/ASF/sam/drivers/pio/pio.o
                0x000802ac                pio_configure_pin
 .text.pio_handler_process
                0x00080380       0x58 src/ASF/sam/drivers/pio/pio_handler.o
                0x00080380                pio_handler_process
 .text.PIOA_Handler
                0x000803d8       0x14 src/ASF/sam/drivers/pio/pio_handler.o
                0x000803d8                PIOA_Handler
 .text.PIOB_Handler
                0x000803ec       0x14 src/ASF/sam/drivers/pio/pio_handler.o
                0x000803ec                PIOB_Handler
 .text.pmc_switch_mck_to_pllack
                0x00080400       0x64 src/ASF/sam/drivers/pmc/pmc.o
                0x00080400                pmc_switch_mck_to_pllack
 .text.pmc_switch_mainck_to_fastrc
                0x00080464       0x4c src/ASF/sam/drivers/pmc/pmc.o
                0x00080464                pmc_switch_mainck_to_fastrc
 .text.pmc_osc_is_ready_mainck
                0x000804b0       0x10 src/ASF/sam/drivers/pmc/pmc.o
                0x000804b0                pmc_osc_is_ready_mainck
 .text.pmc_disable_pllack
                0x000804c0       0x10 src/ASF/sam/drivers/pmc/pmc.o
                0x000804c0                pmc_disable_pllack
 .text.pmc_is_locked_pllack
                0x000804d0       0x10 src/ASF/sam/drivers/pmc/pmc.o
                0x000804d0                pmc_is_locked_pllack
 .text.pmc_enable_periph_clk
                0x000804e0       0x58 src/ASF/sam/drivers/pmc/pmc.o
                0x000804e0                pmc_enable_periph_clk
 .text.board_init
                0x00080538       0x38 src/ASF/common/boards/user_board/init.o
                0x00080538                board_init
 .text.usart_set_async_baudrate
                0x00080570       0x64 src/ASF/sam/drivers/usart/usart.o
                0x00080570                usart_set_async_baudrate
 .text.usart_reset
                0x000805d4       0x28 src/ASF/sam/drivers/usart/usart.o
                0x000805d4                usart_reset
 .text.usart_init_rs232
                0x000805fc       0x54 src/ASF/sam/drivers/usart/usart.o
                0x000805fc                usart_init_rs232
 .text.usart_enable_tx
                0x00080650        0x8 src/ASF/sam/drivers/usart/usart.o
                0x00080650                usart_enable_tx
 .text.usart_enable_rx
                0x00080658        0x8 src/ASF/sam/drivers/usart/usart.o
                0x00080658                usart_enable_rx
 .text.usart_enable_interrupt
                0x00080660        0x4 src/ASF/sam/drivers/usart/usart.o
                0x00080660                usart_enable_interrupt
 .text.usart_get_status
                0x00080664        0x4 src/ASF/sam/drivers/usart/usart.o
                0x00080664                usart_get_status
 .text.usart_write
                0x00080668       0x18 src/ASF/sam/drivers/usart/usart.o
                0x00080668                usart_write
 .text.usart_putchar
                0x00080680       0x14 src/ASF/sam/drivers/usart/usart.o
                0x00080680                usart_putchar
 .text.usart_write_line
                0x00080694       0x20 src/ASF/sam/drivers/usart/usart.o
                0x00080694                usart_write_line
 .text.usart_read
                0x000806b4       0x18 src/ASF/sam/drivers/usart/usart.o
                0x000806b4                usart_read
 .text.Dummy_Handler
                0x000806cc        0x4 src/ASF/sam/utils/cmsis/sam3x/source/templates/exceptions.o
                0x000806cc                DACC_Handler
                0x000806cc                DebugMon_Handler
                0x000806cc                DMAC_Handler
                0x000806cc                TRNG_Handler
                0x000806cc                HardFault_Handler
                0x000806cc                TC2_Handler
                0x000806cc                TWI1_Handler
                0x000806cc                NMI_Handler
                0x000806cc                ADC_Handler
                0x000806cc                RTT_Handler
                0x000806cc                EFC1_Handler
                0x000806cc                RTC_Handler
                0x000806cc                UsageFault_Handler
                0x000806cc                WDT_Handler
                0x000806cc                CAN0_Handler
                0x000806cc                TC4_Handler
                0x000806cc                TC1_Handler
                0x000806cc                HSMCI_Handler
                0x000806cc                TC3_Handler
                0x000806cc                Dummy_Handler
                0x000806cc                TWI0_Handler
                0x000806cc                USART1_Handler
                0x000806cc                SSC_Handler
                0x000806cc                EFC0_Handler
                0x000806cc                PMC_Handler
                0x000806cc                PWM_Handler
                0x000806cc                CAN1_Handler
                0x000806cc                MemManage_Handler
                0x000806cc                SUPC_Handler
                0x000806cc                USART2_Handler
                0x000806cc                EMAC_Handler
                0x000806cc                UART_Handler
                0x000806cc                BusFault_Handler
                0x000806cc                RSTC_Handler
                0x000806cc                TC0_Handler
                0x000806cc                TC5_Handler
                0x000806cc                UOTGHS_Handler
                0x000806cc                SPI0_Handler
 .text.Reset_Handler
                0x000806d0       0xb0 src/ASF/sam/utils/cmsis/sam3x/source/templates/gcc/startup_sam3x.o
                0x000806d0                Reset_Handler
 .text.SystemCoreClockUpdate
                0x00080780      0x11c src/ASF/sam/utils/cmsis/sam3x/source/templates/system_sam3x.o
                0x00080780                SystemCoreClockUpdate
 .text._sbrk    0x0008089c       0x34 src/ASF/sam/utils/syscalls/gcc/syscalls.o
                0x0008089c                _sbrk
 .text.vListInsertEnd
                0x000808d0       0x1c src/ASF/thirdparty/freertos/freertos-7.3.0/source/list.o
                0x000808d0                vListInsertEnd
 .text.uxListRemove
                0x000808ec       0x28 src/ASF/thirdparty/freertos/freertos-7.3.0/source/list.o
                0x000808ec                uxListRemove
 .text.SVC_Handler
                0x00080914       0x20 src/ASF/thirdparty/freertos/freertos-7.3.0/source/portable/gcc/sam/port.o
                0x00080914                SVC_Handler
 .text.ulPortSetInterruptMask
                0x00080934       0x10 src/ASF/thirdparty/freertos/freertos-7.3.0/source/portable/gcc/sam/port.o
                0x00080934                ulPortSetInterruptMask
 .text.vPortClearInterruptMask
                0x00080944        0x8 src/ASF/thirdparty/freertos/freertos-7.3.0/source/portable/gcc/sam/port.o
                0x00080944                vPortClearInterruptMask
 .text.PendSV_Handler
                0x0008094c       0x3c src/ASF/thirdparty/freertos/freertos-7.3.0/source/portable/gcc/sam/port.o
                0x0008094c                PendSV_Handler
 .text.SysTick_Handler
                0x00080988       0x2c src/ASF/thirdparty/freertos/freertos-7.3.0/source/portable/gcc/sam/port.o
                0x00080988                SysTick_Handler
 .text.vTaskIncrementTick
                0x000809b4      0x120 src/ASF/thirdparty/freertos/freertos-7.3.0/source/tasks.o
                0x000809b4                vTaskIncrementTick
 .text.vTaskSwitchContext
                0x00080ad4       0x90 src/ASF/thirdparty/freertos/freertos-7.3.0/source/tasks.o
                0x00080ad4                vTaskSwitchContext
 .text.main     0x00080b64      0x1b0 src/main.o
                0x00080b64                main
 .text.USART0_Handler
                0x00080d14       0x3c src/main.o
                0x00080d14                USART0_Handler
 .text          0x00080d50       0x4c c:/program files (x86)/atmel/atmel toolchain/arm gcc/native/4.8.1429/arm-gnu-toolchain/bin/../lib/gcc/arm-none-eabi/4.8.3/../../../../arm-none-eabi/lib/armv7-m\libc.a(lib_a-init.o)
                0x00080d50                __libc_init_array
 .text          0x00080d9c       0x12 c:/program files (x86)/atmel/atmel toolchain/arm gcc/native/4.8.1429/arm-gnu-toolchain/bin/../lib/gcc/arm-none-eabi/4.8.3/../../../../arm-none-eabi/lib/armv7-m\libc.a(lib_a-memcpy-stub.o)
                0x00080d9c                memcpy
 .text          0x00080dae       0x10 c:/program files (x86)/atmel/atmel toolchain/arm gcc/native/4.8.1429/arm-gnu-toolchain/bin/../lib/gcc/arm-none-eabi/4.8.3/../../../../arm-none-eabi/lib/armv7-m\libc.a(lib_a-memset.o)
                0x00080dae                memset
 *fill*         0x00080dbe        0x2 
 .text          0x00080dc0       0x88 c:/program files (x86)/atmel/atmel toolchain/arm gcc/native/4.8.1429/arm-gnu-toolchain/bin/../lib/gcc/arm-none-eabi/4.8.3/../../../../arm-none-eabi/lib/armv7-m\libc.a(lib_a-sprintf.o)
                0x00080dc0                _sprintf_r
                0x00080e00                sprintf
 .text          0x00080e48       0x10 c:/program files (x86)/atmel/atmel toolchain/arm gcc/native/4.8.1429/arm-gnu-toolchain/bin/../lib/gcc/arm-none-eabi/4.8.3/../../../../arm-none-eabi/lib/armv7-m\libc.a(lib_a-strlen.o)
                0x00080e48                strlen
 .text          0x00080e58      0xf30 c:/program files (x86)/atmel/atmel toolchain/arm gcc/native/4.8.1429/arm-gnu-toolchain/bin/../lib/gcc/arm-none-eabi/4.8.3/../../../../arm-none-eabi/lib/armv7-m\libc.a(lib_a-svfprintf.o)
                0x00080e58                _svfprintf_r
 .text.startup  0x00081d88       0x14 c:/program files (x86)/atmel/atmel toolchain/arm gcc/native/4.8.1429/arm-gnu-toolchain/bin/../lib/gcc/arm-none-eabi/4.8.3/../../../../arm-none-eabi/lib/armv7-m\libc.a(lib_a-__call_atexit.o)
 .text          0x00081d9c        0xc c:/program files (x86)/atmel/atmel toolchain/arm gcc/native/4.8.1429/arm-gnu-toolchain/bin/../lib/gcc/arm-none-eabi/4.8.3/../../../../arm-none-eabi/lib/armv7-m\libc.a(lib_a-atexit.o)
                0x00081d9c                atexit
 .text          0x00081da8      0xc80 c:/program files (x86)/atmel/atmel toolchain/arm gcc/native/4.8.1429/arm-gnu-toolchain/bin/../lib/gcc/arm-none-eabi/4.8.3/../../../../arm-none-eabi/lib/armv7-m\libc.a(lib_a-dtoa.o)
                0x00081ec6                _dtoa_r
 .text          0x00082a28       0x2c c:/program files (x86)/atmel/atmel toolchain/arm gcc/native/4.8.1429/arm-gnu-toolchain/bin/../lib/gcc/arm-none-eabi/4.8.3/../../../../arm-none-eabi/lib/armv7-m\libc.a(lib_a-fini.o)
                0x00082a28                __libc_fini_array
 .text          0x00082a54      0x20c c:/program files (x86)/atmel/atmel toolchain/arm gcc/native/4.8.1429/arm-gnu-toolchain/bin/../lib/gcc/arm-none-eabi/4.8.3/../../../../arm-none-eabi/lib/armv7-m\libc.a(lib_a-freer.o)
                0x00082a54                _malloc_trim_r
                0x00082af0                _free_r
 .text          0x00082c60       0x84 c:/program files (x86)/atmel/atmel toolchain/arm gcc/native/4.8.1429/arm-gnu-toolchain/bin/../lib/gcc/arm-none-eabi/4.8.3/../../../../arm-none-eabi/lib/armv7-m\libc.a(lib_a-locale.o)
                0x00082c60                _setlocale_r
                0x00082ca0                __locale_charset
                0x00082ca8                __locale_mb_cur_max
                0x00082cb4                __locale_msgcharset
                0x00082cbc                __locale_cjk_lang
                0x00082cc0                _localeconv_r
                0x00082cc8                setlocale
                0x00082cdc                localeconv
 .text          0x00082ce4      0x410 c:/program files (x86)/atmel/atmel toolchain/arm gcc/native/4.8.1429/arm-gnu-toolchain/bin/../lib/gcc/arm-none-eabi/4.8.3/../../../../arm-none-eabi/lib/armv7-m\libc.a(lib_a-mallocr.o)
                0x00082ce4                _malloc_r
 .text          0x000830f4       0x1c c:/program files (x86)/atmel/atmel toolchain/arm gcc/native/4.8.1429/arm-gnu-toolchain/bin/../lib/gcc/arm-none-eabi/4.8.3/../../../../arm-none-eabi/lib/armv7-m\libc.a(lib_a-memchr-stub.o)
                0x000830f4                memchr
 .text          0x00083110       0x36 c:/program files (x86)/atmel/atmel toolchain/arm gcc/native/4.8.1429/arm-gnu-toolchain/bin/../lib/gcc/arm-none-eabi/4.8.3/../../../../arm-none-eabi/lib/armv7-m\libc.a(lib_a-memmove.o)
                0x00083110                memmove
 .text          0x00083146        0x4 c:/program files (x86)/atmel/atmel toolchain/arm gcc/native/4.8.1429/arm-gnu-toolchain/bin/../lib/gcc/arm-none-eabi/4.8.3/../../../../arm-none-eabi/lib/armv7-m\libc.a(lib_a-mlock.o)
                0x00083146                __malloc_lock
                0x00083148                __malloc_unlock
 *fill*         0x0008314a        0x2 
 .text          0x0008314c      0x7d4 c:/program files (x86)/atmel/atmel toolchain/arm gcc/native/4.8.1429/arm-gnu-toolchain/bin/../lib/gcc/arm-none-eabi/4.8.3/../../../../arm-none-eabi/lib/armv7-m\libc.a(lib_a-mprec.o)
                0x0008314c                _Balloc
                0x00083198                _Bfree
                0x000831aa                __multadd
                0x0008321e                __s2b
                0x000832a2                __hi0bits
                0x000832e2                __lo0bits
                0x0008333c                __i2b
                0x0008334e                __multiply
                0x0008347e                __pow5mult
                0x000834fc                __lshift
                0x000835a2                __mcmp
                0x000835dc                __mdiff
                0x0008369a                __ulp
                0x000836dc                __b2d
                0x00083782                __d2b
                0x00083826                __ratio
                0x00083870                _mprec_log10
                0x000838a4                __copybits
                0x000838d6                __any_on
 .text          0x00083920      0x354 c:/program files (x86)/atmel/atmel toolchain/arm gcc/native/4.8.1429/arm-gnu-toolchain/bin/../lib/gcc/arm-none-eabi/4.8.3/../../../../arm-none-eabi/lib/armv7-m\libc.a(lib_a-reallocr.o)
                0x00083920                _realloc_r
 .text          0x00083c74       0x44 c:/program files (x86)/atmel/atmel toolchain/arm gcc/native/4.8.1429/arm-gnu-toolchain/bin/../lib/gcc/arm-none-eabi/4.8.3/../../../../arm-none-eabi/lib/armv7-m\libc.a(lib_a-s_fpclassify.o)
                0x00083c74                __fpclassifyd
 .text          0x00083cb8       0x20 c:/program files (x86)/atmel/atmel toolchain/arm gcc/native/4.8.1429/arm-gnu-toolchain/bin/../lib/gcc/arm-none-eabi/4.8.3/../../../../arm-none-eabi/lib/armv7-m\libc.a(lib_a-sbrkr.o)
                0x00083cb8                _sbrk_r
 .text          0x00083cd8       0x14 c:/program files (x86)/atmel/atmel toolchain/arm gcc/native/4.8.1429/arm-gnu-toolchain/bin/../lib/gcc/arm-none-eabi/4.8.3/../../../../arm-none-eabi/lib/armv7-m\libc.a(lib_a-strcmp.o)
                0x00083cd8                strcmp
 .text          0x00083cec      0x8d8 c:/program files (x86)/atmel/atmel toolchain/arm gcc/native/4.8.1429/arm-gnu-toolchain/bin/../lib/gcc/arm-none-eabi/4.8.3/../../../../arm-none-eabi/lib/armv7-m\libc.a(lib_a-svfiprintf.o)
                0x00083cec                __ssprint_r
                0x00083dde                _svfiprintf_r
 .text          0x000845c4       0x98 c:/program files (x86)/atmel/atmel toolchain/arm gcc/native/4.8.1429/arm-gnu-toolchain/bin/../lib/gcc/arm-none-eabi/4.8.3/../../../../arm-none-eabi/lib/armv7-m\libc.a(lib_a-__atexit.o)
                0x000845c4                __register_exitproc
 .text          0x0008465c       0x5a c:/program files (x86)/atmel/atmel toolchain/arm gcc/native/4.8.1429/arm-gnu-toolchain/bin/../lib/gcc/arm-none-eabi/4.8.3/../../../../arm-none-eabi/lib/armv7-m\libc.a(lib_a-callocr.o)
                0x0008465c                _calloc_r
 *fill*         0x000846b6        0x2 
 .text          0x000846b8      0x370 c:/program files (x86)/atmel/atmel toolchain/arm gcc/native/4.8.1429/arm-gnu-toolchain/bin/../lib/gcc/arm-none-eabi/4.8.3/armv7-m\libgcc.a(_arm_addsubdf3.o)
                0x000846b8                __aeabi_drsub
                0x000846c0                __aeabi_dsub
                0x000846c0                __subdf3
                0x000846c4                __aeabi_dadd
                0x000846c4                __adddf3
                0x0008493c                __floatunsidf
                0x0008493c                __aeabi_ui2d
                0x0008495c                __floatsidf
                0x0008495c                __aeabi_i2d
                0x00084980                __aeabi_f2d
                0x00084980                __extendsfdf2
                0x000849bc                __floatundidf
                0x000849bc                __aeabi_ul2d
                0x000849cc                __floatdidf
                0x000849cc                __aeabi_l2d
 .text          0x00084a28      0x424 c:/program files (x86)/atmel/atmel toolchain/arm gcc/native/4.8.1429/arm-gnu-toolchain/bin/../lib/gcc/arm-none-eabi/4.8.3/armv7-m\libgcc.a(_arm_muldivdf3.o)
                0x00084a28                __aeabi_dmul
                0x00084a28                __muldf3
                0x00084c7c                __divdf3
                0x00084c7c                __aeabi_ddiv
 .text          0x00084e4c      0x110 c:/program files (x86)/atmel/atmel toolchain/arm gcc/native/4.8.1429/arm-gnu-toolchain/bin/../lib/gcc/arm-none-eabi/4.8.3/armv7-m\libgcc.a(_arm_cmpdf2.o)
                0x00084e4c                __gtdf2
                0x00084e4c                __gedf2
                0x00084e54                __ltdf2
                0x00084e54                __ledf2
                0x00084e5c                __nedf2
                0x00084e5c                __eqdf2
                0x00084e5c                __cmpdf2
                0x00084ed8                __aeabi_cdrcmple
                0x00084ee8                __aeabi_cdcmpeq
                0x00084ee8                __aeabi_cdcmple
                0x00084ef8                __aeabi_dcmpeq
                0x00084f0c                __aeabi_dcmplt
                0x00084f20                __aeabi_dcmple
                0x00084f34                __aeabi_dcmpge
                0x00084f48                __aeabi_dcmpgt
 .text          0x00084f5c       0x50 c:/program files (x86)/atmel/atmel toolchain/arm gcc/native/4.8.1429/arm-gnu-toolchain/bin/../lib/gcc/arm-none-eabi/4.8.3/armv7-m\libgcc.a(_arm_fixdfsi.o)
                0x00084f5c                __aeabi_d2iz
                0x00084f5c                __fixdfsi
 .text          0x00084fac       0x2c c:/program files (x86)/atmel/atmel toolchain/arm gcc/native/4.8.1429/arm-gnu-toolchain/bin/../lib/gcc/arm-none-eabi/4.8.3/armv7-m\libgcc.a(_aeabi_uldivmod.o)
                0x00084fac                __aeabi_uldivmod
 .text          0x00084fd8       0x60 c:/program files (x86)/atmel/atmel toolchain/arm gcc/native/4.8.1429/arm-gnu-toolchain/bin/../lib/gcc/arm-none-eabi/4.8.3/armv7-m\libgcc.a(bpabi.o)
                0x00084fd8                __gnu_ldivmod_helper
                0x00085008                __gnu_uldivmod_helper
 .text          0x00085038        0x4 c:/program files (x86)/atmel/atmel toolchain/arm gcc/native/4.8.1429/arm-gnu-toolchain/bin/../lib/gcc/arm-none-eabi/4.8.3/armv7-m\libgcc.a(_dvmd_tls.o)
                0x00085038                __aeabi_idiv0
                0x00085038                __aeabi_ldiv0
 .text          0x0008503c      0x2a0 c:/program files (x86)/atmel/atmel toolchain/arm gcc/native/4.8.1429/arm-gnu-toolchain/bin/../lib/gcc/arm-none-eabi/4.8.3/armv7-m\libgcc.a(_divdi3.o)
                0x0008503c                __divdi3
 .text          0x000852dc      0x290 c:/program files (x86)/atmel/atmel toolchain/arm gcc/native/4.8.1429/arm-gnu-toolchain/bin/../lib/gcc/arm-none-eabi/4.8.3/armv7-m\libgcc.a(_udivdi3.o)
                0x000852dc                __udivdi3
 *(.glue_7t)
 .glue_7t       0x00000000        0x0 linker stubs
 *(.glue_7)
 .glue_7        0x00000000        0x0 linker stubs
 *(.rodata .rodata* .gnu.linkonce.r.*)
 .rodata.str1.4
                0x0008556c       0x48 src/main.o
 .rodata        0x000855b4        0x4 c:/program files (x86)/atmel/atmel toolchain/arm gcc/native/4.8.1429/arm-gnu-toolchain/bin/../lib/gcc/arm-none-eabi/4.8.3/../../../../arm-none-eabi/lib/armv7-m\libc.a(lib_a-impure.o)
                0x000855b4                _global_impure_ptr
 .rodata.str1.1
                0x000855b8        0x2 c:/program files (x86)/atmel/atmel toolchain/arm gcc/native/4.8.1429/arm-gnu-toolchain/bin/../lib/gcc/arm-none-eabi/4.8.3/../../../../arm-none-eabi/lib/armv7-m\libc.a(lib_a-impure.o)
 .rodata        0x000855ba       0x20 c:/program files (x86)/atmel/atmel toolchain/arm gcc/native/4.8.1429/arm-gnu-toolchain/bin/../lib/gcc/arm-none-eabi/4.8.3/../../../../arm-none-eabi/lib/armv7-m\libc.a(lib_a-svfprintf.o)
 .rodata.str1.1
                0x000855da       0x34 c:/program files (x86)/atmel/atmel toolchain/arm gcc/native/4.8.1429/arm-gnu-toolchain/bin/../lib/gcc/arm-none-eabi/4.8.3/../../../../arm-none-eabi/lib/armv7-m\libc.a(lib_a-svfprintf.o)
 .rodata.str1.1
                0x0008560e        0xd c:/program files (x86)/atmel/atmel toolchain/arm gcc/native/4.8.1429/arm-gnu-toolchain/bin/../lib/gcc/arm-none-eabi/4.8.3/../../../../arm-none-eabi/lib/armv7-m\libc.a(lib_a-dtoa.o)
                                  0xf (size before relaxing)
 .rodata.str1.1
                0x0008561b        0x8 c:/program files (x86)/atmel/atmel toolchain/arm gcc/native/4.8.1429/arm-gnu-toolchain/bin/../lib/gcc/arm-none-eabi/4.8.3/../../../../arm-none-eabi/lib/armv7-m\libc.a(lib_a-locale.o)
                                  0xb (size before relaxing)
 *fill*         0x00085623        0x5 
 .rodata        0x00085628      0x128 c:/program files (x86)/atmel/atmel toolchain/arm gcc/native/4.8.1429/arm-gnu-toolchain/bin/../lib/gcc/arm-none-eabi/4.8.3/../../../../arm-none-eabi/lib/armv7-m\libc.a(lib_a-mprec.o)
                0x00085638                __mprec_tens
                0x00085700                __mprec_tinytens
                0x00085728                __mprec_bigtens
 .rodata        0x00085750       0x20 c:/program files (x86)/atmel/atmel toolchain/arm gcc/native/4.8.1429/arm-gnu-toolchain/bin/../lib/gcc/arm-none-eabi/4.8.3/../../../../arm-none-eabi/lib/armv7-m\libc.a(lib_a-svfiprintf.o)
 .rodata.str1.1
                0x00000000       0x22 c:/program files (x86)/atmel/atmel toolchain/arm gcc/native/4.8.1429/arm-gnu-toolchain/bin/../lib/gcc/arm-none-eabi/4.8.3/../../../../arm-none-eabi/lib/armv7-m\libc.a(lib_a-svfiprintf.o)
 *(.ARM.extab* .gnu.linkonce.armextab.*)
                0x00085770                . = ALIGN (0x4)
 *(.init)
 .init          0x00085770        0x4 c:/program files (x86)/atmel/atmel toolchain/arm gcc/native/4.8.1429/arm-gnu-toolchain/bin/../lib/gcc/arm-none-eabi/4.8.3/armv7-m/crti.o
                0x00085770                _init
 .init          0x00085774        0x8 c:/program files (x86)/atmel/atmel toolchain/arm gcc/native/4.8.1429/arm-gnu-toolchain/bin/../lib/gcc/arm-none-eabi/4.8.3/armv7-m/crtn.o
                0x0008577c                . = ALIGN (0x4)
                0x0008577c                __preinit_array_start = .
 *(.preinit_array)
                0x0008577c                __preinit_array_end = .
                0x0008577c                . = ALIGN (0x4)
                0x0008577c                __init_array_start = .
 *(SORT(.init_array.*))
 .init_array.00000
                0x0008577c        0x4 c:/program files (x86)/atmel/atmel toolchain/arm gcc/native/4.8.1429/arm-gnu-toolchain/bin/../lib/gcc/arm-none-eabi/4.8.3/../../../../arm-none-eabi/lib/armv7-m\libc.a(lib_a-__call_atexit.o)
 *(.init_array)
 .init_array    0x00085780        0x4 c:/program files (x86)/atmel/atmel toolchain/arm gcc/native/4.8.1429/arm-gnu-toolchain/bin/../lib/gcc/arm-none-eabi/4.8.3/armv7-m/crtbegin.o
                0x00085784                __init_array_end = .
                0x00085784                . = ALIGN (0x4)
 *crtbegin.o(.ctors)
 *(EXCLUDE_FILE(*crtend.o) .ctors)
 *(SORT(.ctors.*))
 *crtend.o(.ctors)
                0x00085784                . = ALIGN (0x4)
 *(.fini)
 .fini          0x00085784        0x4 c:/program files (x86)/atmel/atmel toolchain/arm gcc/native/4.8.1429/arm-gnu-toolchain/bin/../lib/gcc/arm-none-eabi/4.8.3/armv7-m/crti.o
                0x00085784                _fini
 .fini          0x00085788        0x8 c:/program files (x86)/atmel/atmel toolchain/arm gcc/native/4.8.1429/arm-gnu-toolchain/bin/../lib/gcc/arm-none-eabi/4.8.3/armv7-m/crtn.o
                0x00085790                . = ALIGN (0x4)
                0x00085790                __fini_array_start = .
 *(.fini_array)
 .fini_array    0x00085790        0x4 c:/program files (x86)/atmel/atmel toolchain/arm gcc/native/4.8.1429/arm-gnu-toolchain/bin/../lib/gcc/arm-none-eabi/4.8.3/armv7-m/crtbegin.o
 *(SORT(.fini_array.*))
                0x00085794                __fini_array_end = .
 *crtbegin.o(.dtors)
 *(EXCLUDE_FILE(*crtend.o) .dtors)
 *(SORT(.dtors.*))
 *crtend.o(.dtors)
                0x00085794                . = ALIGN (0x4)
                0x00085794                _efixed = .
                0x00085794                PROVIDE (__exidx_start, .)

.vfp11_veneer   0x00085794        0x0
 .vfp11_veneer  0x00000000        0x0 linker stubs

.v4_bx          0x00085794        0x0
 .v4_bx         0x00000000        0x0 linker stubs

.iplt           0x00085794        0x0
 .iplt          0x00000000        0x0 c:/program files (x86)/atmel/atmel toolchain/arm gcc/native/4.8.1429/arm-gnu-toolchain/bin/../lib/gcc/arm-none-eabi/4.8.3/armv7-m/crtbegin.o

.ARM.exidx      0x00085794        0x8
 *(.ARM.exidx* .gnu.linkonce.armexidx.*)
 .ARM.exidx     0x00085794        0x8 c:/program files (x86)/atmel/atmel toolchain/arm gcc/native/4.8.1429/arm-gnu-toolchain/bin/../lib/gcc/arm-none-eabi/4.8.3/armv7-m\libgcc.a(_divdi3.o)
 .ARM.exidx     0x0008579c        0x0 c:/program files (x86)/atmel/atmel toolchain/arm gcc/native/4.8.1429/arm-gnu-toolchain/bin/../lib/gcc/arm-none-eabi/4.8.3/armv7-m\libgcc.a(_udivdi3.o)
                                  0x8 (size before relaxing)
                0x0008579c                PROVIDE (__exidx_end, .)

.eh_frame       0x0008579c        0x0
 .eh_frame      0x0008579c        0x0 c:/program files (x86)/atmel/atmel toolchain/arm gcc/native/4.8.1429/arm-gnu-toolchain/bin/../lib/gcc/arm-none-eabi/4.8.3/armv7-m/crtbegin.o

.rel.dyn        0x0008579c        0x0
 .rel.iplt      0x00000000        0x0 c:/program files (x86)/atmel/atmel toolchain/arm gcc/native/4.8.1429/arm-gnu-toolchain/bin/../lib/gcc/arm-none-eabi/4.8.3/armv7-m/crtbegin.o

.jcr            0x0008579c        0x0
 .jcr           0x0008579c        0x0 c:/program files (x86)/atmel/atmel toolchain/arm gcc/native/4.8.1429/arm-gnu-toolchain/bin/../lib/gcc/arm-none-eabi/4.8.3/armv7-m/crtbegin.o

.tm_clone_table
                0x0008579c        0x0
 .tm_clone_table
                0x0008579c        0x0 c:/program files (x86)/atmel/atmel toolchain/arm gcc/native/4.8.1429/arm-gnu-toolchain/bin/../lib/gcc/arm-none-eabi/4.8.3/armv7-m/crtbegin.o
 .tm_clone_table
                0x0008579c        0x0 c:/program files (x86)/atmel/atmel toolchain/arm gcc/native/4.8.1429/arm-gnu-toolchain/bin/../lib/gcc/arm-none-eabi/4.8.3/armv7-m/crtend.o

.igot.plt       0x0008579c        0x0
 .igot.plt      0x00000000        0x0 c:/program files (x86)/atmel/atmel toolchain/arm gcc/native/4.8.1429/arm-gnu-toolchain/bin/../lib/gcc/arm-none-eabi/4.8.3/armv7-m/crtbegin.o
                0x0008579c                . = ALIGN (0x4)
                0x0008579c                _etext = .

.relocate       0x20070000      0x9fc load address 0x0008579c
                0x20070000                . = ALIGN (0x4)
                0x20070000                _srelocate = .
 *(.ramfunc .ramfunc.*)
 .ramfunc       0x20070000        0xc src/ASF/common/services/delay/sam/cycle_counter.o
                0x20070000                portable_delay_cycles
 .ramfunc       0x2007000c      0x12c src/ASF/sam/utils/cmsis/sam3x/source/templates/system_sam3x.o
                0x2007000c                SystemInit
                0x200700b0                system_init_flash
 *(.data .data.*)
 .data.SystemCoreClock
                0x20070138        0x4 src/ASF/sam/utils/cmsis/sam3x/source/templates/system_sam3x.o
                0x20070138                SystemCoreClock
 .data.xNextTaskUnblockTime
                0x2007013c        0x4 src/ASF/thirdparty/freertos/freertos-7.3.0/source/tasks.o
 .data          0x20070140      0x430 c:/program files (x86)/atmel/atmel toolchain/arm gcc/native/4.8.1429/arm-gnu-toolchain/bin/../lib/gcc/arm-none-eabi/4.8.3/../../../../arm-none-eabi/lib/armv7-m\libc.a(lib_a-impure.o)
                0x20070140                _impure_ptr
 .data          0x20070570       0x7c c:/program files (x86)/atmel/atmel toolchain/arm gcc/native/4.8.1429/arm-gnu-toolchain/bin/../lib/gcc/arm-none-eabi/4.8.3/../../../../arm-none-eabi/lib/armv7-m\libc.a(lib_a-locale.o)
                0x20070590                __mb_cur_max
 .data          0x200705ec      0x410 c:/program files (x86)/atmel/atmel toolchain/arm gcc/native/4.8.1429/arm-gnu-toolchain/bin/../lib/gcc/arm-none-eabi/4.8.3/../../../../arm-none-eabi/lib/armv7-m\libc.a(lib_a-mallocr.o)
                0x200705ec                __malloc_av_
                0x200709f4                __malloc_sbrk_base
                0x200709f8                __malloc_trim_threshold
                0x200709fc                . = ALIGN (0x4)
                0x200709fc                _erelocate = .

.bss            0x200709fc      0x154 load address 0x00086198
                0x200709fc                . = ALIGN (0x4)
                0x200709fc                _sbss = .
                0x200709fc                _szero = .
 *(.bss .bss.*)
 .bss           0x200709fc       0x1c c:/program files (x86)/atmel/atmel toolchain/arm gcc/native/4.8.1429/arm-gnu-toolchain/bin/../lib/gcc/arm-none-eabi/4.8.3/armv7-m/crtbegin.o
 .bss.gs_interrupt_sources
                0x20070a18       0x70 src/ASF/sam/drivers/pio/pio_handler.o
 .bss.ul_reg_val.7116
                0x20070a88        0x4 src/ASF/sam/drivers/usart/usart.o
 .bss.heap.5089
                0x20070a8c        0x4 src/ASF/sam/utils/syscalls/gcc/syscalls.o
 .bss.uxMissedTicks
                0x20070a90        0x4 src/ASF/thirdparty/freertos/freertos-7.3.0/source/tasks.o
 .bss.pxDelayedTaskList
                0x20070a94        0x4 src/ASF/thirdparty/freertos/freertos-7.3.0/source/tasks.o
 .bss.xNumOfOverflows
                0x20070a98        0x4 src/ASF/thirdparty/freertos/freertos-7.3.0/source/tasks.o
 .bss.pxReadyTasksLists
                0x20070a9c       0x64 src/ASF/thirdparty/freertos/freertos-7.3.0/source/tasks.o
 .bss.uxSchedulerSuspended
                0x20070b00        0x4 src/ASF/thirdparty/freertos/freertos-7.3.0/source/tasks.o
 .bss.pxCurrentTCB
                0x20070b04        0x4 src/ASF/thirdparty/freertos/freertos-7.3.0/source/tasks.o
                0x20070b04                pxCurrentTCB
 .bss.xTickCount
                0x20070b08        0x4 src/ASF/thirdparty/freertos/freertos-7.3.0/source/tasks.o
 .bss.pxOverflowDelayedTaskList
                0x20070b0c        0x4 src/ASF/thirdparty/freertos/freertos-7.3.0/source/tasks.o
 .bss.uxTopReadyPriority
                0x20070b10        0x4 src/ASF/thirdparty/freertos/freertos-7.3.0/source/tasks.o
 .bss.xMissedYield
                0x20070b14        0x4 src/ASF/thirdparty/freertos/freertos-7.3.0/source/tasks.o
 .bss           0x20070b18       0x34 c:/program files (x86)/atmel/atmel toolchain/arm gcc/native/4.8.1429/arm-gnu-toolchain/bin/../lib/gcc/arm-none-eabi/4.8.3/../../../../arm-none-eabi/lib/armv7-m\libc.a(lib_a-mallocr.o)
                0x20070b18                __malloc_top_pad
                0x20070b1c                __malloc_current_mallinfo
                0x20070b44                __malloc_max_sbrked_mem
                0x20070b48                __malloc_max_total_mem
 *(COMMON)
 COMMON         0x20070b4c        0x4 c:/program files (x86)/atmel/atmel toolchain/arm gcc/native/4.8.1429/arm-gnu-toolchain/bin/../lib/gcc/arm-none-eabi/4.8.3/../../../../arm-none-eabi/lib/armv7-m\libc.a(lib_a-reent.o)
                0x20070b4c                errno
                0x20070b50                . = ALIGN (0x4)
                0x20070b50                _ebss = .
                0x20070b50                _ezero = .

.stack          0x20070b50     0x2000 load address 0x000862ec
                0x20070b50                . = ALIGN (0x8)
                0x20070b50                _sstack = .
                0x20072b50                . = (. + __stack_size__)
 *fill*         0x20070b50     0x2000 
                0x20072b50                . = ALIGN (0x8)
                0x20072b50                _estack = .
                0x20072b50                . = ALIGN (0x4)
                0x20072b50                _end = .
OUTPUT(Test1.elf elf32-littlearm)

.ARM.attributes
                0x00000000       0x29
 .ARM.attributes
                0x00000000       0x1d c:/program files (x86)/atmel/atmel toolchain/arm gcc/native/4.8.1429/arm-gnu-toolchain/bin/../lib/gcc/arm-none-eabi/4.8.3/armv7-m/crti.o
 .ARM.attributes
                0x0000001d       0x2d c:/program files (x86)/atmel/atmel toolchain/arm gcc/native/4.8.1429/arm-gnu-toolchain/bin/../lib/gcc/arm-none-eabi/4.8.3/armv7-m/crtbegin.o
 .ARM.attributes
                0x0000004a       0x33 src/ASF/common/services/delay/sam/cycle_counter.o
 .ARM.attributes
                0x0000007d       0x33 src/ASF/common/services/clock/sam3x/sysclk.o
 .ARM.attributes
                0x000000b0       0x33 src/ASF/sam/drivers/pio/pio.o
 .ARM.attributes
                0x000000e3       0x33 src/ASF/sam/drivers/pio/pio_handler.o
 .ARM.attributes
                0x00000116       0x33 src/ASF/sam/drivers/pmc/pmc.o
 .ARM.attributes
                0x00000149       0x33 src/ASF/common/boards/user_board/init.o
 .ARM.attributes
                0x0000017c       0x33 src/ASF/sam/drivers/usart/usart.o
 .ARM.attributes
                0x000001af       0x33 src/ASF/sam/utils/cmsis/sam3x/source/templates/exceptions.o
 .ARM.attributes
                0x000001e2       0x33 src/ASF/sam/utils/cmsis/sam3x/source/templates/gcc/startup_sam3x.o
 .ARM.attributes
                0x00000215       0x33 src/ASF/sam/utils/cmsis/sam3x/source/templates/system_sam3x.o
 .ARM.attributes
                0x00000248       0x33 src/ASF/sam/utils/syscalls/gcc/syscalls.o
 .ARM.attributes
                0x0000027b       0x33 src/ASF/thirdparty/freertos/freertos-7.3.0/source/list.o
 .ARM.attributes
                0x000002ae       0x33 src/ASF/thirdparty/freertos/freertos-7.3.0/source/portable/gcc/sam/port.o
 .ARM.attributes
                0x000002e1       0x33 src/ASF/thirdparty/freertos/freertos-7.3.0/source/tasks.o
 .ARM.attributes
                0x00000314       0x33 src/main.o
 .ARM.attributes
                0x00000347       0x2d c:/program files (x86)/atmel/atmel toolchain/arm gcc/native/4.8.1429/arm-gnu-toolchain/bin/../lib/gcc/arm-none-eabi/4.8.3/../../../../arm-none-eabi/lib/armv7-m\libc.a(lib_a-impure.o)
 .ARM.attributes
                0x00000374       0x2d c:/program files (x86)/atmel/atmel toolchain/arm gcc/native/4.8.1429/arm-gnu-toolchain/bin/../lib/gcc/arm-none-eabi/4.8.3/../../../../arm-none-eabi/lib/armv7-m\libc.a(lib_a-init.o)
 .ARM.attributes
                0x000003a1       0x2d c:/program files (x86)/atmel/atmel toolchain/arm gcc/native/4.8.1429/arm-gnu-toolchain/bin/../lib/gcc/arm-none-eabi/4.8.3/../../../../arm-none-eabi/lib/armv7-m\libc.a(lib_a-memcpy-stub.o)
 .ARM.attributes
                0x000003ce       0x2d c:/program files (x86)/atmel/atmel toolchain/arm gcc/native/4.8.1429/arm-gnu-toolchain/bin/../lib/gcc/arm-none-eabi/4.8.3/../../../../arm-none-eabi/lib/armv7-m\libc.a(lib_a-memset.o)
 .ARM.attributes
                0x000003fb       0x2d c:/program files (x86)/atmel/atmel toolchain/arm gcc/native/4.8.1429/arm-gnu-toolchain/bin/../lib/gcc/arm-none-eabi/4.8.3/../../../../arm-none-eabi/lib/armv7-m\libc.a(lib_a-sprintf.o)
 .ARM.attributes
                0x00000428       0x2d c:/program files (x86)/atmel/atmel toolchain/arm gcc/native/4.8.1429/arm-gnu-toolchain/bin/../lib/gcc/arm-none-eabi/4.8.3/../../../../arm-none-eabi/lib/armv7-m\libc.a(lib_a-strlen.o)
 .ARM.attributes
                0x00000455       0x2d c:/program files (x86)/atmel/atmel toolchain/arm gcc/native/4.8.1429/arm-gnu-toolchain/bin/../lib/gcc/arm-none-eabi/4.8.3/../../../../arm-none-eabi/lib/armv7-m\libc.a(lib_a-svfprintf.o)
 .ARM.attributes
                0x00000482       0x2d c:/program files (x86)/atmel/atmel toolchain/arm gcc/native/4.8.1429/arm-gnu-toolchain/bin/../lib/gcc/arm-none-eabi/4.8.3/../../../../arm-none-eabi/lib/armv7-m\libc.a(lib_a-__call_atexit.o)
 .ARM.attributes
                0x000004af       0x2d c:/program files (x86)/atmel/atmel toolchain/arm gcc/native/4.8.1429/arm-gnu-toolchain/bin/../lib/gcc/arm-none-eabi/4.8.3/../../../../arm-none-eabi/lib/armv7-m\libc.a(lib_a-atexit.o)
 .ARM.attributes
                0x000004dc       0x2d c:/program files (x86)/atmel/atmel toolchain/arm gcc/native/4.8.1429/arm-gnu-toolchain/bin/../lib/gcc/arm-none-eabi/4.8.3/../../../../arm-none-eabi/lib/armv7-m\libc.a(lib_a-dtoa.o)
 .ARM.attributes
                0x00000509       0x2d c:/program files (x86)/atmel/atmel toolchain/arm gcc/native/4.8.1429/arm-gnu-toolchain/bin/../lib/gcc/arm-none-eabi/4.8.3/../../../../arm-none-eabi/lib/armv7-m\libc.a(lib_a-fini.o)
 .ARM.attributes
                0x00000536       0x2d c:/program files (x86)/atmel/atmel toolchain/arm gcc/native/4.8.1429/arm-gnu-toolchain/bin/../lib/gcc/arm-none-eabi/4.8.3/../../../../arm-none-eabi/lib/armv7-m\libc.a(lib_a-freer.o)
 .ARM.attributes
                0x00000563       0x2d c:/program files (x86)/atmel/atmel toolchain/arm gcc/native/4.8.1429/arm-gnu-toolchain/bin/../lib/gcc/arm-none-eabi/4.8.3/../../../../arm-none-eabi/lib/armv7-m\libc.a(lib_a-locale.o)
 .ARM.attributes
                0x00000590       0x2d c:/program files (x86)/atmel/atmel toolchain/arm gcc/native/4.8.1429/arm-gnu-toolchain/bin/../lib/gcc/arm-none-eabi/4.8.3/../../../../arm-none-eabi/lib/armv7-m\libc.a(lib_a-mallocr.o)
 .ARM.attributes
                0x000005bd       0x2d c:/program files (x86)/atmel/atmel toolchain/arm gcc/native/4.8.1429/arm-gnu-toolchain/bin/../lib/gcc/arm-none-eabi/4.8.3/../../../../arm-none-eabi/lib/armv7-m\libc.a(lib_a-memchr-stub.o)
 .ARM.attributes
                0x000005ea       0x2d c:/program files (x86)/atmel/atmel toolchain/arm gcc/native/4.8.1429/arm-gnu-toolchain/bin/../lib/gcc/arm-none-eabi/4.8.3/../../../../arm-none-eabi/lib/armv7-m\libc.a(lib_a-memmove.o)
 .ARM.attributes
                0x00000617       0x2d c:/program files (x86)/atmel/atmel toolchain/arm gcc/native/4.8.1429/arm-gnu-toolchain/bin/../lib/gcc/arm-none-eabi/4.8.3/../../../../arm-none-eabi/lib/armv7-m\libc.a(lib_a-mlock.o)
 .ARM.attributes
                0x00000644       0x2d c:/program files (x86)/atmel/atmel toolchain/arm gcc/native/4.8.1429/arm-gnu-toolchain/bin/../lib/gcc/arm-none-eabi/4.8.3/../../../../arm-none-eabi/lib/armv7-m\libc.a(lib_a-mprec.o)
 .ARM.attributes
                0x00000671       0x2d c:/program files (x86)/atmel/atmel toolchain/arm gcc/native/4.8.1429/arm-gnu-toolchain/bin/../lib/gcc/arm-none-eabi/4.8.3/../../../../arm-none-eabi/lib/armv7-m\libc.a(lib_a-reallocr.o)
 .ARM.attributes
                0x0000069e       0x2d c:/program files (x86)/atmel/atmel toolchain/arm gcc/native/4.8.1429/arm-gnu-toolchain/bin/../lib/gcc/arm-none-eabi/4.8.3/../../../../arm-none-eabi/lib/armv7-m\libc.a(lib_a-s_fpclassify.o)
 .ARM.attributes
                0x000006cb       0x2d c:/program files (x86)/atmel/atmel toolchain/arm gcc/native/4.8.1429/arm-gnu-toolchain/bin/../lib/gcc/arm-none-eabi/4.8.3/../../../../arm-none-eabi/lib/armv7-m\libc.a(lib_a-sbrkr.o)
 .ARM.attributes
                0x000006f8       0x1b c:/program files (x86)/atmel/atmel toolchain/arm gcc/native/4.8.1429/arm-gnu-toolchain/bin/../lib/gcc/arm-none-eabi/4.8.3/../../../../arm-none-eabi/lib/armv7-m\libc.a(lib_a-strcmp.o)
 .ARM.attributes
                0x00000713       0x2d c:/program files (x86)/atmel/atmel toolchain/arm gcc/native/4.8.1429/arm-gnu-toolchain/bin/../lib/gcc/arm-none-eabi/4.8.3/../../../../arm-none-eabi/lib/armv7-m\libc.a(lib_a-svfiprintf.o)
 .ARM.attributes
                0x00000740       0x2d c:/program files (x86)/atmel/atmel toolchain/arm gcc/native/4.8.1429/arm-gnu-toolchain/bin/../lib/gcc/arm-none-eabi/4.8.3/../../../../arm-none-eabi/lib/armv7-m\libc.a(lib_a-__atexit.o)
 .ARM.attributes
                0x0000076d       0x2d c:/program files (x86)/atmel/atmel toolchain/arm gcc/native/4.8.1429/arm-gnu-toolchain/bin/../lib/gcc/arm-none-eabi/4.8.3/../../../../arm-none-eabi/lib/armv7-m\libc.a(lib_a-callocr.o)
 .ARM.attributes
                0x0000079a       0x2d c:/program files (x86)/atmel/atmel toolchain/arm gcc/native/4.8.1429/arm-gnu-toolchain/bin/../lib/gcc/arm-none-eabi/4.8.3/../../../../arm-none-eabi/lib/armv7-m\libc.a(lib_a-reent.o)
 .ARM.attributes
                0x000007c7       0x1d c:/program files (x86)/atmel/atmel toolchain/arm gcc/native/4.8.1429/arm-gnu-toolchain/bin/../lib/gcc/arm-none-eabi/4.8.3/armv7-m\libgcc.a(_arm_addsubdf3.o)
 .ARM.attributes
                0x000007e4       0x1d c:/program files (x86)/atmel/atmel toolchain/arm gcc/native/4.8.1429/arm-gnu-toolchain/bin/../lib/gcc/arm-none-eabi/4.8.3/armv7-m\libgcc.a(_arm_muldivdf3.o)
 .ARM.attributes
                0x00000801       0x1d c:/program files (x86)/atmel/atmel toolchain/arm gcc/native/4.8.1429/arm-gnu-toolchain/bin/../lib/gcc/arm-none-eabi/4.8.3/armv7-m\libgcc.a(_arm_cmpdf2.o)
 .ARM.attributes
                0x0000081e       0x1d c:/program files (x86)/atmel/atmel toolchain/arm gcc/native/4.8.1429/arm-gnu-toolchain/bin/../lib/gcc/arm-none-eabi/4.8.3/armv7-m\libgcc.a(_arm_fixdfsi.o)
 .ARM.attributes
                0x0000083b       0x1d c:/program files (x86)/atmel/atmel toolchain/arm gcc/native/4.8.1429/arm-gnu-toolchain/bin/../lib/gcc/arm-none-eabi/4.8.3/armv7-m\libgcc.a(_aeabi_uldivmod.o)
 .ARM.attributes
                0x00000858       0x2d c:/program files (x86)/atmel/atmel toolchain/arm gcc/native/4.8.1429/arm-gnu-toolchain/bin/../lib/gcc/arm-none-eabi/4.8.3/armv7-m\libgcc.a(bpabi.o)
 .ARM.attributes
                0x00000885       0x1d c:/program files (x86)/atmel/atmel toolchain/arm gcc/native/4.8.1429/arm-gnu-toolchain/bin/../lib/gcc/arm-none-eabi/4.8.3/armv7-m\libgcc.a(_dvmd_tls.o)
 .ARM.attributes
                0x000008a2       0x2d c:/program files (x86)/atmel/atmel toolchain/arm gcc/native/4.8.1429/arm-gnu-toolchain/bin/../lib/gcc/arm-none-eabi/4.8.3/armv7-m\libgcc.a(_divdi3.o)
 .ARM.attributes
                0x000008cf       0x2d c:/program files (x86)/atmel/atmel toolchain/arm gcc/native/4.8.1429/arm-gnu-toolchain/bin/../lib/gcc/arm-none-eabi/4.8.3/armv7-m\libgcc.a(_udivdi3.o)
 .ARM.attributes
                0x000008fc       0x2d c:/program files (x86)/atmel/atmel toolchain/arm gcc/native/4.8.1429/arm-gnu-toolchain/bin/../lib/gcc/arm-none-eabi/4.8.3/armv7-m/crtend.o
 .ARM.attributes
                0x00000929       0x1d c:/program files (x86)/atmel/atmel toolchain/arm gcc/native/4.8.1429/arm-gnu-toolchain/bin/../lib/gcc/arm-none-eabi/4.8.3/armv7-m/crtn.o

.comment        0x00000000       0x71
 .comment       0x00000000       0x71 c:/program files (x86)/atmel/atmel toolchain/arm gcc/native/4.8.1429/arm-gnu-toolchain/bin/../lib/gcc/arm-none-eabi/4.8.3/armv7-m/crtbegin.o
                                 0x72 (size before relaxing)
 .comment       0x00000000       0x72 src/ASF/common/services/delay/sam/cycle_counter.o
 .comment       0x00000000       0x72 src/ASF/common/services/clock/sam3x/sysclk.o
 .comment       0x00000000       0x72 src/ASF/sam/drivers/pio/pio.o
 .comment       0x00000000       0x72 src/ASF/sam/drivers/pio/pio_handler.o
 .comment       0x00000000       0x72 src/ASF/sam/drivers/pmc/pmc.o
 .comment       0x00000000       0x72 src/ASF/common/boards/user_board/init.o
 .comment       0x00000000       0x72 src/ASF/sam/drivers/usart/usart.o
 .comment       0x00000000       0x72 src/ASF/sam/utils/cmsis/sam3x/source/templates/exceptions.o
 .comment       0x00000000       0x72 src/ASF/sam/utils/cmsis/sam3x/source/templates/gcc/startup_sam3x.o
 .comment       0x00000000       0x72 src/ASF/sam/utils/cmsis/sam3x/source/templates/system_sam3x.o
 .comment       0x00000000       0x72 src/ASF/sam/utils/syscalls/gcc/syscalls.o
 .comment       0x00000000       0x72 src/ASF/thirdparty/freertos/freertos-7.3.0/source/list.o
 .comment       0x00000000       0x72 src/ASF/thirdparty/freertos/freertos-7.3.0/source/portable/gcc/sam/port.o
 .comment       0x00000000       0x72 src/ASF/thirdparty/freertos/freertos-7.3.0/source/tasks.o
 .comment       0x00000000       0x72 src/main.o
 .comment       0x00000000       0x72 c:/program files (x86)/atmel/atmel toolchain/arm gcc/native/4.8.1429/arm-gnu-toolchain/bin/../lib/gcc/arm-none-eabi/4.8.3/../../../../arm-none-eabi/lib/armv7-m\libc.a(lib_a-impure.o)
 .comment       0x00000000       0x72 c:/program files (x86)/atmel/atmel toolchain/arm gcc/native/4.8.1429/arm-gnu-toolchain/bin/../lib/gcc/arm-none-eabi/4.8.3/../../../../arm-none-eabi/lib/armv7-m\libc.a(lib_a-init.o)
 .comment       0x00000000       0x72 c:/program files (x86)/atmel/atmel toolchain/arm gcc/native/4.8.1429/arm-gnu-toolchain/bin/../lib/gcc/arm-none-eabi/4.8.3/../../../../arm-none-eabi/lib/armv7-m\libc.a(lib_a-memcpy-stub.o)
 .comment       0x00000000       0x72 c:/program files (x86)/atmel/atmel toolchain/arm gcc/native/4.8.1429/arm-gnu-toolchain/bin/../lib/gcc/arm-none-eabi/4.8.3/../../../../arm-none-eabi/lib/armv7-m\libc.a(lib_a-memset.o)
 .comment       0x00000000       0x72 c:/program files (x86)/atmel/atmel toolchain/arm gcc/native/4.8.1429/arm-gnu-toolchain/bin/../lib/gcc/arm-none-eabi/4.8.3/../../../../arm-none-eabi/lib/armv7-m\libc.a(lib_a-sprintf.o)
 .comment       0x00000000       0x72 c:/program files (x86)/atmel/atmel toolchain/arm gcc/native/4.8.1429/arm-gnu-toolchain/bin/../lib/gcc/arm-none-eabi/4.8.3/../../../../arm-none-eabi/lib/armv7-m\libc.a(lib_a-strlen.o)
 .comment       0x00000000       0x72 c:/program files (x86)/atmel/atmel toolchain/arm gcc/native/4.8.1429/arm-gnu-toolchain/bin/../lib/gcc/arm-none-eabi/4.8.3/../../../../arm-none-eabi/lib/armv7-m\libc.a(lib_a-svfprintf.o)
 .comment       0x00000000       0x72 c:/program files (x86)/atmel/atmel toolchain/arm gcc/native/4.8.1429/arm-gnu-toolchain/bin/../lib/gcc/arm-none-eabi/4.8.3/../../../../arm-none-eabi/lib/armv7-m\libc.a(lib_a-__call_atexit.o)
 .comment       0x00000000       0x72 c:/program files (x86)/atmel/atmel toolchain/arm gcc/native/4.8.1429/arm-gnu-toolchain/bin/../lib/gcc/arm-none-eabi/4.8.3/../../../../arm-none-eabi/lib/armv7-m\libc.a(lib_a-atexit.o)
 .comment       0x00000000       0x72 c:/program files (x86)/atmel/atmel toolchain/arm gcc/native/4.8.1429/arm-gnu-toolchain/bin/../lib/gcc/arm-none-eabi/4.8.3/../../../../arm-none-eabi/lib/armv7-m\libc.a(lib_a-dtoa.o)
 .comment       0x00000000       0x72 c:/program files (x86)/atmel/atmel toolchain/arm gcc/native/4.8.1429/arm-gnu-toolchain/bin/../lib/gcc/arm-none-eabi/4.8.3/../../../../arm-none-eabi/lib/armv7-m\libc.a(lib_a-fini.o)
 .comment       0x00000000       0x72 c:/program files (x86)/atmel/atmel toolchain/arm gcc/native/4.8.1429/arm-gnu-toolchain/bin/../lib/gcc/arm-none-eabi/4.8.3/../../../../arm-none-eabi/lib/armv7-m\libc.a(lib_a-freer.o)
 .comment       0x00000000       0x72 c:/program files (x86)/atmel/atmel toolchain/arm gcc/native/4.8.1429/arm-gnu-toolchain/bin/../lib/gcc/arm-none-eabi/4.8.3/../../../../arm-none-eabi/lib/armv7-m\libc.a(lib_a-locale.o)
 .comment       0x00000000       0x72 c:/program files (x86)/atmel/atmel toolchain/arm gcc/native/4.8.1429/arm-gnu-toolchain/bin/../lib/gcc/arm-none-eabi/4.8.3/../../../../arm-none-eabi/lib/armv7-m\libc.a(lib_a-mallocr.o)
 .comment       0x00000000       0x72 c:/program files (x86)/atmel/atmel toolchain/arm gcc/native/4.8.1429/arm-gnu-toolchain/bin/../lib/gcc/arm-none-eabi/4.8.3/../../../../arm-none-eabi/lib/armv7-m\libc.a(lib_a-memchr-stub.o)
 .comment       0x00000000       0x72 c:/program files (x86)/atmel/atmel toolchain/arm gcc/native/4.8.1429/arm-gnu-toolchain/bin/../lib/gcc/arm-none-eabi/4.8.3/../../../../arm-none-eabi/lib/armv7-m\libc.a(lib_a-memmove.o)
 .comment       0x00000000       0x72 c:/program files (x86)/atmel/atmel toolchain/arm gcc/native/4.8.1429/arm-gnu-toolchain/bin/../lib/gcc/arm-none-eabi/4.8.3/../../../../arm-none-eabi/lib/armv7-m\libc.a(lib_a-mlock.o)
 .comment       0x00000000       0x72 c:/program files (x86)/atmel/atmel toolchain/arm gcc/native/4.8.1429/arm-gnu-toolchain/bin/../lib/gcc/arm-none-eabi/4.8.3/../../../../arm-none-eabi/lib/armv7-m\libc.a(lib_a-mprec.o)
 .comment       0x00000000       0x72 c:/program files (x86)/atmel/atmel toolchain/arm gcc/native/4.8.1429/arm-gnu-toolchain/bin/../lib/gcc/arm-none-eabi/4.8.3/../../../../arm-none-eabi/lib/armv7-m\libc.a(lib_a-reallocr.o)
 .comment       0x00000000       0x72 c:/program files (x86)/atmel/atmel toolchain/arm gcc/native/4.8.1429/arm-gnu-toolchain/bin/../lib/gcc/arm-none-eabi/4.8.3/../../../../arm-none-eabi/lib/armv7-m\libc.a(lib_a-s_fpclassify.o)
 .comment       0x00000000       0x72 c:/program files (x86)/atmel/atmel toolchain/arm gcc/native/4.8.1429/arm-gnu-toolchain/bin/../lib/gcc/arm-none-eabi/4.8.3/../../../../arm-none-eabi/lib/armv7-m\libc.a(lib_a-sbrkr.o)
 .comment       0x00000000       0x72 c:/program files (x86)/atmel/atmel toolchain/arm gcc/native/4.8.1429/arm-gnu-toolchain/bin/../lib/gcc/arm-none-eabi/4.8.3/../../../../arm-none-eabi/lib/armv7-m\libc.a(lib_a-svfiprintf.o)
 .comment       0x00000000       0x72 c:/program files (x86)/atmel/atmel toolchain/arm gcc/native/4.8.1429/arm-gnu-toolchain/bin/../lib/gcc/arm-none-eabi/4.8.3/../../../../arm-none-eabi/lib/armv7-m\libc.a(lib_a-__atexit.o)
 .comment       0x00000000       0x72 c:/program files (x86)/atmel/atmel toolchain/arm gcc/native/4.8.1429/arm-gnu-toolchain/bin/../lib/gcc/arm-none-eabi/4.8.3/../../../../arm-none-eabi/lib/armv7-m\libc.a(lib_a-callocr.o)
 .comment       0x00000000       0x72 c:/program files (x86)/atmel/atmel toolchain/arm gcc/native/4.8.1429/arm-gnu-toolchain/bin/../lib/gcc/arm-none-eabi/4.8.3/../../../../arm-none-eabi/lib/armv7-m\libc.a(lib_a-reent.o)
 .comment       0x00000000       0x72 c:/program files (x86)/atmel/atmel toolchain/arm gcc/native/4.8.1429/arm-gnu-toolchain/bin/../lib/gcc/arm-none-eabi/4.8.3/armv7-m/crtend.o

.debug_info     0x00000000    0x16fed
 .debug_info    0x00000000      0x11e src/ASF/common/services/delay/sam/cycle_counter.o
 .debug_info    0x0000011e      0x770 src/ASF/common/services/clock/sam3x/sysclk.o
 .debug_info    0x0000088e     0x136d src/ASF/sam/drivers/pio/pio.o
 .debug_info    0x00001bfb      0xd9d src/ASF/sam/drivers/pio/pio_handler.o
 .debug_info    0x00002998     0x105d src/ASF/sam/drivers/pmc/pmc.o
 .debug_info    0x000039f5      0x222 src/ASF/common/boards/user_board/init.o
 .debug_info    0x00003c17     0x1bd9 src/ASF/sam/drivers/usart/usart.o
 .debug_info    0x000057f0      0x10e src/ASF/sam/utils/cmsis/sam3x/source/templates/exceptions.o
 .debug_info    0x000058fe      0x39c src/ASF/sam/utils/cmsis/sam3x/source/templates/gcc/startup_sam3x.o
 .debug_info    0x00005c9a      0x4b0 src/ASF/sam/utils/cmsis/sam3x/source/templates/system_sam3x.o
 .debug_info    0x0000614a      0x43f src/ASF/sam/utils/syscalls/gcc/syscalls.o
 .debug_info    0x00006589      0x2b7 src/ASF/thirdparty/freertos/freertos-7.3.0/source/list.o
 .debug_info    0x00006840      0x321 src/ASF/thirdparty/freertos/freertos-7.3.0/source/portable/gcc/sam/port.o
 .debug_info    0x00006b61      0xe01 src/ASF/thirdparty/freertos/freertos-7.3.0/source/tasks.o
 .debug_info    0x00007962     0x1142 src/main.o
 .debug_info    0x00008aa4      0x96c c:/program files (x86)/atmel/atmel toolchain/arm gcc/native/4.8.1429/arm-gnu-toolchain/bin/../lib/gcc/arm-none-eabi/4.8.3/../../../../arm-none-eabi/lib/armv7-m\libc.a(lib_a-impure.o)
 .debug_info    0x00009410      0x112 c:/program files (x86)/atmel/atmel toolchain/arm gcc/native/4.8.1429/arm-gnu-toolchain/bin/../lib/gcc/arm-none-eabi/4.8.3/../../../../arm-none-eabi/lib/armv7-m\libc.a(lib_a-init.o)
 .debug_info    0x00009522      0x103 c:/program files (x86)/atmel/atmel toolchain/arm gcc/native/4.8.1429/arm-gnu-toolchain/bin/../lib/gcc/arm-none-eabi/4.8.3/../../../../arm-none-eabi/lib/armv7-m\libc.a(lib_a-memcpy-stub.o)
 .debug_info    0x00009625       0xd3 c:/program files (x86)/atmel/atmel toolchain/arm gcc/native/4.8.1429/arm-gnu-toolchain/bin/../lib/gcc/arm-none-eabi/4.8.3/../../../../arm-none-eabi/lib/armv7-m\libc.a(lib_a-memset.o)
 .debug_info    0x000096f8      0xada c:/program files (x86)/atmel/atmel toolchain/arm gcc/native/4.8.1429/arm-gnu-toolchain/bin/../lib/gcc/arm-none-eabi/4.8.3/../../../../arm-none-eabi/lib/armv7-m\libc.a(lib_a-sprintf.o)
 .debug_info    0x0000a1d2       0xcd c:/program files (x86)/atmel/atmel toolchain/arm gcc/native/4.8.1429/arm-gnu-toolchain/bin/../lib/gcc/arm-none-eabi/4.8.3/../../../../arm-none-eabi/lib/armv7-m\libc.a(lib_a-strlen.o)
 .debug_info    0x0000a29f     0x1753 c:/program files (x86)/atmel/atmel toolchain/arm gcc/native/4.8.1429/arm-gnu-toolchain/bin/../lib/gcc/arm-none-eabi/4.8.3/../../../../arm-none-eabi/lib/armv7-m\libc.a(lib_a-svfprintf.o)
 .debug_info    0x0000b9f2      0xa9d c:/program files (x86)/atmel/atmel toolchain/arm gcc/native/4.8.1429/arm-gnu-toolchain/bin/../lib/gcc/arm-none-eabi/4.8.3/../../../../arm-none-eabi/lib/armv7-m\libc.a(lib_a-__call_atexit.o)
 .debug_info    0x0000c48f      0x10f c:/program files (x86)/atmel/atmel toolchain/arm gcc/native/4.8.1429/arm-gnu-toolchain/bin/../lib/gcc/arm-none-eabi/4.8.3/../../../../arm-none-eabi/lib/armv7-m\libc.a(lib_a-atexit.o)
 .debug_info    0x0000c59e     0x13c0 c:/program files (x86)/atmel/atmel toolchain/arm gcc/native/4.8.1429/arm-gnu-toolchain/bin/../lib/gcc/arm-none-eabi/4.8.3/../../../../arm-none-eabi/lib/armv7-m\libc.a(lib_a-dtoa.o)
 .debug_info    0x0000d95e       0xf9 c:/program files (x86)/atmel/atmel toolchain/arm gcc/native/4.8.1429/arm-gnu-toolchain/bin/../lib/gcc/arm-none-eabi/4.8.3/../../../../arm-none-eabi/lib/armv7-m\libc.a(lib_a-fini.o)
 .debug_info    0x0000da57      0xd1b c:/program files (x86)/atmel/atmel toolchain/arm gcc/native/4.8.1429/arm-gnu-toolchain/bin/../lib/gcc/arm-none-eabi/4.8.3/../../../../arm-none-eabi/lib/armv7-m\libc.a(lib_a-freer.o)
 .debug_info    0x0000e772      0xd1a c:/program files (x86)/atmel/atmel toolchain/arm gcc/native/4.8.1429/arm-gnu-toolchain/bin/../lib/gcc/arm-none-eabi/4.8.3/../../../../arm-none-eabi/lib/armv7-m\libc.a(lib_a-locale.o)
 .debug_info    0x0000f48c      0xe30 c:/program files (x86)/atmel/atmel toolchain/arm gcc/native/4.8.1429/arm-gnu-toolchain/bin/../lib/gcc/arm-none-eabi/4.8.3/../../../../arm-none-eabi/lib/armv7-m\libc.a(lib_a-mallocr.o)
 .debug_info    0x000102bc       0xf9 c:/program files (x86)/atmel/atmel toolchain/arm gcc/native/4.8.1429/arm-gnu-toolchain/bin/../lib/gcc/arm-none-eabi/4.8.3/../../../../arm-none-eabi/lib/armv7-m\libc.a(lib_a-memchr-stub.o)
 .debug_info    0x000103b5      0x103 c:/program files (x86)/atmel/atmel toolchain/arm gcc/native/4.8.1429/arm-gnu-toolchain/bin/../lib/gcc/arm-none-eabi/4.8.3/../../../../arm-none-eabi/lib/armv7-m\libc.a(lib_a-memmove.o)
 .debug_info    0x000104b8      0x990 c:/program files (x86)/atmel/atmel toolchain/arm gcc/native/4.8.1429/arm-gnu-toolchain/bin/../lib/gcc/arm-none-eabi/4.8.3/../../../../arm-none-eabi/lib/armv7-m\libc.a(lib_a-mlock.o)
 .debug_info    0x00010e48     0x174e c:/program files (x86)/atmel/atmel toolchain/arm gcc/native/4.8.1429/arm-gnu-toolchain/bin/../lib/gcc/arm-none-eabi/4.8.3/../../../../arm-none-eabi/lib/armv7-m\libc.a(lib_a-mprec.o)
 .debug_info    0x00012596      0xdbb c:/program files (x86)/atmel/atmel toolchain/arm gcc/native/4.8.1429/arm-gnu-toolchain/bin/../lib/gcc/arm-none-eabi/4.8.3/../../../../arm-none-eabi/lib/armv7-m\libc.a(lib_a-reallocr.o)
 .debug_info    0x00013351       0xdc c:/program files (x86)/atmel/atmel toolchain/arm gcc/native/4.8.1429/arm-gnu-toolchain/bin/../lib/gcc/arm-none-eabi/4.8.3/../../../../arm-none-eabi/lib/armv7-m\libc.a(lib_a-s_fpclassify.o)
 .debug_info    0x0001342d      0x9d7 c:/program files (x86)/atmel/atmel toolchain/arm gcc/native/4.8.1429/arm-gnu-toolchain/bin/../lib/gcc/arm-none-eabi/4.8.3/../../../../arm-none-eabi/lib/armv7-m\libc.a(lib_a-sbrkr.o)
 .debug_info    0x00013e04      0x11a c:/program files (x86)/atmel/atmel toolchain/arm gcc/native/4.8.1429/arm-gnu-toolchain/bin/../lib/gcc/arm-none-eabi/4.8.3/../../../../arm-none-eabi/lib/armv7-m\libc.a(lib_a-strcmp.o)
 .debug_info    0x00013f1e     0x1107 c:/program files (x86)/atmel/atmel toolchain/arm gcc/native/4.8.1429/arm-gnu-toolchain/bin/../lib/gcc/arm-none-eabi/4.8.3/../../../../arm-none-eabi/lib/armv7-m\libc.a(lib_a-svfiprintf.o)
 .debug_info    0x00015025      0xa14 c:/program files (x86)/atmel/atmel toolchain/arm gcc/native/4.8.1429/arm-gnu-toolchain/bin/../lib/gcc/arm-none-eabi/4.8.3/../../../../arm-none-eabi/lib/armv7-m\libc.a(lib_a-__atexit.o)
 .debug_info    0x00015a39      0xad5 c:/program files (x86)/atmel/atmel toolchain/arm gcc/native/4.8.1429/arm-gnu-toolchain/bin/../lib/gcc/arm-none-eabi/4.8.3/../../../../arm-none-eabi/lib/armv7-m\libc.a(lib_a-callocr.o)
 .debug_info    0x0001650e      0xadf c:/program files (x86)/atmel/atmel toolchain/arm gcc/native/4.8.1429/arm-gnu-toolchain/bin/../lib/gcc/arm-none-eabi/4.8.3/../../../../arm-none-eabi/lib/armv7-m\libc.a(lib_a-reent.o)

.debug_abbrev   0x00000000     0x4531
 .debug_abbrev  0x00000000       0x9d src/ASF/common/services/delay/sam/cycle_counter.o
 .debug_abbrev  0x0000009d      0x227 src/ASF/common/services/clock/sam3x/sysclk.o
 .debug_abbrev  0x000002c4      0x2d5 src/ASF/sam/drivers/pio/pio.o
 .debug_abbrev  0x00000599      0x257 src/ASF/sam/drivers/pio/pio_handler.o
 .debug_abbrev  0x000007f0      0x268 src/ASF/sam/drivers/pmc/pmc.o
 .debug_abbrev  0x00000a58       0xfc src/ASF/common/boards/user_board/init.o
 .debug_abbrev  0x00000b54      0x2dc src/ASF/sam/drivers/usart/usart.o
 .debug_abbrev  0x00000e30       0x8c src/ASF/sam/utils/cmsis/sam3x/source/templates/exceptions.o
 .debug_abbrev  0x00000ebc      0x118 src/ASF/sam/utils/cmsis/sam3x/source/templates/gcc/startup_sam3x.o
 .debug_abbrev  0x00000fd4      0x115 src/ASF/sam/utils/cmsis/sam3x/source/templates/system_sam3x.o
 .debug_abbrev  0x000010e9      0x14e src/ASF/sam/utils/syscalls/gcc/syscalls.o
 .debug_abbrev  0x00001237       0xfb src/ASF/thirdparty/freertos/freertos-7.3.0/source/list.o
 .debug_abbrev  0x00001332      0x1ec src/ASF/thirdparty/freertos/freertos-7.3.0/source/portable/gcc/sam/port.o
 .debug_abbrev  0x0000151e      0x2a3 src/ASF/thirdparty/freertos/freertos-7.3.0/source/tasks.o
 .debug_abbrev  0x000017c1      0x2e8 src/main.o
 .debug_abbrev  0x00001aa9      0x160 c:/program files (x86)/atmel/atmel toolchain/arm gcc/native/4.8.1429/arm-gnu-toolchain/bin/../lib/gcc/arm-none-eabi/4.8.3/../../../../arm-none-eabi/lib/armv7-m\libc.a(lib_a-impure.o)
 .debug_abbrev  0x00001c09       0xb8 c:/program files (x86)/atmel/atmel toolchain/arm gcc/native/4.8.1429/arm-gnu-toolchain/bin/../lib/gcc/arm-none-eabi/4.8.3/../../../../arm-none-eabi/lib/armv7-m\libc.a(lib_a-init.o)
 .debug_abbrev  0x00001cc1       0xa2 c:/program files (x86)/atmel/atmel toolchain/arm gcc/native/4.8.1429/arm-gnu-toolchain/bin/../lib/gcc/arm-none-eabi/4.8.3/../../../../arm-none-eabi/lib/armv7-m\libc.a(lib_a-memcpy-stub.o)
 .debug_abbrev  0x00001d63       0x8c c:/program files (x86)/atmel/atmel toolchain/arm gcc/native/4.8.1429/arm-gnu-toolchain/bin/../lib/gcc/arm-none-eabi/4.8.3/../../../../arm-none-eabi/lib/armv7-m\libc.a(lib_a-memset.o)
 .debug_abbrev  0x00001def      0x1fa c:/program files (x86)/atmel/atmel toolchain/arm gcc/native/4.8.1429/arm-gnu-toolchain/bin/../lib/gcc/arm-none-eabi/4.8.3/../../../../arm-none-eabi/lib/armv7-m\libc.a(lib_a-sprintf.o)
 .debug_abbrev  0x00001fe9       0x8a c:/program files (x86)/atmel/atmel toolchain/arm gcc/native/4.8.1429/arm-gnu-toolchain/bin/../lib/gcc/arm-none-eabi/4.8.3/../../../../arm-none-eabi/lib/armv7-m\libc.a(lib_a-strlen.o)
 .debug_abbrev  0x00002073      0x353 c:/program files (x86)/atmel/atmel toolchain/arm gcc/native/4.8.1429/arm-gnu-toolchain/bin/../lib/gcc/arm-none-eabi/4.8.3/../../../../arm-none-eabi/lib/armv7-m\libc.a(lib_a-svfprintf.o)
 .debug_abbrev  0x000023c6      0x269 c:/program files (x86)/atmel/atmel toolchain/arm gcc/native/4.8.1429/arm-gnu-toolchain/bin/../lib/gcc/arm-none-eabi/4.8.3/../../../../arm-none-eabi/lib/armv7-m\libc.a(lib_a-__call_atexit.o)
 .debug_abbrev  0x0000262f       0xb6 c:/program files (x86)/atmel/atmel toolchain/arm gcc/native/4.8.1429/arm-gnu-toolchain/bin/../lib/gcc/arm-none-eabi/4.8.3/../../../../arm-none-eabi/lib/armv7-m\libc.a(lib_a-atexit.o)
 .debug_abbrev  0x000026e5      0x2b1 c:/program files (x86)/atmel/atmel toolchain/arm gcc/native/4.8.1429/arm-gnu-toolchain/bin/../lib/gcc/arm-none-eabi/4.8.3/../../../../arm-none-eabi/lib/armv7-m\libc.a(lib_a-dtoa.o)
 .debug_abbrev  0x00002996       0xbb c:/program files (x86)/atmel/atmel toolchain/arm gcc/native/4.8.1429/arm-gnu-toolchain/bin/../lib/gcc/arm-none-eabi/4.8.3/../../../../arm-none-eabi/lib/armv7-m\libc.a(lib_a-fini.o)
 .debug_abbrev  0x00002a51      0x248 c:/program files (x86)/atmel/atmel toolchain/arm gcc/native/4.8.1429/arm-gnu-toolchain/bin/../lib/gcc/arm-none-eabi/4.8.3/../../../../arm-none-eabi/lib/armv7-m\libc.a(lib_a-freer.o)
 .debug_abbrev  0x00002c99      0x2a1 c:/program files (x86)/atmel/atmel toolchain/arm gcc/native/4.8.1429/arm-gnu-toolchain/bin/../lib/gcc/arm-none-eabi/4.8.3/../../../../arm-none-eabi/lib/armv7-m\libc.a(lib_a-locale.o)
 .debug_abbrev  0x00002f3a      0x286 c:/program files (x86)/atmel/atmel toolchain/arm gcc/native/4.8.1429/arm-gnu-toolchain/bin/../lib/gcc/arm-none-eabi/4.8.3/../../../../arm-none-eabi/lib/armv7-m\libc.a(lib_a-mallocr.o)
 .debug_abbrev  0x000031c0       0xa9 c:/program files (x86)/atmel/atmel toolchain/arm gcc/native/4.8.1429/arm-gnu-toolchain/bin/../lib/gcc/arm-none-eabi/4.8.3/../../../../arm-none-eabi/lib/armv7-m\libc.a(lib_a-memchr-stub.o)
 .debug_abbrev  0x00003269       0x9a c:/program files (x86)/atmel/atmel toolchain/arm gcc/native/4.8.1429/arm-gnu-toolchain/bin/../lib/gcc/arm-none-eabi/4.8.3/../../../../arm-none-eabi/lib/armv7-m\libc.a(lib_a-memmove.o)
 .debug_abbrev  0x00003303      0x17a c:/program files (x86)/atmel/atmel toolchain/arm gcc/native/4.8.1429/arm-gnu-toolchain/bin/../lib/gcc/arm-none-eabi/4.8.3/../../../../arm-none-eabi/lib/armv7-m\libc.a(lib_a-mlock.o)
 .debug_abbrev  0x0000347d      0x32e c:/program files (x86)/atmel/atmel toolchain/arm gcc/native/4.8.1429/arm-gnu-toolchain/bin/../lib/gcc/arm-none-eabi/4.8.3/../../../../arm-none-eabi/lib/armv7-m\libc.a(lib_a-mprec.o)
 .debug_abbrev  0x000037ab      0x256 c:/program files (x86)/atmel/atmel toolchain/arm gcc/native/4.8.1429/arm-gnu-toolchain/bin/../lib/gcc/arm-none-eabi/4.8.3/../../../../arm-none-eabi/lib/armv7-m\libc.a(lib_a-reallocr.o)
 .debug_abbrev  0x00003a01       0x6d c:/program files (x86)/atmel/atmel toolchain/arm gcc/native/4.8.1429/arm-gnu-toolchain/bin/../lib/gcc/arm-none-eabi/4.8.3/../../../../arm-none-eabi/lib/armv7-m\libc.a(lib_a-s_fpclassify.o)
 .debug_abbrev  0x00003a6e      0x1dd c:/program files (x86)/atmel/atmel toolchain/arm gcc/native/4.8.1429/arm-gnu-toolchain/bin/../lib/gcc/arm-none-eabi/4.8.3/../../../../arm-none-eabi/lib/armv7-m\libc.a(lib_a-sbrkr.o)
 .debug_abbrev  0x00003c4b       0x14 c:/program files (x86)/atmel/atmel toolchain/arm gcc/native/4.8.1429/arm-gnu-toolchain/bin/../lib/gcc/arm-none-eabi/4.8.3/../../../../arm-none-eabi/lib/armv7-m\libc.a(lib_a-strcmp.o)
 .debug_abbrev  0x00003c5f      0x2a7 c:/program files (x86)/atmel/atmel toolchain/arm gcc/native/4.8.1429/arm-gnu-toolchain/bin/../lib/gcc/arm-none-eabi/4.8.3/../../../../arm-none-eabi/lib/armv7-m\libc.a(lib_a-svfiprintf.o)
 .debug_abbrev  0x00003f06      0x1ef c:/program files (x86)/atmel/atmel toolchain/arm gcc/native/4.8.1429/arm-gnu-toolchain/bin/../lib/gcc/arm-none-eabi/4.8.3/../../../../arm-none-eabi/lib/armv7-m\libc.a(lib_a-__atexit.o)
 .debug_abbrev  0x000040f5      0x1f7 c:/program files (x86)/atmel/atmel toolchain/arm gcc/native/4.8.1429/arm-gnu-toolchain/bin/../lib/gcc/arm-none-eabi/4.8.3/../../../../arm-none-eabi/lib/armv7-m\libc.a(lib_a-callocr.o)
 .debug_abbrev  0x000042ec      0x245 c:/program files (x86)/atmel/atmel toolchain/arm gcc/native/4.8.1429/arm-gnu-toolchain/bin/../lib/gcc/arm-none-eabi/4.8.3/../../../../arm-none-eabi/lib/armv7-m\libc.a(lib_a-reent.o)

.debug_aranges  0x00000000      0xc70
 .debug_aranges
                0x00000000       0x20 src/ASF/common/services/delay/sam/cycle_counter.o
 .debug_aranges
                0x00000020       0x40 src/ASF/common/services/clock/sam3x/sysclk.o
 .debug_aranges
                0x00000060      0x148 src/ASF/sam/drivers/pio/pio.o
 .debug_aranges
                0x000001a8       0x48 src/ASF/sam/drivers/pio/pio_handler.o
 .debug_aranges
                0x000001f0      0x200 src/ASF/sam/drivers/pmc/pmc.o
 .debug_aranges
                0x000003f0       0x20 src/ASF/common/boards/user_board/init.o
 .debug_aranges
                0x00000410      0x2a8 src/ASF/sam/drivers/usart/usart.o
 .debug_aranges
                0x000006b8       0x20 src/ASF/sam/utils/cmsis/sam3x/source/templates/exceptions.o
 .debug_aranges
                0x000006d8       0x20 src/ASF/sam/utils/cmsis/sam3x/source/templates/gcc/startup_sam3x.o
 .debug_aranges
                0x000006f8       0x30 src/ASF/sam/utils/cmsis/sam3x/source/templates/system_sam3x.o
 .debug_aranges
                0x00000728       0x60 src/ASF/sam/utils/syscalls/gcc/syscalls.o
 .debug_aranges
                0x00000788       0x40 src/ASF/thirdparty/freertos/freertos-7.3.0/source/list.o
 .debug_aranges
                0x000007c8       0x80 src/ASF/thirdparty/freertos/freertos-7.3.0/source/portable/gcc/sam/port.o
 .debug_aranges
                0x00000848       0xc0 src/ASF/thirdparty/freertos/freertos-7.3.0/source/tasks.o
 .debug_aranges
                0x00000908       0x28 src/main.o
 .debug_aranges
                0x00000930       0x18 c:/program files (x86)/atmel/atmel toolchain/arm gcc/native/4.8.1429/arm-gnu-toolchain/bin/../lib/gcc/arm-none-eabi/4.8.3/../../../../arm-none-eabi/lib/armv7-m\libc.a(lib_a-impure.o)
 .debug_aranges
                0x00000948       0x20 c:/program files (x86)/atmel/atmel toolchain/arm gcc/native/4.8.1429/arm-gnu-toolchain/bin/../lib/gcc/arm-none-eabi/4.8.3/../../../../arm-none-eabi/lib/armv7-m\libc.a(lib_a-init.o)
 .debug_aranges
                0x00000968       0x20 c:/program files (x86)/atmel/atmel toolchain/arm gcc/native/4.8.1429/arm-gnu-toolchain/bin/../lib/gcc/arm-none-eabi/4.8.3/../../../../arm-none-eabi/lib/armv7-m\libc.a(lib_a-memcpy-stub.o)
 .debug_aranges
                0x00000988       0x20 c:/program files (x86)/atmel/atmel toolchain/arm gcc/native/4.8.1429/arm-gnu-toolchain/bin/../lib/gcc/arm-none-eabi/4.8.3/../../../../arm-none-eabi/lib/armv7-m\libc.a(lib_a-memset.o)
 .debug_aranges
                0x000009a8       0x20 c:/program files (x86)/atmel/atmel toolchain/arm gcc/native/4.8.1429/arm-gnu-toolchain/bin/../lib/gcc/arm-none-eabi/4.8.3/../../../../arm-none-eabi/lib/armv7-m\libc.a(lib_a-sprintf.o)
 .debug_aranges
                0x000009c8       0x20 c:/program files (x86)/atmel/atmel toolchain/arm gcc/native/4.8.1429/arm-gnu-toolchain/bin/../lib/gcc/arm-none-eabi/4.8.3/../../../../arm-none-eabi/lib/armv7-m\libc.a(lib_a-strlen.o)
 .debug_aranges
                0x000009e8       0x20 c:/program files (x86)/atmel/atmel toolchain/arm gcc/native/4.8.1429/arm-gnu-toolchain/bin/../lib/gcc/arm-none-eabi/4.8.3/../../../../arm-none-eabi/lib/armv7-m\libc.a(lib_a-svfprintf.o)
 .debug_aranges
                0x00000a08       0x28 c:/program files (x86)/atmel/atmel toolchain/arm gcc/native/4.8.1429/arm-gnu-toolchain/bin/../lib/gcc/arm-none-eabi/4.8.3/../../../../arm-none-eabi/lib/armv7-m\libc.a(lib_a-__call_atexit.o)
 .debug_aranges
                0x00000a30       0x20 c:/program files (x86)/atmel/atmel toolchain/arm gcc/native/4.8.1429/arm-gnu-toolchain/bin/../lib/gcc/arm-none-eabi/4.8.3/../../../../arm-none-eabi/lib/armv7-m\libc.a(lib_a-atexit.o)
 .debug_aranges
                0x00000a50       0x20 c:/program files (x86)/atmel/atmel toolchain/arm gcc/native/4.8.1429/arm-gnu-toolchain/bin/../lib/gcc/arm-none-eabi/4.8.3/../../../../arm-none-eabi/lib/armv7-m\libc.a(lib_a-dtoa.o)
 .debug_aranges
                0x00000a70       0x20 c:/program files (x86)/atmel/atmel toolchain/arm gcc/native/4.8.1429/arm-gnu-toolchain/bin/../lib/gcc/arm-none-eabi/4.8.3/../../../../arm-none-eabi/lib/armv7-m\libc.a(lib_a-fini.o)
 .debug_aranges
                0x00000a90       0x20 c:/program files (x86)/atmel/atmel toolchain/arm gcc/native/4.8.1429/arm-gnu-toolchain/bin/../lib/gcc/arm-none-eabi/4.8.3/../../../../arm-none-eabi/lib/armv7-m\libc.a(lib_a-freer.o)
 .debug_aranges
                0x00000ab0       0x20 c:/program files (x86)/atmel/atmel toolchain/arm gcc/native/4.8.1429/arm-gnu-toolchain/bin/../lib/gcc/arm-none-eabi/4.8.3/../../../../arm-none-eabi/lib/armv7-m\libc.a(lib_a-locale.o)
 .debug_aranges
                0x00000ad0       0x20 c:/program files (x86)/atmel/atmel toolchain/arm gcc/native/4.8.1429/arm-gnu-toolchain/bin/../lib/gcc/arm-none-eabi/4.8.3/../../../../arm-none-eabi/lib/armv7-m\libc.a(lib_a-mallocr.o)
 .debug_aranges
                0x00000af0       0x20 c:/program files (x86)/atmel/atmel toolchain/arm gcc/native/4.8.1429/arm-gnu-toolchain/bin/../lib/gcc/arm-none-eabi/4.8.3/../../../../arm-none-eabi/lib/armv7-m\libc.a(lib_a-memchr-stub.o)
 .debug_aranges
                0x00000b10       0x20 c:/program files (x86)/atmel/atmel toolchain/arm gcc/native/4.8.1429/arm-gnu-toolchain/bin/../lib/gcc/arm-none-eabi/4.8.3/../../../../arm-none-eabi/lib/armv7-m\libc.a(lib_a-memmove.o)
 .debug_aranges
                0x00000b30       0x20 c:/program files (x86)/atmel/atmel toolchain/arm gcc/native/4.8.1429/arm-gnu-toolchain/bin/../lib/gcc/arm-none-eabi/4.8.3/../../../../arm-none-eabi/lib/armv7-m\libc.a(lib_a-mlock.o)
 .debug_aranges
                0x00000b50       0x20 c:/program files (x86)/atmel/atmel toolchain/arm gcc/native/4.8.1429/arm-gnu-toolchain/bin/../lib/gcc/arm-none-eabi/4.8.3/../../../../arm-none-eabi/lib/armv7-m\libc.a(lib_a-mprec.o)
 .debug_aranges
                0x00000b70       0x20 c:/program files (x86)/atmel/atmel toolchain/arm gcc/native/4.8.1429/arm-gnu-toolchain/bin/../lib/gcc/arm-none-eabi/4.8.3/../../../../arm-none-eabi/lib/armv7-m\libc.a(lib_a-reallocr.o)
 .debug_aranges
                0x00000b90       0x20 c:/program files (x86)/atmel/atmel toolchain/arm gcc/native/4.8.1429/arm-gnu-toolchain/bin/../lib/gcc/arm-none-eabi/4.8.3/../../../../arm-none-eabi/lib/armv7-m\libc.a(lib_a-s_fpclassify.o)
 .debug_aranges
                0x00000bb0       0x20 c:/program files (x86)/atmel/atmel toolchain/arm gcc/native/4.8.1429/arm-gnu-toolchain/bin/../lib/gcc/arm-none-eabi/4.8.3/../../../../arm-none-eabi/lib/armv7-m\libc.a(lib_a-sbrkr.o)
 .debug_aranges
                0x00000bd0       0x20 c:/program files (x86)/atmel/atmel toolchain/arm gcc/native/4.8.1429/arm-gnu-toolchain/bin/../lib/gcc/arm-none-eabi/4.8.3/../../../../arm-none-eabi/lib/armv7-m\libc.a(lib_a-strcmp.o)
 .debug_aranges
                0x00000bf0       0x20 c:/program files (x86)/atmel/atmel toolchain/arm gcc/native/4.8.1429/arm-gnu-toolchain/bin/../lib/gcc/arm-none-eabi/4.8.3/../../../../arm-none-eabi/lib/armv7-m\libc.a(lib_a-svfiprintf.o)
 .debug_aranges
                0x00000c10       0x20 c:/program files (x86)/atmel/atmel toolchain/arm gcc/native/4.8.1429/arm-gnu-toolchain/bin/../lib/gcc/arm-none-eabi/4.8.3/../../../../arm-none-eabi/lib/armv7-m\libc.a(lib_a-__atexit.o)
 .debug_aranges
                0x00000c30       0x20 c:/program files (x86)/atmel/atmel toolchain/arm gcc/native/4.8.1429/arm-gnu-toolchain/bin/../lib/gcc/arm-none-eabi/4.8.3/../../../../arm-none-eabi/lib/armv7-m\libc.a(lib_a-callocr.o)
 .debug_aranges
                0x00000c50       0x20 c:/program files (x86)/atmel/atmel toolchain/arm gcc/native/4.8.1429/arm-gnu-toolchain/bin/../lib/gcc/arm-none-eabi/4.8.3/../../../../arm-none-eabi/lib/armv7-m\libc.a(lib_a-reent.o)

.debug_ranges   0x00000000      0x960
 .debug_ranges  0x00000000       0x10 src/ASF/common/services/delay/sam/cycle_counter.o
 .debug_ranges  0x00000010       0x30 src/ASF/common/services/clock/sam3x/sysclk.o
 .debug_ranges  0x00000040      0x138 src/ASF/sam/drivers/pio/pio.o
 .debug_ranges  0x00000178       0x38 src/ASF/sam/drivers/pio/pio_handler.o
 .debug_ranges  0x000001b0      0x1f0 src/ASF/sam/drivers/pmc/pmc.o
 .debug_ranges  0x000003a0       0x10 src/ASF/common/boards/user_board/init.o
 .debug_ranges  0x000003b0      0x298 src/ASF/sam/drivers/usart/usart.o
 .debug_ranges  0x00000648       0x10 src/ASF/sam/utils/cmsis/sam3x/source/templates/exceptions.o
 .debug_ranges  0x00000658       0x10 src/ASF/sam/utils/cmsis/sam3x/source/templates/gcc/startup_sam3x.o
 .debug_ranges  0x00000668       0x20 src/ASF/sam/utils/cmsis/sam3x/source/templates/system_sam3x.o
 .debug_ranges  0x00000688       0x50 src/ASF/sam/utils/syscalls/gcc/syscalls.o
 .debug_ranges  0x000006d8       0x30 src/ASF/thirdparty/freertos/freertos-7.3.0/source/list.o
 .debug_ranges  0x00000708       0x70 src/ASF/thirdparty/freertos/freertos-7.3.0/source/portable/gcc/sam/port.o
 .debug_ranges  0x00000778       0xe0 src/ASF/thirdparty/freertos/freertos-7.3.0/source/tasks.o
 .debug_ranges  0x00000858       0x30 src/main.o
 .debug_ranges  0x00000888       0x58 c:/program files (x86)/atmel/atmel toolchain/arm gcc/native/4.8.1429/arm-gnu-toolchain/bin/../lib/gcc/arm-none-eabi/4.8.3/../../../../arm-none-eabi/lib/armv7-m\libc.a(lib_a-svfprintf.o)
 .debug_ranges  0x000008e0       0x18 c:/program files (x86)/atmel/atmel toolchain/arm gcc/native/4.8.1429/arm-gnu-toolchain/bin/../lib/gcc/arm-none-eabi/4.8.3/../../../../arm-none-eabi/lib/armv7-m\libc.a(lib_a-__call_atexit.o)
 .debug_ranges  0x000008f8       0x18 c:/program files (x86)/atmel/atmel toolchain/arm gcc/native/4.8.1429/arm-gnu-toolchain/bin/../lib/gcc/arm-none-eabi/4.8.3/../../../../arm-none-eabi/lib/armv7-m\libc.a(lib_a-reallocr.o)
 .debug_ranges  0x00000910       0x38 c:/program files (x86)/atmel/atmel toolchain/arm gcc/native/4.8.1429/arm-gnu-toolchain/bin/../lib/gcc/arm-none-eabi/4.8.3/../../../../arm-none-eabi/lib/armv7-m\libc.a(lib_a-svfiprintf.o)
 .debug_ranges  0x00000948       0x18 c:/program files (x86)/atmel/atmel toolchain/arm gcc/native/4.8.1429/arm-gnu-toolchain/bin/../lib/gcc/arm-none-eabi/4.8.3/../../../../arm-none-eabi/lib/armv7-m\libc.a(lib_a-reent.o)

.debug_macro    0x00000000    0x14b03
 .debug_macro   0x00000000      0x474 src/ASF/common/services/delay/sam/cycle_counter.o
 .debug_macro   0x00000474      0x874 src/ASF/common/services/delay/sam/cycle_counter.o
 .debug_macro   0x00000ce8      0x166 src/ASF/common/services/delay/sam/cycle_counter.o
 .debug_macro   0x00000e4e      0x4b5 src/ASF/common/services/delay/sam/cycle_counter.o
 .debug_macro   0x00001303       0x76 src/ASF/common/services/delay/sam/cycle_counter.o
 .debug_macro   0x00001379       0x16 src/ASF/common/services/delay/sam/cycle_counter.o
 .debug_macro   0x0000138f      0x6e1 src/ASF/common/services/delay/sam/cycle_counter.o
 .debug_macro   0x00001a70       0x52 src/ASF/common/services/delay/sam/cycle_counter.o
 .debug_macro   0x00001ac2       0x16 src/ASF/common/services/delay/sam/cycle_counter.o
 .debug_macro   0x00001ad8       0x35 src/ASF/common/services/delay/sam/cycle_counter.o
 .debug_macro   0x00001b0d       0xa3 src/ASF/common/services/delay/sam/cycle_counter.o
 .debug_macro   0x00001bb0      0x20e src/ASF/common/services/delay/sam/cycle_counter.o
 .debug_macro   0x00001dbe       0x20 src/ASF/common/services/delay/sam/cycle_counter.o
 .debug_macro   0x00001dde       0x3a src/ASF/common/services/delay/sam/cycle_counter.o
 .debug_macro   0x00001e18       0x18 src/ASF/common/services/delay/sam/cycle_counter.o
 .debug_macro   0x00001e30      0xb08 src/ASF/common/services/delay/sam/cycle_counter.o
 .debug_macro   0x00002938      0xab3 src/ASF/common/services/delay/sam/cycle_counter.o
 .debug_macro   0x000033eb      0x566 src/ASF/common/services/delay/sam/cycle_counter.o
 .debug_macro   0x00003951      0x2b2 src/ASF/common/services/delay/sam/cycle_counter.o
 .debug_macro   0x00003c03      0x317 src/ASF/common/services/delay/sam/cycle_counter.o
 .debug_macro   0x00003f1a      0x74c src/ASF/common/services/delay/sam/cycle_counter.o
 .debug_macro   0x00004666       0x82 src/ASF/common/services/delay/sam/cycle_counter.o
 .debug_macro   0x000046e8      0x578 src/ASF/common/services/delay/sam/cycle_counter.o
 .debug_macro   0x00004c60       0x1c src/ASF/common/services/delay/sam/cycle_counter.o
 .debug_macro   0x00004c7c      0x6b5 src/ASF/common/services/delay/sam/cycle_counter.o
 .debug_macro   0x00005331      0x52a src/ASF/common/services/delay/sam/cycle_counter.o
 .debug_macro   0x0000585b       0xbe src/ASF/common/services/delay/sam/cycle_counter.o
 .debug_macro   0x00005919     0x233f src/ASF/common/services/delay/sam/cycle_counter.o
 .debug_macro   0x00007c58      0x85a src/ASF/common/services/delay/sam/cycle_counter.o
 .debug_macro   0x000084b2      0xdc6 src/ASF/common/services/delay/sam/cycle_counter.o
 .debug_macro   0x00009278       0x7c src/ASF/common/services/delay/sam/cycle_counter.o
 .debug_macro   0x000092f4      0x261 src/ASF/common/services/delay/sam/cycle_counter.o
 .debug_macro   0x00009555       0x58 src/ASF/common/services/delay/sam/cycle_counter.o
 .debug_macro   0x000095ad      0x246 src/ASF/common/services/delay/sam/cycle_counter.o
 .debug_macro   0x000097f3      0x4dc src/ASF/common/services/delay/sam/cycle_counter.o
 .debug_macro   0x00009ccf      0x6b0 src/ASF/common/services/delay/sam/cycle_counter.o
 .debug_macro   0x0000a37f      0x59c src/ASF/common/services/delay/sam/cycle_counter.o
 .debug_macro   0x0000a91b       0x46 src/ASF/common/services/delay/sam/cycle_counter.o
 .debug_macro   0x0000a961      0x34a src/ASF/common/services/delay/sam/cycle_counter.o
 .debug_macro   0x0000acab      0x289 src/ASF/common/services/delay/sam/cycle_counter.o
 .debug_macro   0x0000af34     0x14d7 src/ASF/common/services/delay/sam/cycle_counter.o
 .debug_macro   0x0000c40b      0x7b7 src/ASF/common/services/delay/sam/cycle_counter.o
 .debug_macro   0x0000cbc2       0x76 src/ASF/common/services/delay/sam/cycle_counter.o
 .debug_macro   0x0000cc38       0x82 src/ASF/common/services/delay/sam/cycle_counter.o
 .debug_macro   0x0000ccba       0x76 src/ASF/common/services/delay/sam/cycle_counter.o
 .debug_macro   0x0000cd30       0x4c src/ASF/common/services/delay/sam/cycle_counter.o
 .debug_macro   0x0000cd7c      0x102 src/ASF/common/services/delay/sam/cycle_counter.o
 .debug_macro   0x0000ce7e      0x102 src/ASF/common/services/delay/sam/cycle_counter.o
 .debug_macro   0x0000cf80       0x88 src/ASF/common/services/delay/sam/cycle_counter.o
 .debug_macro   0x0000d008       0x88 src/ASF/common/services/delay/sam/cycle_counter.o
 .debug_macro   0x0000d090      0x3b4 src/ASF/common/services/delay/sam/cycle_counter.o
 .debug_macro   0x0000d444       0xb8 src/ASF/common/services/delay/sam/cycle_counter.o
 .debug_macro   0x0000d4fc       0xb8 src/ASF/common/services/delay/sam/cycle_counter.o
 .debug_macro   0x0000d5b4       0xb8 src/ASF/common/services/delay/sam/cycle_counter.o
 .debug_macro   0x0000d66c      0x2b8 src/ASF/common/services/delay/sam/cycle_counter.o
 .debug_macro   0x0000d924      0x122 src/ASF/common/services/delay/sam/cycle_counter.o
 .debug_macro   0x0000da46      0x222 src/ASF/common/services/delay/sam/cycle_counter.o
 .debug_macro   0x0000dc68      0x222 src/ASF/common/services/delay/sam/cycle_counter.o
 .debug_macro   0x0000de8a       0x2e src/ASF/common/services/delay/sam/cycle_counter.o
 .debug_macro   0x0000deb8       0xac src/ASF/common/services/delay/sam/cycle_counter.o
 .debug_macro   0x0000df64      0x14a src/ASF/common/services/delay/sam/cycle_counter.o
 .debug_macro   0x0000e0ae       0x7c src/ASF/common/services/delay/sam/cycle_counter.o
 .debug_macro   0x0000e12a       0x64 src/ASF/common/services/delay/sam/cycle_counter.o
 .debug_macro   0x0000e18e       0xa6 src/ASF/common/services/delay/sam/cycle_counter.o
 .debug_macro   0x0000e234       0x7c src/ASF/common/services/delay/sam/cycle_counter.o
 .debug_macro   0x0000e2b0       0x16 src/ASF/common/services/delay/sam/cycle_counter.o
 .debug_macro   0x0000e2c6       0x22 src/ASF/common/services/delay/sam/cycle_counter.o
 .debug_macro   0x0000e2e8       0x22 src/ASF/common/services/delay/sam/cycle_counter.o
 .debug_macro   0x0000e30a      0x112 src/ASF/common/services/delay/sam/cycle_counter.o
 .debug_macro   0x0000e41c      0x112 src/ASF/common/services/delay/sam/cycle_counter.o
 .debug_macro   0x0000e52e       0x1c src/ASF/common/services/delay/sam/cycle_counter.o
 .debug_macro   0x0000e54a       0x2e src/ASF/common/services/delay/sam/cycle_counter.o
 .debug_macro   0x0000e578       0x22 src/ASF/common/services/delay/sam/cycle_counter.o
 .debug_macro   0x0000e59a       0x1c src/ASF/common/services/delay/sam/cycle_counter.o
 .debug_macro   0x0000e5b6       0x58 src/ASF/common/services/delay/sam/cycle_counter.o
 .debug_macro   0x0000e60e       0x10 src/ASF/common/services/delay/sam/cycle_counter.o
 .debug_macro   0x0000e61e      0x218 src/ASF/common/services/delay/sam/cycle_counter.o
 .debug_macro   0x0000e836      0x809 src/ASF/common/services/delay/sam/cycle_counter.o
 .debug_macro   0x0000f03f      0x12a src/ASF/common/services/delay/sam/cycle_counter.o
 .debug_macro   0x0000f169       0x16 src/ASF/common/services/delay/sam/cycle_counter.o
 .debug_macro   0x0000f17f       0x35 src/ASF/common/services/delay/sam/cycle_counter.o
 .debug_macro   0x0000f1b4       0x10 src/ASF/common/services/delay/sam/cycle_counter.o
 .debug_macro   0x0000f1c4       0x3a src/ASF/common/services/delay/sam/cycle_counter.o
 .debug_macro   0x0000f1fe       0x52 src/ASF/common/services/delay/sam/cycle_counter.o
 .debug_macro   0x0000f250       0x16 src/ASF/common/services/delay/sam/cycle_counter.o
 .debug_macro   0x0000f266       0x43 src/ASF/common/services/delay/sam/cycle_counter.o
 .debug_macro   0x0000f2a9      0x180 src/ASF/common/services/delay/sam/cycle_counter.o
 .debug_macro   0x0000f429       0x10 src/ASF/common/services/delay/sam/cycle_counter.o
 .debug_macro   0x0000f439       0x22 src/ASF/common/services/delay/sam/cycle_counter.o
 .debug_macro   0x0000f45b       0xbd src/ASF/common/services/delay/sam/cycle_counter.o
 .debug_macro   0x0000f518       0x16 src/ASF/common/services/delay/sam/cycle_counter.o
 .debug_macro   0x0000f52e      0x16c src/ASF/common/services/delay/sam/cycle_counter.o
 .debug_macro   0x0000f69a       0x22 src/ASF/common/services/delay/sam/cycle_counter.o
 .debug_macro   0x0000f6bc       0x16 src/ASF/common/services/delay/sam/cycle_counter.o
 .debug_macro   0x0000f6d2       0x16 src/ASF/common/services/delay/sam/cycle_counter.o
 .debug_macro   0x0000f6e8       0x29 src/ASF/common/services/delay/sam/cycle_counter.o
 .debug_macro   0x0000f711       0x6d src/ASF/common/services/delay/sam/cycle_counter.o
 .debug_macro   0x0000f77e       0x45 src/ASF/common/services/delay/sam/cycle_counter.o
 .debug_macro   0x0000f7c3      0x3c3 src/ASF/common/services/delay/sam/cycle_counter.o
 .debug_macro   0x0000fb86       0x22 src/ASF/common/services/delay/sam/cycle_counter.o
 .debug_macro   0x0000fba8      0x4df src/ASF/common/services/clock/sam3x/sysclk.o
 .debug_macro   0x00010087       0x34 src/ASF/common/services/clock/sam3x/sysclk.o
 .debug_macro   0x000100bb      0x231 src/ASF/common/services/clock/sam3x/sysclk.o
 .debug_macro   0x000102ec       0x4c src/ASF/common/services/clock/sam3x/sysclk.o
 .debug_macro   0x00010338       0x5e src/ASF/common/services/clock/sam3x/sysclk.o
 .debug_macro   0x00010396       0x82 src/ASF/common/services/clock/sam3x/sysclk.o
 .debug_macro   0x00010418       0x5f src/ASF/common/services/clock/sam3x/sysclk.o
 .debug_macro   0x00010477       0x90 src/ASF/common/services/clock/sam3x/sysclk.o
 .debug_macro   0x00010507      0x480 src/ASF/sam/drivers/pio/pio.o
 .debug_macro   0x00010987       0x8e src/ASF/sam/drivers/pio/pio.o
 .debug_macro   0x00010a15      0x484 src/ASF/sam/drivers/pio/pio_handler.o
 .debug_macro   0x00010e99      0x47a src/ASF/sam/drivers/pmc/pmc.o
 .debug_macro   0x00011313       0x58 src/ASF/sam/drivers/pmc/pmc.o
 .debug_macro   0x0001136b      0x62b src/ASF/common/boards/user_board/init.o
 .debug_macro   0x00011996       0x28 src/ASF/common/boards/user_board/init.o
 .debug_macro   0x000119be       0x22 src/ASF/common/boards/user_board/init.o
 .debug_macro   0x000119e0       0x46 src/ASF/common/boards/user_board/init.o
 .debug_macro   0x00011a26      0x100 src/ASF/common/boards/user_board/init.o
 .debug_macro   0x00011b26       0x99 src/ASF/common/boards/user_board/init.o
 .debug_macro   0x00011bbf       0x12 src/ASF/common/boards/user_board/init.o
 .debug_macro   0x00011bd1       0x1f src/ASF/common/boards/user_board/init.o
 .debug_macro   0x00011bf0      0x1d9 src/ASF/common/boards/user_board/init.o
 .debug_macro   0x00011dc9       0x10 src/ASF/common/boards/user_board/init.o
 .debug_macro   0x00011dd9       0x16 src/ASF/common/boards/user_board/init.o
 .debug_macro   0x00011def       0x5e src/ASF/common/boards/user_board/init.o
 .debug_macro   0x00011e4d       0x43 src/ASF/common/boards/user_board/init.o
 .debug_macro   0x00011e90       0x96 src/ASF/common/boards/user_board/init.o
 .debug_macro   0x00011f26       0x77 src/ASF/common/boards/user_board/init.o
 .debug_macro   0x00011f9d       0x5d src/ASF/common/boards/user_board/init.o
 .debug_macro   0x00011ffa       0x5b src/ASF/common/boards/user_board/init.o
 .debug_macro   0x00012055       0x94 src/ASF/common/boards/user_board/init.o
 .debug_macro   0x000120e9       0x40 src/ASF/common/boards/user_board/init.o
 .debug_macro   0x00012129       0x70 src/ASF/common/boards/user_board/init.o
 .debug_macro   0x00012199       0x2e src/ASF/common/boards/user_board/init.o
 .debug_macro   0x000121c7      0x4b0 src/ASF/sam/drivers/usart/usart.o
 .debug_macro   0x00012677       0x28 src/ASF/sam/drivers/usart/usart.o
 .debug_macro   0x0001269f      0x479 src/ASF/sam/utils/cmsis/sam3x/source/templates/exceptions.o
 .debug_macro   0x00012b18      0x487 src/ASF/sam/utils/cmsis/sam3x/source/templates/gcc/startup_sam3x.o
 .debug_macro   0x00012f9f      0x487 src/ASF/sam/utils/cmsis/sam3x/source/templates/system_sam3x.o
 .debug_macro   0x00013426       0x26 src/ASF/sam/utils/cmsis/sam3x/source/templates/system_sam3x.o
 .debug_macro   0x0001344c      0x129 src/ASF/sam/utils/syscalls/gcc/syscalls.o
 .debug_macro   0x00013575       0x97 src/ASF/sam/utils/syscalls/gcc/syscalls.o
 .debug_macro   0x0001360c       0xef src/ASF/sam/utils/syscalls/gcc/syscalls.o
 .debug_macro   0x000136fb       0x52 src/ASF/sam/utils/syscalls/gcc/syscalls.o
 .debug_macro   0x0001374d       0x16 src/ASF/sam/utils/syscalls/gcc/syscalls.o
 .debug_macro   0x00013763       0x10 src/ASF/sam/utils/syscalls/gcc/syscalls.o
 .debug_macro   0x00013773       0x40 src/ASF/sam/utils/syscalls/gcc/syscalls.o
 .debug_macro   0x000137b3      0x120 src/ASF/sam/utils/syscalls/gcc/syscalls.o
 .debug_macro   0x000138d3      0x13f src/ASF/thirdparty/freertos/freertos-7.3.0/source/list.o
 .debug_macro   0x00013a12      0x10e src/ASF/thirdparty/freertos/freertos-7.3.0/source/list.o
 .debug_macro   0x00013b20       0x7f src/ASF/thirdparty/freertos/freertos-7.3.0/source/list.o
 .debug_macro   0x00013b9f       0xfa src/ASF/thirdparty/freertos/freertos-7.3.0/source/list.o
 .debug_macro   0x00013c99      0x5a5 src/ASF/thirdparty/freertos/freertos-7.3.0/source/portable/gcc/sam/port.o
 .debug_macro   0x0001423e      0x24f src/ASF/thirdparty/freertos/freertos-7.3.0/source/tasks.o
 .debug_macro   0x0001448d      0x676 src/main.o

.debug_line     0x00000000     0xed0e
 .debug_line    0x00000000      0xa6e src/ASF/common/services/delay/sam/cycle_counter.o
 .debug_line    0x00000a6e      0xbd3 src/ASF/common/services/clock/sam3x/sysclk.o
 .debug_line    0x00001641      0xdd0 src/ASF/sam/drivers/pio/pio.o
 .debug_line    0x00002411      0xaf9 src/ASF/sam/drivers/pio/pio_handler.o
 .debug_line    0x00002f0a      0xfdb src/ASF/sam/drivers/pmc/pmc.o
 .debug_line    0x00003ee5      0xe6c src/ASF/common/boards/user_board/init.o
 .debug_line    0x00004d51     0x1136 src/ASF/sam/drivers/usart/usart.o
 .debug_line    0x00005e87      0xa43 src/ASF/sam/utils/cmsis/sam3x/source/templates/exceptions.o
 .debug_line    0x000068ca      0xa93 src/ASF/sam/utils/cmsis/sam3x/source/templates/gcc/startup_sam3x.o
 .debug_line    0x0000735d      0xab0 src/ASF/sam/utils/cmsis/sam3x/source/templates/system_sam3x.o
 .debug_line    0x00007e0d      0x39b src/ASF/sam/utils/syscalls/gcc/syscalls.o
 .debug_line    0x000081a8      0x467 src/ASF/thirdparty/freertos/freertos-7.3.0/source/list.o
 .debug_line    0x0000860f      0xd58 src/ASF/thirdparty/freertos/freertos-7.3.0/source/portable/gcc/sam/port.o
 .debug_line    0x00009367      0x768 src/ASF/thirdparty/freertos/freertos-7.3.0/source/tasks.o
 .debug_line    0x00009acf      0xf5b src/main.o
 .debug_line    0x0000aa2a      0x183 c:/program files (x86)/atmel/atmel toolchain/arm gcc/native/4.8.1429/arm-gnu-toolchain/bin/../lib/gcc/arm-none-eabi/4.8.3/../../../../arm-none-eabi/lib/armv7-m\libc.a(lib_a-impure.o)